#
# There is insufficient memory for the Java Runtime Environment to continue.
# Native memory allocation (malloc) failed to allocate 2155664 bytes. Error detail: Chunk::new
# Possible reasons:
#   The system is out of physical RAM or swap space
#   This process is running with CompressedOops enabled, and the Java Heap may be blocking the growth of the native heap
# Possible solutions:
#   Reduce memory load on the system
#   Increase physical memory or swap space
#   Check if swap backing store is full
#   Decrease Java heap size (-Xmx/-Xms)
#   Decrease number of Java threads
#   Decrease Java thread stack sizes (-Xss)
#   Set larger code cache with -XX:ReservedCodeCacheSize=
#   JVM is running with Unscaled Compressed Oops mode in which the Java heap is
#     placed in the first 4GB address space. The Java Heap base address is the
#     maximum limit for the native heap growth. Please use -XX:HeapBaseMinAddress
#     to set the Java Heap base and to place the Java Heap above 4GB virtual address.
# This output file may be truncated or incomplete.
#
#  Out of Memory Error (arena.cpp:168), pid=15020, tid=6200
#
# JRE version: OpenJDK Runtime Environment Temurin-21.0.12.1+1 (21.0.12.1+1) (build 21.0.12.1+1-LTS)
# Java VM: OpenJDK 64-Bit Server VM Temurin-21.0.12.1+1 (21.0.12.1+1-LTS, mixed mode, sharing, tiered, compressed oops, compressed class ptrs, g1 gc, windows-amd64)
# No core dump will be written. Minidumps are not enabled by default on client versions of Windows
#

---------------  S U M M A R Y ------------

Command Line: --add-opens=java.base/java.lang=ALL-UNNAMED --add-opens=java.base/java.lang.invoke=ALL-UNNAMED --add-opens=java.base/java.util=ALL-UNNAMED --add-opens=java.prefs/java.util.prefs=ALL-UNNAMED --add-exports=jdk.compiler/com.sun.tools.javac.api=ALL-UNNAMED --add-exports=jdk.compiler/com.sun.tools.javac.util=ALL-UNNAMED --add-opens=java.base/java.nio.charset=ALL-UNNAMED --add-opens=java.base/java.net=ALL-UNNAMED --add-opens=java.base/java.util.concurrent=ALL-UNNAMED --add-opens=java.base/java.util.concurrent.atomic=ALL-UNNAMED --add-opens=java.xml/javax.xml.namespace=ALL-UNNAMED --add-opens=java.base/java.time=ALL-UNNAMED -XX:MaxMetaspaceSize=384m -XX:+HeapDumpOnOutOfMemoryError -Xms256m -Xmx512m -Dfile.encoding=UTF-8 -Duser.country=KR -Duser.language=ko -Duser.variant -javaagent:C:\Users\ericj\.gradle\wrapper\dists\gradle-9.5.1-bin\iq79hdu3mqx29lgffhp8bfmx\gradle-9.5.1\lib\agents\gradle-instrumentation-agent-9.5.1.jar org.gradle.launcher.daemon.bootstrap.GradleDaemon 9.5.1

Host: Intel(R) Core(TM) i5-8250U CPU @ 1.60GHz, 8 cores, 7G,  Windows 11 , 64 bit Build 22621 (10.0.22621.5415)
Time: Mon Sep  7 09:33:25 2026 elapsed time: 80.426644 seconds (0d 0h 1m 20s)

---------------  T H R E A D  ---------------

Current thread (0x000002211c4d6550):  JavaThread "C2 CompilerThread0" daemon [_thread_in_native, id=6200, stack(0x000000fae5000000,0x000000fae5100000) (1024K)]


Current CompileTask:
C2:80426 6539       4       java.lang.invoke.MethodType::makeImpl (109 bytes)

Stack: [0x000000fae5000000,0x000000fae5100000]
Native frames: (J=compiled Java code, j=interpreted, Vv=VM code, C=native code)
V  [jvm.dll+0x6d83e9]
V  [jvm.dll+0x8b5736]
V  [jvm.dll+0x8b7cee]
V  [jvm.dll+0x8b83d3]
V  [jvm.dll+0x284596]
V  [jvm.dll+0xc685d]
V  [jvm.dll+0xc6da1]
V  [jvm.dll+0x3bf18b]
V  [jvm.dll+0x38b6d2]
V  [jvm.dll+0x38ab1a]
V  [jvm.dll+0x24c700]
V  [jvm.dll+0x24bce0]
V  [jvm.dll+0x1cb4ae]
V  [jvm.dll+0x25baad]
V  [jvm.dll+0x25a03a]
V  [jvm.dll+0x3f8aae]
V  [jvm.dll+0x8600cd]
V  [jvm.dll+0x6d6c1d]
C  [ucrtbase.dll+0x29333]
C  [KERNEL32.DLL+0x1259d]
C  [ntdll.dll+0x5af78]


---------------  P R O C E S S  ---------------

Threads class SMR info:
_java_thread_list=0x00000221390652d0, length=54, elements={
0x0000022106b1b050, 0x000002211c4ba140, 0x000002211c4baeb0, 0x000002211c4bce30,
0x000002211c4bda90, 0x000002211c4be4f0, 0x000002211c4d2090, 0x000002211c4d6550,
0x000002211c4db5b0, 0x000002211c6f2ea0, 0x000002211c729140, 0x0000022137ca0dd0,
0x0000022137c1f3d0, 0x0000022136995580, 0x0000022137cb1110, 0x000002211c880850,
0x000002211c882290, 0x000002211c880ee0, 0x000002211c881570, 0x000002211c882920,
0x000002211c882fb0, 0x000002211c883640, 0x0000022136ac4c10, 0x0000022136ac6650,
0x0000022136ac6ce0, 0x0000022136ac7370, 0x0000022136ac1100, 0x0000022136ac5fc0,
0x0000022136ac7a00, 0x0000022136ac8720, 0x0000022136ac3860, 0x0000022136ac52a0,
0x0000022136ac8090, 0x0000022136ac24b0, 0x0000022136ac5930, 0x0000022136ac3ef0,
0x0000022136ac2b40, 0x0000022136ac4580, 0x000002211c881c00, 0x000002211c883cd0,
0x00000221382ee5f0, 0x00000221382eb170, 0x00000221382e7660, 0x00000221382ea450,
0x00000221382ebe90, 0x00000221382ed240, 0x00000221382e7cf0, 0x00000221382e9730,
0x00000221382ecbb0, 0x00000221382e8380, 0x00000221382ed8d0, 0x00000221382edf60,
0x00000221382eec80, 0x00000221382e8a10
}

Java Threads: ( => current thread )
  0x0000022106b1b050 JavaThread "main"                              [_thread_blocked, id=32236, stack(0x000000fae4200000,0x000000fae4300000) (1024K)]
  0x000002211c4ba140 JavaThread "Reference Handler"          daemon [_thread_blocked, id=25052, stack(0x000000fae4a00000,0x000000fae4b00000) (1024K)]
  0x000002211c4baeb0 JavaThread "Finalizer"                  daemon [_thread_blocked, id=26060, stack(0x000000fae4b00000,0x000000fae4c00000) (1024K)]
  0x000002211c4bce30 JavaThread "Signal Dispatcher"          daemon [_thread_blocked, id=21716, stack(0x000000fae4c00000,0x000000fae4d00000) (1024K)]
  0x000002211c4bda90 JavaThread "Attach Listener"            daemon [_thread_blocked, id=5004, stack(0x000000fae4d00000,0x000000fae4e00000) (1024K)]
  0x000002211c4be4f0 JavaThread "Service Thread"             daemon [_thread_blocked, id=25904, stack(0x000000fae4e00000,0x000000fae4f00000) (1024K)]
  0x000002211c4d2090 JavaThread "Monitor Deflation Thread"   daemon [_thread_blocked, id=35520, stack(0x000000fae4f00000,0x000000fae5000000) (1024K)]
=>0x000002211c4d6550 JavaThread "C2 CompilerThread0"         daemon [_thread_in_native, id=6200, stack(0x000000fae5000000,0x000000fae5100000) (1024K)]
  0x000002211c4db5b0 JavaThread "C1 CompilerThread0"         daemon [_thread_blocked, id=10996, stack(0x000000fae5100000,0x000000fae5200000) (1024K)]
  0x000002211c6f2ea0 JavaThread "Common-Cleaner"             daemon [_thread_blocked, id=13076, stack(0x000000fae5200000,0x000000fae5300000) (1024K)]
  0x000002211c729140 JavaThread "Notification Thread"        daemon [_thread_blocked, id=30052, stack(0x000000fae5300000,0x000000fae5400000) (1024K)]
  0x0000022137ca0dd0 JavaThread "Daemon health stats"               [_thread_blocked, id=33020, stack(0x000000fae5900000,0x000000fae5a00000) (1024K)]
  0x0000022137c1f3d0 JavaThread "Incoming local TCP Connector on port 59186"        [_thread_in_native, id=24820, stack(0x000000fae5a00000,0x000000fae5b00000) (1024K)]
  0x0000022136995580 JavaThread "Daemon periodic checks"            [_thread_blocked, id=33824, stack(0x000000fae5b00000,0x000000fae5c00000) (1024K)]
  0x0000022137cb1110 JavaThread "Daemon"                            [_thread_blocked, id=9412, stack(0x000000fae5c00000,0x000000fae5d00000) (1024K)]
  0x000002211c880850 JavaThread "Daemon worker"                     [_thread_in_native, id=15184, stack(0x000000fae5f00000,0x000000fae6000000) (1024K)]
  0x000002211c882290 JavaThread "Daemon Thread 2"                   [_thread_blocked, id=17652, stack(0x000000fae5e00000,0x000000fae5f00000) (1024K)]
  0x000002211c880ee0 JavaThread "Daemon Thread 3"                   [_thread_blocked, id=8084, stack(0x000000fae6100000,0x000000fae6200000) (1024K)]
  0x000002211c881570 JavaThread "Daemon Thread 4"                   [_thread_blocked, id=20712, stack(0x000000fae6200000,0x000000fae6300000) (1024K)]
  0x000002211c882920 JavaThread "Daemon Thread 5"                   [_thread_blocked, id=22056, stack(0x000000fae6300000,0x000000fae6400000) (1024K)]
  0x000002211c882fb0 JavaThread "Daemon Thread 6"                   [_thread_blocked, id=22460, stack(0x000000fae6400000,0x000000fae6500000) (1024K)]
  0x000002211c883640 JavaThread "Daemon Thread 7"                   [_thread_blocked, id=16880, stack(0x000000fae6500000,0x000000fae6600000) (1024K)]
  0x0000022136ac4c10 JavaThread "Daemon Thread 8"                   [_thread_blocked, id=18476, stack(0x000000fae6a00000,0x000000fae6b00000) (1024K)]
  0x0000022136ac6650 JavaThread "Daemon Thread 9"                   [_thread_blocked, id=11448, stack(0x000000fae7200000,0x000000fae7300000) (1024K)]
  0x0000022136ac6ce0 JavaThread "Handler for socket connection from /127.0.0.1:59186 to /127.0.0.1:59212"        [_thread_in_native, id=26856, stack(0x000000fae5d00000,0x000000fae5e00000) (1024K)]
  0x0000022136ac7370 JavaThread "Cancel handler"                    [_thread_blocked, id=12076, stack(0x000000fae6000000,0x000000fae6100000) (1024K)]
  0x0000022136ac1100 JavaThread "Asynchronous log dispatcher for DefaultDaemonConnection: socket connection from /127.0.0.1:59186 to /127.0.0.1:59212"        [_thread_blocked, id=23344, stack(0x000000fae6600000,0x000000fae6700000) (1024K)]
  0x0000022136ac5fc0 JavaThread "Stdin handler"                     [_thread_blocked, id=22200, stack(0x000000fae6700000,0x000000fae6800000) (1024K)]
  0x0000022136ac7a00 JavaThread "Daemon client event forwarder"        [_thread_blocked, id=24352, stack(0x000000fae6800000,0x000000fae6900000) (1024K)]
  0x0000022136ac8720 JavaThread "VFS cleanup"                       [_thread_blocked, id=6688, stack(0x000000fae6c00000,0x000000fae6d00000) (1024K)]
  0x0000022136ac3860 JavaThread "Cache worker for journal cache (C:\Users\ericj\.gradle\caches\journal-1)"        [_thread_blocked, id=24672, stack(0x000000fae6900000,0x000000fae6a00000) (1024K)]
  0x0000022136ac52a0 JavaThread "File lock request listener"        [_thread_in_native, id=20492, stack(0x000000fae6b00000,0x000000fae6c00000) (1024K)]
  0x0000022136ac8090 JavaThread "Cache worker for file hash cache (C:\Users\ericj\.gradle\caches\9.5.1\fileHashes)"        [_thread_blocked, id=26600, stack(0x000000fae6d00000,0x000000fae6e00000) (1024K)]
  0x0000022136ac24b0 JavaThread "Cache worker for file hash cache (C:\Users\ericj\Desktop\2026KDT\springweb\.gradle\9.5.1\fileHashes)"        [_thread_blocked, id=13864, stack(0x000000fae7100000,0x000000fae7200000) (1024K)]
  0x0000022136ac5930 JavaThread "Cache worker for Build Output Cleanup Cache (C:\Users\ericj\Desktop\2026KDT\springweb\.gradle\buildOutputCleanup)"        [_thread_blocked, id=21344, stack(0x000000fae7300000,0x000000fae7400000) (1024K)]
  0x0000022136ac3ef0 JavaThread "File watcher server"        daemon [_thread_in_native, id=1416, stack(0x000000fae7400000,0x000000fae7500000) (1024K)]
  0x0000022136ac2b40 JavaThread "File watcher consumer"      daemon [_thread_blocked, id=27184, stack(0x000000fae7500000,0x000000fae7600000) (1024K)]
  0x0000022136ac4580 JavaThread "Cache worker for file content cache (C:\Users\ericj\.gradle\caches\9.5.1\fileContent)"        [_thread_blocked, id=32560, stack(0x000000fae7600000,0x000000fae7700000) (1024K)]
  0x000002211c881c00 JavaThread "Cache worker for checksums cache (C:\Users\ericj\Desktop\2026KDT\springweb\.gradle\9.5.1\checksums)"        [_thread_blocked, id=29736, stack(0x000000fae7700000,0x000000fae7800000) (1024K)]
  0x000002211c883cd0 JavaThread "Cache worker for cache directory md-supplier (C:\Users\ericj\.gradle\caches\9.5.1\md-supplier)"        [_thread_blocked, id=15320, stack(0x000000fae7800000,0x000000fae7900000) (1024K)]
  0x00000221382ee5f0 JavaThread "Cache worker for cache directory md-rule (C:\Users\ericj\.gradle\caches\9.5.1\md-rule)"        [_thread_blocked, id=33484, stack(0x000000fae7900000,0x000000fae7a00000) (1024K)]
  0x00000221382eb170 JavaThread "jar transforms"                    [_thread_blocked, id=2288, stack(0x000000fae4000000,0x000000fae4100000) (1024K)]
  0x00000221382e7660 JavaThread "jar transforms Thread 2"           [_thread_blocked, id=32004, stack(0x000000fae4100000,0x000000fae4200000) (1024K)]
  0x00000221382ea450 JavaThread "jar transforms Thread 3"           [_thread_blocked, id=33112, stack(0x000000fae7a00000,0x000000fae7b00000) (1024K)]
  0x00000221382ebe90 JavaThread "File lock release action executor"        [_thread_blocked, id=7116, stack(0x000000fae7b00000,0x000000fae7c00000) (1024K)]
  0x00000221382ed240 JavaThread "Build operations"                  [_thread_blocked, id=28520, stack(0x000000fae7c00000,0x000000fae7d00000) (1024K)]
  0x00000221382e7cf0 JavaThread "Build operations Thread 2"         [_thread_blocked, id=19960, stack(0x000000fae7d00000,0x000000fae7e00000) (1024K)]
  0x00000221382e9730 JavaThread "Build operations Thread 3"         [_thread_blocked, id=12956, stack(0x000000fae7e00000,0x000000fae7f00000) (1024K)]
  0x00000221382ecbb0 JavaThread "Build operations Thread 4"         [_thread_blocked, id=10200, stack(0x000000fae7f00000,0x000000fae8000000) (1024K)]
  0x00000221382e8380 JavaThread "Build operations Thread 5"         [_thread_blocked, id=5552, stack(0x000000fae8000000,0x000000fae8100000) (1024K)]
  0x00000221382ed8d0 JavaThread "Build operations Thread 6"         [_thread_blocked, id=29684, stack(0x000000fae8100000,0x000000fae8200000) (1024K)]
  0x00000221382edf60 JavaThread "Build operations Thread 7"         [_thread_blocked, id=33820, stack(0x000000fae8200000,0x000000fae8300000) (1024K)]
  0x00000221382eec80 JavaThread "Build operations Thread 8"         [_thread_blocked, id=30008, stack(0x000000fae8300000,0x000000fae8400000) (1024K)]
  0x00000221382e8a10 JavaThread "Memory manager"                    [_thread_blocked, id=14512, stack(0x000000fae8400000,0x000000fae8500000) (1024K)]
Total: 54

Other Threads:
  0x000002211c4a0a90 VMThread "VM Thread"                           [id=15096, stack(0x000000fae4900000,0x000000fae4a00000) (1024K)]
  0x000002211c491e70 WatcherThread "VM Periodic Task Thread"        [id=19292, stack(0x000000fae4800000,0x000000fae4900000) (1024K)]
  0x0000022106b47670 WorkerThread "GC Thread#0"                     [id=16120, stack(0x000000fae4300000,0x000000fae4400000) (1024K)]
  0x00000221368b1620 WorkerThread "GC Thread#1"                     [id=16460, stack(0x000000fae5400000,0x000000fae5500000) (1024K)]
  0x00000221369f01e0 WorkerThread "GC Thread#2"                     [id=16584, stack(0x000000fae5500000,0x000000fae5600000) (1024K)]
  0x00000221369f0590 WorkerThread "GC Thread#3"                     [id=21160, stack(0x000000fae5600000,0x000000fae5700000) (1024K)]
  0x0000022136940d50 WorkerThread "GC Thread#4"                     [id=31692, stack(0x000000fae5700000,0x000000fae5800000) (1024K)]
  0x0000022136941100 WorkerThread "GC Thread#5"                     [id=9468, stack(0x000000fae5800000,0x000000fae5900000) (1024K)]
  0x00000221376f5250 WorkerThread "GC Thread#6"                     [id=18284, stack(0x000000fae6e00000,0x000000fae6f00000) (1024K)]
  0x00000221376f4af0 WorkerThread "GC Thread#7"                     [id=30900, stack(0x000000fae6f00000,0x000000fae7000000) (1024K)]
  0x0000022106b4d670 ConcurrentGCThread "G1 Main Marker"            [id=13384, stack(0x000000fae4400000,0x000000fae4500000) (1024K)]
  0x0000022106b4ed90 WorkerThread "G1 Conc#0"                       [id=27124, stack(0x000000fae4500000,0x000000fae4600000) (1024K)]
  0x0000022136a16e40 WorkerThread "G1 Conc#1"                       [id=29612, stack(0x000000fae7000000,0x000000fae7100000) (1024K)]
  0x000002211c3621d0 ConcurrentGCThread "G1 Refine#0"               [id=6392, stack(0x000000fae4600000,0x000000fae4700000) (1024K)]
  0x000002211c362c60 ConcurrentGCThread "G1 Service"                [id=16476, stack(0x000000fae4700000,0x000000fae4800000) (1024K)]
Total: 15

Threads with active compile tasks:
C2 CompilerThread0  80543 6539       4       java.lang.invoke.MethodType::makeImpl (109 bytes)
Total: 1

VM state: not at safepoint (normal execution)

VM Mutex/Monitor currently owned by a thread: None

Heap address: 0x00000000e0000000, size: 512 MB, Compressed Oops mode: 32-bit

CDS archive(s) mapped at: [0x000002211d000000-0x000002211dba0000-0x000002211dba0000), size 12189696, SharedBaseAddress: 0x000002211d000000, ArchiveRelocationMode: 1.
Compressed class space mapped at: 0x000002211e000000-0x0000022132000000, reserved size: 335544320
Narrow klass base: 0x000002211d000000, Narrow klass shift: 0, Narrow klass range: 0x100000000

GC Precious Log:
 CardTable entry size: 512
 Card Set container configuration: InlinePtr #cards 5 size 8 Array Of Cards #cards 12 size 40 Howl #buckets 4 coarsen threshold 1843 Howl Bitmap #cards 512 size 80 coarsen threshold 460 Card regions per heap region 1 cards per card region 2048
 CPUs: 8 total, 8 available
 Memory: 8059M
 Large Page Support: Disabled
 NUMA Support: Disabled
 Compressed Oops: Enabled (32-bit)
 Heap Region Size: 1M
 Heap Min Capacity: 256M
 Heap Initial Capacity: 256M
 Heap Max Capacity: 512M
 Pre-touch: Disabled
 Parallel Workers: 8
 Concurrent Workers: 2
 Concurrent Refinement Workers: 8
 Periodic GC: Disabled

Heap:
 garbage-first heap   total 262144K, used 44432K [0x00000000e0000000, 0x0000000100000000)
  region size 1024K, 21 young (21504K), 15 survivors (15360K)
 Metaspace       used 51321K, committed 53376K, reserved 393216K
  class space    used 7659K, committed 8640K, reserved 327680K

Heap Regions: E=young(eden), S=young(survivor), O=old, HS=humongous(starts), HC=humongous(continues), CS=collection set, F=free, TAMS=top-at-mark-start, PB=parsable bottom
|   0|0x00000000e0000000, 0x00000000e0100000, 0x00000000e0100000|100%|HS|  |TAMS 0x00000000e0000000| PB 0x00000000e0000000| Complete 
|   1|0x00000000e0100000, 0x00000000e0200000, 0x00000000e0200000|100%|HC|  |TAMS 0x00000000e0100000| PB 0x00000000e0100000| Complete 
|   2|0x00000000e0200000, 0x00000000e0300000, 0x00000000e0300000|100%|HC|  |TAMS 0x00000000e0200000| PB 0x00000000e0200000| Complete 
|   3|0x00000000e0300000, 0x00000000e0400000, 0x00000000e0400000|100%|HC|  |TAMS 0x00000000e0300000| PB 0x00000000e0300000| Complete 
|   4|0x00000000e0400000, 0x00000000e0500000, 0x00000000e0500000|100%| O|  |TAMS 0x00000000e0400000| PB 0x00000000e0400000| Untracked 
|   5|0x00000000e0500000, 0x00000000e0600000, 0x00000000e0600000|100%| O|  |TAMS 0x00000000e0500000| PB 0x00000000e0500000| Untracked 
|   6|0x00000000e0600000, 0x00000000e0700000, 0x00000000e0700000|100%| O|  |TAMS 0x00000000e0600000| PB 0x00000000e0600000| Untracked 
|   7|0x00000000e0700000, 0x00000000e0800000, 0x00000000e0800000|100%| O|Cm|TAMS 0x00000000e0700000| PB 0x00000000e0700000| Complete 
|   8|0x00000000e0800000, 0x00000000e0900000, 0x00000000e0900000|100%|HS|  |TAMS 0x00000000e0800000| PB 0x00000000e0800000| Complete 
|   9|0x00000000e0900000, 0x00000000e0a00000, 0x00000000e0a00000|100%| O|  |TAMS 0x00000000e0900000| PB 0x00000000e0900000| Untracked 
|  10|0x00000000e0a00000, 0x00000000e0a00000, 0x00000000e0b00000|  0%| F|  |TAMS 0x00000000e0a00000| PB 0x00000000e0a00000| Untracked 
|  11|0x00000000e0b00000, 0x00000000e0c00000, 0x00000000e0c00000|100%| O|  |TAMS 0x00000000e0b00000| PB 0x00000000e0b00000| Untracked 
|  12|0x00000000e0c00000, 0x00000000e0d00000, 0x00000000e0d00000|100%| O|  |TAMS 0x00000000e0c00000| PB 0x00000000e0c00000| Untracked 
|  13|0x00000000e0d00000, 0x00000000e0e00000, 0x00000000e0e00000|100%| O|  |TAMS 0x00000000e0d00000| PB 0x00000000e0d00000| Untracked 
|  14|0x00000000e0e00000, 0x00000000e0f00000, 0x00000000e0f00000|100%| O|  |TAMS 0x00000000e0e00000| PB 0x00000000e0e00000| Untracked 
|  15|0x00000000e0f00000, 0x00000000e1000000, 0x00000000e1000000|100%| O|  |TAMS 0x00000000e0f00000| PB 0x00000000e0f00000| Untracked 
|  16|0x00000000e1000000, 0x00000000e1100000, 0x00000000e1100000|100%| O|  |TAMS 0x00000000e1000000| PB 0x00000000e1000000| Untracked 
|  17|0x00000000e1100000, 0x00000000e1200000, 0x00000000e1200000|100%| O|  |TAMS 0x00000000e1100000| PB 0x00000000e1100000| Untracked 
|  18|0x00000000e1200000, 0x00000000e1300000, 0x00000000e1300000|100%| O|  |TAMS 0x00000000e1200000| PB 0x00000000e1200000| Untracked 
|  19|0x00000000e1300000, 0x00000000e1400000, 0x00000000e1400000|100%| O|  |TAMS 0x00000000e1300000| PB 0x00000000e1300000| Untracked 
|  20|0x00000000e1400000, 0x00000000e1500000, 0x00000000e1500000|100%| O|  |TAMS 0x00000000e1400000| PB 0x00000000e1400000| Untracked 
|  21|0x00000000e1500000, 0x00000000e1600000, 0x00000000e1600000|100%| O|  |TAMS 0x00000000e1500000| PB 0x00000000e1500000| Untracked 
|  22|0x00000000e1600000, 0x00000000e1700000, 0x00000000e1700000|100%| O|  |TAMS 0x00000000e1600000| PB 0x00000000e1600000| Untracked 
|  23|0x00000000e1700000, 0x00000000e1800000, 0x00000000e1800000|100%| O|  |TAMS 0x00000000e1700000| PB 0x00000000e1700000| Untracked 
|  24|0x00000000e1800000, 0x00000000e18719d0, 0x00000000e1900000| 44%| O|  |TAMS 0x00000000e1800000| PB 0x00000000e1800000| Untracked 
|  25|0x00000000e1900000, 0x00000000e1900000, 0x00000000e1a00000|  0%| F|  |TAMS 0x00000000e1900000| PB 0x00000000e1900000| Untracked 
|  26|0x00000000e1a00000, 0x00000000e1a00000, 0x00000000e1b00000|  0%| F|  |TAMS 0x00000000e1a00000| PB 0x00000000e1a00000| Untracked 
|  27|0x00000000e1b00000, 0x00000000e1b00000, 0x00000000e1c00000|  0%| F|  |TAMS 0x00000000e1b00000| PB 0x00000000e1b00000| Untracked 
|  28|0x00000000e1c00000, 0x00000000e1c00000, 0x00000000e1d00000|  0%| F|  |TAMS 0x00000000e1c00000| PB 0x00000000e1c00000| Untracked 
|  29|0x00000000e1d00000, 0x00000000e1d00000, 0x00000000e1e00000|  0%| F|  |TAMS 0x00000000e1d00000| PB 0x00000000e1d00000| Untracked 
|  30|0x00000000e1e00000, 0x00000000e1e00000, 0x00000000e1f00000|  0%| F|  |TAMS 0x00000000e1e00000| PB 0x00000000e1e00000| Untracked 
|  31|0x00000000e1f00000, 0x00000000e1f00000, 0x00000000e2000000|  0%| F|  |TAMS 0x00000000e1f00000| PB 0x00000000e1f00000| Untracked 
|  32|0x00000000e2000000, 0x00000000e2000000, 0x00000000e2100000|  0%| F|  |TAMS 0x00000000e2000000| PB 0x00000000e2000000| Untracked 
|  33|0x00000000e2100000, 0x00000000e2100000, 0x00000000e2200000|  0%| F|  |TAMS 0x00000000e2100000| PB 0x00000000e2100000| Untracked 
|  34|0x00000000e2200000, 0x00000000e2200000, 0x00000000e2300000|  0%| F|  |TAMS 0x00000000e2200000| PB 0x00000000e2200000| Untracked 
|  35|0x00000000e2300000, 0x00000000e2300000, 0x00000000e2400000|  0%| F|  |TAMS 0x00000000e2300000| PB 0x00000000e2300000| Untracked 
|  36|0x00000000e2400000, 0x00000000e2400000, 0x00000000e2500000|  0%| F|  |TAMS 0x00000000e2400000| PB 0x00000000e2400000| Untracked 
|  37|0x00000000e2500000, 0x00000000e2500000, 0x00000000e2600000|  0%| F|  |TAMS 0x00000000e2500000| PB 0x00000000e2500000| Untracked 
|  38|0x00000000e2600000, 0x00000000e2600000, 0x00000000e2700000|  0%| F|  |TAMS 0x00000000e2600000| PB 0x00000000e2600000| Untracked 
|  39|0x00000000e2700000, 0x00000000e2700000, 0x00000000e2800000|  0%| F|  |TAMS 0x00000000e2700000| PB 0x00000000e2700000| Untracked 
|  40|0x00000000e2800000, 0x00000000e2800000, 0x00000000e2900000|  0%| F|  |TAMS 0x00000000e2800000| PB 0x00000000e2800000| Untracked 
|  41|0x00000000e2900000, 0x00000000e2900000, 0x00000000e2a00000|  0%| F|  |TAMS 0x00000000e2900000| PB 0x00000000e2900000| Untracked 
|  42|0x00000000e2a00000, 0x00000000e2a00000, 0x00000000e2b00000|  0%| F|  |TAMS 0x00000000e2a00000| PB 0x00000000e2a00000| Untracked 
|  43|0x00000000e2b00000, 0x00000000e2b00000, 0x00000000e2c00000|  0%| F|  |TAMS 0x00000000e2b00000| PB 0x00000000e2b00000| Untracked 
|  44|0x00000000e2c00000, 0x00000000e2c00000, 0x00000000e2d00000|  0%| F|  |TAMS 0x00000000e2c00000| PB 0x00000000e2c00000| Untracked 
|  45|0x00000000e2d00000, 0x00000000e2d00000, 0x00000000e2e00000|  0%| F|  |TAMS 0x00000000e2d00000| PB 0x00000000e2d00000| Untracked 
|  46|0x00000000e2e00000, 0x00000000e2e00000, 0x00000000e2f00000|  0%| F|  |TAMS 0x00000000e2e00000| PB 0x00000000e2e00000| Untracked 
|  47|0x00000000e2f00000, 0x00000000e2f00000, 0x00000000e3000000|  0%| F|  |TAMS 0x00000000e2f00000| PB 0x00000000e2f00000| Untracked 
|  48|0x00000000e3000000, 0x00000000e3000000, 0x00000000e3100000|  0%| F|  |TAMS 0x00000000e3000000| PB 0x00000000e3000000| Untracked 
|  49|0x00000000e3100000, 0x00000000e3100000, 0x00000000e3200000|  0%| F|  |TAMS 0x00000000e3100000| PB 0x00000000e3100000| Untracked 
|  50|0x00000000e3200000, 0x00000000e3200000, 0x00000000e3300000|  0%| F|  |TAMS 0x00000000e3200000| PB 0x00000000e3200000| Untracked 
|  51|0x00000000e3300000, 0x00000000e3300000, 0x00000000e3400000|  0%| F|  |TAMS 0x00000000e3300000| PB 0x00000000e3300000| Untracked 
|  52|0x00000000e3400000, 0x00000000e3400000, 0x00000000e3500000|  0%| F|  |TAMS 0x00000000e3400000| PB 0x00000000e3400000| Untracked 
|  53|0x00000000e3500000, 0x00000000e3500000, 0x00000000e3600000|  0%| F|  |TAMS 0x00000000e3500000| PB 0x00000000e3500000| Untracked 
|  54|0x00000000e3600000, 0x00000000e3600000, 0x00000000e3700000|  0%| F|  |TAMS 0x00000000e3600000| PB 0x00000000e3600000| Untracked 
|  55|0x00000000e3700000, 0x00000000e3700000, 0x00000000e3800000|  0%| F|  |TAMS 0x00000000e3700000| PB 0x00000000e3700000| Untracked 
|  56|0x00000000e3800000, 0x00000000e3800000, 0x00000000e3900000|  0%| F|  |TAMS 0x00000000e3800000| PB 0x00000000e3800000| Untracked 
|  57|0x00000000e3900000, 0x00000000e3900000, 0x00000000e3a00000|  0%| F|  |TAMS 0x00000000e3900000| PB 0x00000000e3900000| Untracked 
|  58|0x00000000e3a00000, 0x00000000e3a00000, 0x00000000e3b00000|  0%| F|  |TAMS 0x00000000e3a00000| PB 0x00000000e3a00000| Untracked 
|  59|0x00000000e3b00000, 0x00000000e3b00000, 0x00000000e3c00000|  0%| F|  |TAMS 0x00000000e3b00000| PB 0x00000000e3b00000| Untracked 
|  60|0x00000000e3c00000, 0x00000000e3c00000, 0x00000000e3d00000|  0%| F|  |TAMS 0x00000000e3c00000| PB 0x00000000e3c00000| Untracked 
|  61|0x00000000e3d00000, 0x00000000e3d00000, 0x00000000e3e00000|  0%| F|  |TAMS 0x00000000e3d00000| PB 0x00000000e3d00000| Untracked 
|  62|0x00000000e3e00000, 0x00000000e3e00000, 0x00000000e3f00000|  0%| F|  |TAMS 0x00000000e3e00000| PB 0x00000000e3e00000| Untracked 
|  63|0x00000000e3f00000, 0x00000000e3f00000, 0x00000000e4000000|  0%| F|  |TAMS 0x00000000e3f00000| PB 0x00000000e3f00000| Untracked 
|  64|0x00000000e4000000, 0x00000000e4000000, 0x00000000e4100000|  0%| F|  |TAMS 0x00000000e4000000| PB 0x00000000e4000000| Untracked 
|  65|0x00000000e4100000, 0x00000000e4100000, 0x00000000e4200000|  0%| F|  |TAMS 0x00000000e4100000| PB 0x00000000e4100000| Untracked 
|  66|0x00000000e4200000, 0x00000000e4200000, 0x00000000e4300000|  0%| F|  |TAMS 0x00000000e4200000| PB 0x00000000e4200000| Untracked 
|  67|0x00000000e4300000, 0x00000000e4300000, 0x00000000e4400000|  0%| F|  |TAMS 0x00000000e4300000| PB 0x00000000e4300000| Untracked 
|  68|0x00000000e4400000, 0x00000000e4400000, 0x00000000e4500000|  0%| F|  |TAMS 0x00000000e4400000| PB 0x00000000e4400000| Untracked 
|  69|0x00000000e4500000, 0x00000000e4500000, 0x00000000e4600000|  0%| F|  |TAMS 0x00000000e4500000| PB 0x00000000e4500000| Untracked 
|  70|0x00000000e4600000, 0x00000000e4600000, 0x00000000e4700000|  0%| F|  |TAMS 0x00000000e4600000| PB 0x00000000e4600000| Untracked 
|  71|0x00000000e4700000, 0x00000000e4700000, 0x00000000e4800000|  0%| F|  |TAMS 0x00000000e4700000| PB 0x00000000e4700000| Untracked 
|  72|0x00000000e4800000, 0x00000000e4800000, 0x00000000e4900000|  0%| F|  |TAMS 0x00000000e4800000| PB 0x00000000e4800000| Untracked 
|  73|0x00000000e4900000, 0x00000000e4900000, 0x00000000e4a00000|  0%| F|  |TAMS 0x00000000e4900000| PB 0x00000000e4900000| Untracked 
|  74|0x00000000e4a00000, 0x00000000e4a00000, 0x00000000e4b00000|  0%| F|  |TAMS 0x00000000e4a00000| PB 0x00000000e4a00000| Untracked 
|  75|0x00000000e4b00000, 0x00000000e4b00000, 0x00000000e4c00000|  0%| F|  |TAMS 0x00000000e4b00000| PB 0x00000000e4b00000| Untracked 
|  76|0x00000000e4c00000, 0x00000000e4c00000, 0x00000000e4d00000|  0%| F|  |TAMS 0x00000000e4c00000| PB 0x00000000e4c00000| Untracked 
|  77|0x00000000e4d00000, 0x00000000e4d00000, 0x00000000e4e00000|  0%| F|  |TAMS 0x00000000e4d00000| PB 0x00000000e4d00000| Untracked 
|  78|0x00000000e4e00000, 0x00000000e4e00000, 0x00000000e4f00000|  0%| F|  |TAMS 0x00000000e4e00000| PB 0x00000000e4e00000| Untracked 
|  79|0x00000000e4f00000, 0x00000000e4f00000, 0x00000000e5000000|  0%| F|  |TAMS 0x00000000e4f00000| PB 0x00000000e4f00000| Untracked 
|  80|0x00000000e5000000, 0x00000000e5000000, 0x00000000e5100000|  0%| F|  |TAMS 0x00000000e5000000| PB 0x00000000e5000000| Untracked 
|  81|0x00000000e5100000, 0x00000000e5100000, 0x00000000e5200000|  0%| F|  |TAMS 0x00000000e5100000| PB 0x00000000e5100000| Untracked 
|  82|0x00000000e5200000, 0x00000000e5200000, 0x00000000e5300000|  0%| F|  |TAMS 0x00000000e5200000| PB 0x00000000e5200000| Untracked 
|  83|0x00000000e5300000, 0x00000000e5300000, 0x00000000e5400000|  0%| F|  |TAMS 0x00000000e5300000| PB 0x00000000e5300000| Untracked 
|  84|0x00000000e5400000, 0x00000000e5400000, 0x00000000e5500000|  0%| F|  |TAMS 0x00000000e5400000| PB 0x00000000e5400000| Untracked 
|  85|0x00000000e5500000, 0x00000000e5500000, 0x00000000e5600000|  0%| F|  |TAMS 0x00000000e5500000| PB 0x00000000e5500000| Untracked 
|  86|0x00000000e5600000, 0x00000000e5600000, 0x00000000e5700000|  0%| F|  |TAMS 0x00000000e5600000| PB 0x00000000e5600000| Untracked 
|  87|0x00000000e5700000, 0x00000000e5700000, 0x00000000e5800000|  0%| F|  |TAMS 0x00000000e5700000| PB 0x00000000e5700000| Untracked 
|  88|0x00000000e5800000, 0x00000000e58f2a00, 0x00000000e5900000| 94%| S|CS|TAMS 0x00000000e5800000| PB 0x00000000e5800000| Complete 
|  89|0x00000000e5900000, 0x00000000e5a00000, 0x00000000e5a00000|100%| S|CS|TAMS 0x00000000e5900000| PB 0x00000000e5900000| Complete 
|  90|0x00000000e5a00000, 0x00000000e5b00000, 0x00000000e5b00000|100%| S|CS|TAMS 0x00000000e5a00000| PB 0x00000000e5a00000| Complete 
|  91|0x00000000e5b00000, 0x00000000e5c00000, 0x00000000e5c00000|100%| S|CS|TAMS 0x00000000e5b00000| PB 0x00000000e5b00000| Complete 
|  92|0x00000000e5c00000, 0x00000000e5d00000, 0x00000000e5d00000|100%| S|CS|TAMS 0x00000000e5c00000| PB 0x00000000e5c00000| Complete 
|  93|0x00000000e5d00000, 0x00000000e5e00000, 0x00000000e5e00000|100%| S|CS|TAMS 0x00000000e5d00000| PB 0x00000000e5d00000| Complete 
|  94|0x00000000e5e00000, 0x00000000e5f00000, 0x00000000e5f00000|100%| S|CS|TAMS 0x00000000e5e00000| PB 0x00000000e5e00000| Complete 
|  95|0x00000000e5f00000, 0x00000000e6000000, 0x00000000e6000000|100%| S|CS|TAMS 0x00000000e5f00000| PB 0x00000000e5f00000| Complete 
|  96|0x00000000e6000000, 0x00000000e6100000, 0x00000000e6100000|100%| S|CS|TAMS 0x00000000e6000000| PB 0x00000000e6000000| Complete 
|  97|0x00000000e6100000, 0x00000000e6200000, 0x00000000e6200000|100%| S|CS|TAMS 0x00000000e6100000| PB 0x00000000e6100000| Complete 
|  98|0x00000000e6200000, 0x00000000e6300000, 0x00000000e6300000|100%| S|CS|TAMS 0x00000000e6200000| PB 0x00000000e6200000| Complete 
|  99|0x00000000e6300000, 0x00000000e6400000, 0x00000000e6400000|100%| S|CS|TAMS 0x00000000e6300000| PB 0x00000000e6300000| Complete 
| 100|0x00000000e6400000, 0x00000000e6500000, 0x00000000e6500000|100%| S|CS|TAMS 0x00000000e6400000| PB 0x00000000e6400000| Complete 
| 101|0x00000000e6500000, 0x00000000e6600000, 0x00000000e6600000|100%| S|CS|TAMS 0x00000000e6500000| PB 0x00000000e6500000| Complete 
| 102|0x00000000e6600000, 0x00000000e6700000, 0x00000000e6700000|100%| S|CS|TAMS 0x00000000e6600000| PB 0x00000000e6600000| Complete 
| 103|0x00000000e6700000, 0x00000000e6700000, 0x00000000e6800000|  0%| F|  |TAMS 0x00000000e6700000| PB 0x00000000e6700000| Untracked 
| 104|0x00000000e6800000, 0x00000000e6800000, 0x00000000e6900000|  0%| F|  |TAMS 0x00000000e6800000| PB 0x00000000e6800000| Untracked 
| 105|0x00000000e6900000, 0x00000000e6900000, 0x00000000e6a00000|  0%| F|  |TAMS 0x00000000e6900000| PB 0x00000000e6900000| Untracked 
| 106|0x00000000e6a00000, 0x00000000e6a00000, 0x00000000e6b00000|  0%| F|  |TAMS 0x00000000e6a00000| PB 0x00000000e6a00000| Untracked 
| 107|0x00000000e6b00000, 0x00000000e6b00000, 0x00000000e6c00000|  0%| F|  |TAMS 0x00000000e6b00000| PB 0x00000000e6b00000| Untracked 
| 108|0x00000000e6c00000, 0x00000000e6c00000, 0x00000000e6d00000|  0%| F|  |TAMS 0x00000000e6c00000| PB 0x00000000e6c00000| Untracked 
| 109|0x00000000e6d00000, 0x00000000e6d00000, 0x00000000e6e00000|  0%| F|  |TAMS 0x00000000e6d00000| PB 0x00000000e6d00000| Untracked 
| 110|0x00000000e6e00000, 0x00000000e6e00000, 0x00000000e6f00000|  0%| F|  |TAMS 0x00000000e6e00000| PB 0x00000000e6e00000| Untracked 
| 111|0x00000000e6f00000, 0x00000000e6f00000, 0x00000000e7000000|  0%| F|  |TAMS 0x00000000e6f00000| PB 0x00000000e6f00000| Untracked 
| 112|0x00000000e7000000, 0x00000000e7000000, 0x00000000e7100000|  0%| F|  |TAMS 0x00000000e7000000| PB 0x00000000e7000000| Untracked 
| 113|0x00000000e7100000, 0x00000000e7100000, 0x00000000e7200000|  0%| F|  |TAMS 0x00000000e7100000| PB 0x00000000e7100000| Untracked 
| 114|0x00000000e7200000, 0x00000000e7200000, 0x00000000e7300000|  0%| F|  |TAMS 0x00000000e7200000| PB 0x00000000e7200000| Untracked 
| 115|0x00000000e7300000, 0x00000000e7300000, 0x00000000e7400000|  0%| F|  |TAMS 0x00000000e7300000| PB 0x00000000e7300000| Untracked 
| 116|0x00000000e7400000, 0x00000000e7400000, 0x00000000e7500000|  0%| F|  |TAMS 0x00000000e7400000| PB 0x00000000e7400000| Untracked 
| 117|0x00000000e7500000, 0x00000000e7500000, 0x00000000e7600000|  0%| F|  |TAMS 0x00000000e7500000| PB 0x00000000e7500000| Untracked 
| 118|0x00000000e7600000, 0x00000000e7600000, 0x00000000e7700000|  0%| F|  |TAMS 0x00000000e7600000| PB 0x00000000e7600000| Untracked 
| 119|0x00000000e7700000, 0x00000000e7700000, 0x00000000e7800000|  0%| F|  |TAMS 0x00000000e7700000| PB 0x00000000e7700000| Untracked 
| 120|0x00000000e7800000, 0x00000000e7800000, 0x00000000e7900000|  0%| F|  |TAMS 0x00000000e7800000| PB 0x00000000e7800000| Untracked 
| 121|0x00000000e7900000, 0x00000000e7900000, 0x00000000e7a00000|  0%| F|  |TAMS 0x00000000e7900000| PB 0x00000000e7900000| Untracked 
| 122|0x00000000e7a00000, 0x00000000e7a00000, 0x00000000e7b00000|  0%| F|  |TAMS 0x00000000e7a00000| PB 0x00000000e7a00000| Untracked 
| 123|0x00000000e7b00000, 0x00000000e7b00000, 0x00000000e7c00000|  0%| F|  |TAMS 0x00000000e7b00000| PB 0x00000000e7b00000| Untracked 
| 124|0x00000000e7c00000, 0x00000000e7c00000, 0x00000000e7d00000|  0%| F|  |TAMS 0x00000000e7c00000| PB 0x00000000e7c00000| Untracked 
| 125|0x00000000e7d00000, 0x00000000e7d00000, 0x00000000e7e00000|  0%| F|  |TAMS 0x00000000e7d00000| PB 0x00000000e7d00000| Untracked 
| 126|0x00000000e7e00000, 0x00000000e7e00000, 0x00000000e7f00000|  0%| F|  |TAMS 0x00000000e7e00000| PB 0x00000000e7e00000| Untracked 
| 127|0x00000000e7f00000, 0x00000000e7f00000, 0x00000000e8000000|  0%| F|  |TAMS 0x00000000e7f00000| PB 0x00000000e7f00000| Untracked 
| 128|0x00000000e8000000, 0x00000000e8000000, 0x00000000e8100000|  0%| F|  |TAMS 0x00000000e8000000| PB 0x00000000e8000000| Untracked 
| 129|0x00000000e8100000, 0x00000000e8100000, 0x00000000e8200000|  0%| F|  |TAMS 0x00000000e8100000| PB 0x00000000e8100000| Untracked 
| 130|0x00000000e8200000, 0x00000000e8200000, 0x00000000e8300000|  0%| F|  |TAMS 0x00000000e8200000| PB 0x00000000e8200000| Untracked 
| 131|0x00000000e8300000, 0x00000000e8300000, 0x00000000e8400000|  0%| F|  |TAMS 0x00000000e8300000| PB 0x00000000e8300000| Untracked 
| 132|0x00000000e8400000, 0x00000000e8400000, 0x00000000e8500000|  0%| F|  |TAMS 0x00000000e8400000| PB 0x00000000e8400000| Untracked 
| 133|0x00000000e8500000, 0x00000000e8500000, 0x00000000e8600000|  0%| F|  |TAMS 0x00000000e8500000| PB 0x00000000e8500000| Untracked 
| 134|0x00000000e8600000, 0x00000000e8600000, 0x00000000e8700000|  0%| F|  |TAMS 0x00000000e8600000| PB 0x00000000e8600000| Untracked 
| 135|0x00000000e8700000, 0x00000000e8700000, 0x00000000e8800000|  0%| F|  |TAMS 0x00000000e8700000| PB 0x00000000e8700000| Untracked 
| 136|0x00000000e8800000, 0x00000000e8800000, 0x00000000e8900000|  0%| F|  |TAMS 0x00000000e8800000| PB 0x00000000e8800000| Untracked 
| 137|0x00000000e8900000, 0x00000000e8900000, 0x00000000e8a00000|  0%| F|  |TAMS 0x00000000e8900000| PB 0x00000000e8900000| Untracked 
| 138|0x00000000e8a00000, 0x00000000e8a00000, 0x00000000e8b00000|  0%| F|  |TAMS 0x00000000e8a00000| PB 0x00000000e8a00000| Untracked 
| 139|0x00000000e8b00000, 0x00000000e8b00000, 0x00000000e8c00000|  0%| F|  |TAMS 0x00000000e8b00000| PB 0x00000000e8b00000| Untracked 
| 140|0x00000000e8c00000, 0x00000000e8c00000, 0x00000000e8d00000|  0%| F|  |TAMS 0x00000000e8c00000| PB 0x00000000e8c00000| Untracked 
| 141|0x00000000e8d00000, 0x00000000e8d00000, 0x00000000e8e00000|  0%| F|  |TAMS 0x00000000e8d00000| PB 0x00000000e8d00000| Untracked 
| 142|0x00000000e8e00000, 0x00000000e8e00000, 0x00000000e8f00000|  0%| F|  |TAMS 0x00000000e8e00000| PB 0x00000000e8e00000| Untracked 
| 143|0x00000000e8f00000, 0x00000000e8f00000, 0x00000000e9000000|  0%| F|  |TAMS 0x00000000e8f00000| PB 0x00000000e8f00000| Untracked 
| 144|0x00000000e9000000, 0x00000000e9000000, 0x00000000e9100000|  0%| F|  |TAMS 0x00000000e9000000| PB 0x00000000e9000000| Untracked 
| 145|0x00000000e9100000, 0x00000000e9100000, 0x00000000e9200000|  0%| F|  |TAMS 0x00000000e9100000| PB 0x00000000e9100000| Untracked 
| 146|0x00000000e9200000, 0x00000000e9200000, 0x00000000e9300000|  0%| F|  |TAMS 0x00000000e9200000| PB 0x00000000e9200000| Untracked 
| 147|0x00000000e9300000, 0x00000000e9300000, 0x00000000e9400000|  0%| F|  |TAMS 0x00000000e9300000| PB 0x00000000e9300000| Untracked 
| 148|0x00000000e9400000, 0x00000000e9400000, 0x00000000e9500000|  0%| F|  |TAMS 0x00000000e9400000| PB 0x00000000e9400000| Untracked 
| 149|0x00000000e9500000, 0x00000000e9500000, 0x00000000e9600000|  0%| F|  |TAMS 0x00000000e9500000| PB 0x00000000e9500000| Untracked 
| 150|0x00000000e9600000, 0x00000000e9600000, 0x00000000e9700000|  0%| F|  |TAMS 0x00000000e9600000| PB 0x00000000e9600000| Untracked 
| 151|0x00000000e9700000, 0x00000000e9700000, 0x00000000e9800000|  0%| F|  |TAMS 0x00000000e9700000| PB 0x00000000e9700000| Untracked 
| 152|0x00000000e9800000, 0x00000000e9800000, 0x00000000e9900000|  0%| F|  |TAMS 0x00000000e9800000| PB 0x00000000e9800000| Untracked 
| 153|0x00000000e9900000, 0x00000000e9900000, 0x00000000e9a00000|  0%| F|  |TAMS 0x00000000e9900000| PB 0x00000000e9900000| Untracked 
| 154|0x00000000e9a00000, 0x00000000e9a00000, 0x00000000e9b00000|  0%| F|  |TAMS 0x00000000e9a00000| PB 0x00000000e9a00000| Untracked 
| 155|0x00000000e9b00000, 0x00000000e9b00000, 0x00000000e9c00000|  0%| F|  |TAMS 0x00000000e9b00000| PB 0x00000000e9b00000| Untracked 
| 156|0x00000000e9c00000, 0x00000000e9c00000, 0x00000000e9d00000|  0%| F|  |TAMS 0x00000000e9c00000| PB 0x00000000e9c00000| Untracked 
| 157|0x00000000e9d00000, 0x00000000e9d00000, 0x00000000e9e00000|  0%| F|  |TAMS 0x00000000e9d00000| PB 0x00000000e9d00000| Untracked 
| 158|0x00000000e9e00000, 0x00000000e9e00000, 0x00000000e9f00000|  0%| F|  |TAMS 0x00000000e9e00000| PB 0x00000000e9e00000| Untracked 
| 159|0x00000000e9f00000, 0x00000000e9f00000, 0x00000000ea000000|  0%| F|  |TAMS 0x00000000e9f00000| PB 0x00000000e9f00000| Untracked 
| 160|0x00000000ea000000, 0x00000000ea000000, 0x00000000ea100000|  0%| F|  |TAMS 0x00000000ea000000| PB 0x00000000ea000000| Untracked 
| 161|0x00000000ea100000, 0x00000000ea100000, 0x00000000ea200000|  0%| F|  |TAMS 0x00000000ea100000| PB 0x00000000ea100000| Untracked 
| 162|0x00000000ea200000, 0x00000000ea200000, 0x00000000ea300000|  0%| F|  |TAMS 0x00000000ea200000| PB 0x00000000ea200000| Untracked 
| 163|0x00000000ea300000, 0x00000000ea300000, 0x00000000ea400000|  0%| F|  |TAMS 0x00000000ea300000| PB 0x00000000ea300000| Untracked 
| 164|0x00000000ea400000, 0x00000000ea400000, 0x00000000ea500000|  0%| F|  |TAMS 0x00000000ea400000| PB 0x00000000ea400000| Untracked 
| 165|0x00000000ea500000, 0x00000000ea500000, 0x00000000ea600000|  0%| F|  |TAMS 0x00000000ea500000| PB 0x00000000ea500000| Untracked 
| 166|0x00000000ea600000, 0x00000000ea600000, 0x00000000ea700000|  0%| F|  |TAMS 0x00000000ea600000| PB 0x00000000ea600000| Untracked 
| 167|0x00000000ea700000, 0x00000000ea700000, 0x00000000ea800000|  0%| F|  |TAMS 0x00000000ea700000| PB 0x00000000ea700000| Untracked 
| 168|0x00000000ea800000, 0x00000000ea800000, 0x00000000ea900000|  0%| F|  |TAMS 0x00000000ea800000| PB 0x00000000ea800000| Untracked 
| 169|0x00000000ea900000, 0x00000000ea900000, 0x00000000eaa00000|  0%| F|  |TAMS 0x00000000ea900000| PB 0x00000000ea900000| Untracked 
| 170|0x00000000eaa00000, 0x00000000eaa00000, 0x00000000eab00000|  0%| F|  |TAMS 0x00000000eaa00000| PB 0x00000000eaa00000| Untracked 
| 171|0x00000000eab00000, 0x00000000eab00000, 0x00000000eac00000|  0%| F|  |TAMS 0x00000000eab00000| PB 0x00000000eab00000| Untracked 
| 172|0x00000000eac00000, 0x00000000eac00000, 0x00000000ead00000|  0%| F|  |TAMS 0x00000000eac00000| PB 0x00000000eac00000| Untracked 
| 173|0x00000000ead00000, 0x00000000ead00000, 0x00000000eae00000|  0%| F|  |TAMS 0x00000000ead00000| PB 0x00000000ead00000| Untracked 
| 174|0x00000000eae00000, 0x00000000eae00000, 0x00000000eaf00000|  0%| F|  |TAMS 0x00000000eae00000| PB 0x00000000eae00000| Untracked 
| 175|0x00000000eaf00000, 0x00000000eaf00000, 0x00000000eb000000|  0%| F|  |TAMS 0x00000000eaf00000| PB 0x00000000eaf00000| Untracked 
| 176|0x00000000eb000000, 0x00000000eb000000, 0x00000000eb100000|  0%| F|  |TAMS 0x00000000eb000000| PB 0x00000000eb000000| Untracked 
| 177|0x00000000eb100000, 0x00000000eb100000, 0x00000000eb200000|  0%| F|  |TAMS 0x00000000eb100000| PB 0x00000000eb100000| Untracked 
| 178|0x00000000eb200000, 0x00000000eb200000, 0x00000000eb300000|  0%| F|  |TAMS 0x00000000eb200000| PB 0x00000000eb200000| Untracked 
| 179|0x00000000eb300000, 0x00000000eb300000, 0x00000000eb400000|  0%| F|  |TAMS 0x00000000eb300000| PB 0x00000000eb300000| Untracked 
| 180|0x00000000eb400000, 0x00000000eb400000, 0x00000000eb500000|  0%| F|  |TAMS 0x00000000eb400000| PB 0x00000000eb400000| Untracked 
| 181|0x00000000eb500000, 0x00000000eb500000, 0x00000000eb600000|  0%| F|  |TAMS 0x00000000eb500000| PB 0x00000000eb500000| Untracked 
| 182|0x00000000eb600000, 0x00000000eb600000, 0x00000000eb700000|  0%| F|  |TAMS 0x00000000eb600000| PB 0x00000000eb600000| Untracked 
| 183|0x00000000eb700000, 0x00000000eb700000, 0x00000000eb800000|  0%| F|  |TAMS 0x00000000eb700000| PB 0x00000000eb700000| Untracked 
| 184|0x00000000eb800000, 0x00000000eb800000, 0x00000000eb900000|  0%| F|  |TAMS 0x00000000eb800000| PB 0x00000000eb800000| Untracked 
| 185|0x00000000eb900000, 0x00000000eb900000, 0x00000000eba00000|  0%| F|  |TAMS 0x00000000eb900000| PB 0x00000000eb900000| Untracked 
| 186|0x00000000eba00000, 0x00000000eba00000, 0x00000000ebb00000|  0%| F|  |TAMS 0x00000000eba00000| PB 0x00000000eba00000| Untracked 
| 187|0x00000000ebb00000, 0x00000000ebb00000, 0x00000000ebc00000|  0%| F|  |TAMS 0x00000000ebb00000| PB 0x00000000ebb00000| Untracked 
| 188|0x00000000ebc00000, 0x00000000ebc00000, 0x00000000ebd00000|  0%| F|  |TAMS 0x00000000ebc00000| PB 0x00000000ebc00000| Untracked 
| 189|0x00000000ebd00000, 0x00000000ebd00000, 0x00000000ebe00000|  0%| F|  |TAMS 0x00000000ebd00000| PB 0x00000000ebd00000| Untracked 
| 190|0x00000000ebe00000, 0x00000000ebe00000, 0x00000000ebf00000|  0%| F|  |TAMS 0x00000000ebe00000| PB 0x00000000ebe00000| Untracked 
| 191|0x00000000ebf00000, 0x00000000ebf00000, 0x00000000ec000000|  0%| F|  |TAMS 0x00000000ebf00000| PB 0x00000000ebf00000| Untracked 
| 192|0x00000000ec000000, 0x00000000ec000000, 0x00000000ec100000|  0%| F|  |TAMS 0x00000000ec000000| PB 0x00000000ec000000| Untracked 
| 193|0x00000000ec100000, 0x00000000ec100000, 0x00000000ec200000|  0%| F|  |TAMS 0x00000000ec100000| PB 0x00000000ec100000| Untracked 
| 194|0x00000000ec200000, 0x00000000ec200000, 0x00000000ec300000|  0%| F|  |TAMS 0x00000000ec200000| PB 0x00000000ec200000| Untracked 
| 195|0x00000000ec300000, 0x00000000ec300000, 0x00000000ec400000|  0%| F|  |TAMS 0x00000000ec300000| PB 0x00000000ec300000| Untracked 
| 196|0x00000000ec400000, 0x00000000ec400000, 0x00000000ec500000|  0%| F|  |TAMS 0x00000000ec400000| PB 0x00000000ec400000| Untracked 
| 197|0x00000000ec500000, 0x00000000ec500000, 0x00000000ec600000|  0%| F|  |TAMS 0x00000000ec500000| PB 0x00000000ec500000| Untracked 
| 198|0x00000000ec600000, 0x00000000ec600000, 0x00000000ec700000|  0%| F|  |TAMS 0x00000000ec600000| PB 0x00000000ec600000| Untracked 
| 199|0x00000000ec700000, 0x00000000ec700000, 0x00000000ec800000|  0%| F|  |TAMS 0x00000000ec700000| PB 0x00000000ec700000| Untracked 
| 200|0x00000000ec800000, 0x00000000ec800000, 0x00000000ec900000|  0%| F|  |TAMS 0x00000000ec800000| PB 0x00000000ec800000| Untracked 
| 201|0x00000000ec900000, 0x00000000ec900000, 0x00000000eca00000|  0%| F|  |TAMS 0x00000000ec900000| PB 0x00000000ec900000| Untracked 
| 202|0x00000000eca00000, 0x00000000eca00000, 0x00000000ecb00000|  0%| F|  |TAMS 0x00000000eca00000| PB 0x00000000eca00000| Untracked 
| 203|0x00000000ecb00000, 0x00000000ecb00000, 0x00000000ecc00000|  0%| F|  |TAMS 0x00000000ecb00000| PB 0x00000000ecb00000| Untracked 
| 204|0x00000000ecc00000, 0x00000000ecc00000, 0x00000000ecd00000|  0%| F|  |TAMS 0x00000000ecc00000| PB 0x00000000ecc00000| Untracked 
| 205|0x00000000ecd00000, 0x00000000ecd00000, 0x00000000ece00000|  0%| F|  |TAMS 0x00000000ecd00000| PB 0x00000000ecd00000| Untracked 
| 206|0x00000000ece00000, 0x00000000ece00000, 0x00000000ecf00000|  0%| F|  |TAMS 0x00000000ece00000| PB 0x00000000ece00000| Untracked 
| 207|0x00000000ecf00000, 0x00000000ecf00000, 0x00000000ed000000|  0%| F|  |TAMS 0x00000000ecf00000| PB 0x00000000ecf00000| Untracked 
| 208|0x00000000ed000000, 0x00000000ed000000, 0x00000000ed100000|  0%| F|  |TAMS 0x00000000ed000000| PB 0x00000000ed000000| Untracked 
| 209|0x00000000ed100000, 0x00000000ed100000, 0x00000000ed200000|  0%| F|  |TAMS 0x00000000ed100000| PB 0x00000000ed100000| Untracked 
| 210|0x00000000ed200000, 0x00000000ed200000, 0x00000000ed300000|  0%| F|  |TAMS 0x00000000ed200000| PB 0x00000000ed200000| Untracked 
| 211|0x00000000ed300000, 0x00000000ed300000, 0x00000000ed400000|  0%| F|  |TAMS 0x00000000ed300000| PB 0x00000000ed300000| Untracked 
| 212|0x00000000ed400000, 0x00000000ed400000, 0x00000000ed500000|  0%| F|  |TAMS 0x00000000ed400000| PB 0x00000000ed400000| Untracked 
| 213|0x00000000ed500000, 0x00000000ed500000, 0x00000000ed600000|  0%| F|  |TAMS 0x00000000ed500000| PB 0x00000000ed500000| Untracked 
| 214|0x00000000ed600000, 0x00000000ed600000, 0x00000000ed700000|  0%| F|  |TAMS 0x00000000ed600000| PB 0x00000000ed600000| Untracked 
| 215|0x00000000ed700000, 0x00000000ed700000, 0x00000000ed800000|  0%| F|  |TAMS 0x00000000ed700000| PB 0x00000000ed700000| Untracked 
| 216|0x00000000ed800000, 0x00000000ed800000, 0x00000000ed900000|  0%| F|  |TAMS 0x00000000ed800000| PB 0x00000000ed800000| Untracked 
| 217|0x00000000ed900000, 0x00000000ed900000, 0x00000000eda00000|  0%| F|  |TAMS 0x00000000ed900000| PB 0x00000000ed900000| Untracked 
| 218|0x00000000eda00000, 0x00000000eda00000, 0x00000000edb00000|  0%| F|  |TAMS 0x00000000eda00000| PB 0x00000000eda00000| Untracked 
| 219|0x00000000edb00000, 0x00000000edb00000, 0x00000000edc00000|  0%| F|  |TAMS 0x00000000edb00000| PB 0x00000000edb00000| Untracked 
| 220|0x00000000edc00000, 0x00000000edc00000, 0x00000000edd00000|  0%| F|  |TAMS 0x00000000edc00000| PB 0x00000000edc00000| Untracked 
| 221|0x00000000edd00000, 0x00000000edd00000, 0x00000000ede00000|  0%| F|  |TAMS 0x00000000edd00000| PB 0x00000000edd00000| Untracked 
| 222|0x00000000ede00000, 0x00000000ede00000, 0x00000000edf00000|  0%| F|  |TAMS 0x00000000ede00000| PB 0x00000000ede00000| Untracked 
| 223|0x00000000edf00000, 0x00000000edf00000, 0x00000000ee000000|  0%| F|  |TAMS 0x00000000edf00000| PB 0x00000000edf00000| Untracked 
| 224|0x00000000ee000000, 0x00000000ee000000, 0x00000000ee100000|  0%| F|  |TAMS 0x00000000ee000000| PB 0x00000000ee000000| Untracked 
| 225|0x00000000ee100000, 0x00000000ee100000, 0x00000000ee200000|  0%| F|  |TAMS 0x00000000ee100000| PB 0x00000000ee100000| Untracked 
| 226|0x00000000ee200000, 0x00000000ee200000, 0x00000000ee300000|  0%| F|  |TAMS 0x00000000ee200000| PB 0x00000000ee200000| Untracked 
| 227|0x00000000ee300000, 0x00000000ee300000, 0x00000000ee400000|  0%| F|  |TAMS 0x00000000ee300000| PB 0x00000000ee300000| Untracked 
| 228|0x00000000ee400000, 0x00000000ee400000, 0x00000000ee500000|  0%| F|  |TAMS 0x00000000ee400000| PB 0x00000000ee400000| Untracked 
| 229|0x00000000ee500000, 0x00000000ee500000, 0x00000000ee600000|  0%| F|  |TAMS 0x00000000ee500000| PB 0x00000000ee500000| Untracked 
| 230|0x00000000ee600000, 0x00000000ee600000, 0x00000000ee700000|  0%| F|  |TAMS 0x00000000ee600000| PB 0x00000000ee600000| Untracked 
| 231|0x00000000ee700000, 0x00000000ee700000, 0x00000000ee800000|  0%| F|  |TAMS 0x00000000ee700000| PB 0x00000000ee700000| Untracked 
| 232|0x00000000ee800000, 0x00000000ee800000, 0x00000000ee900000|  0%| F|  |TAMS 0x00000000ee800000| PB 0x00000000ee800000| Untracked 
| 233|0x00000000ee900000, 0x00000000ee900000, 0x00000000eea00000|  0%| F|  |TAMS 0x00000000ee900000| PB 0x00000000ee900000| Untracked 
| 234|0x00000000eea00000, 0x00000000eea00000, 0x00000000eeb00000|  0%| F|  |TAMS 0x00000000eea00000| PB 0x00000000eea00000| Untracked 
| 235|0x00000000eeb00000, 0x00000000eeb00000, 0x00000000eec00000|  0%| F|  |TAMS 0x00000000eeb00000| PB 0x00000000eeb00000| Untracked 
| 236|0x00000000eec00000, 0x00000000eec00000, 0x00000000eed00000|  0%| F|  |TAMS 0x00000000eec00000| PB 0x00000000eec00000| Untracked 
| 237|0x00000000eed00000, 0x00000000eed00000, 0x00000000eee00000|  0%| F|  |TAMS 0x00000000eed00000| PB 0x00000000eed00000| Untracked 
| 238|0x00000000eee00000, 0x00000000eee00000, 0x00000000eef00000|  0%| F|  |TAMS 0x00000000eee00000| PB 0x00000000eee00000| Untracked 
| 239|0x00000000eef00000, 0x00000000eef00000, 0x00000000ef000000|  0%| F|  |TAMS 0x00000000eef00000| PB 0x00000000eef00000| Untracked 
| 240|0x00000000ef000000, 0x00000000ef000000, 0x00000000ef100000|  0%| F|  |TAMS 0x00000000ef000000| PB 0x00000000ef000000| Untracked 
| 241|0x00000000ef100000, 0x00000000ef100000, 0x00000000ef200000|  0%| F|  |TAMS 0x00000000ef100000| PB 0x00000000ef100000| Untracked 
| 242|0x00000000ef200000, 0x00000000ef200000, 0x00000000ef300000|  0%| F|  |TAMS 0x00000000ef200000| PB 0x00000000ef200000| Untracked 
| 243|0x00000000ef300000, 0x00000000ef300000, 0x00000000ef400000|  0%| F|  |TAMS 0x00000000ef300000| PB 0x00000000ef300000| Untracked 
| 244|0x00000000ef400000, 0x00000000ef400000, 0x00000000ef500000|  0%| F|  |TAMS 0x00000000ef400000| PB 0x00000000ef400000| Untracked 
| 245|0x00000000ef500000, 0x00000000ef500000, 0x00000000ef600000|  0%| F|  |TAMS 0x00000000ef500000| PB 0x00000000ef500000| Untracked 
| 246|0x00000000ef600000, 0x00000000ef600000, 0x00000000ef700000|  0%| F|  |TAMS 0x00000000ef600000| PB 0x00000000ef600000| Untracked 
| 247|0x00000000ef700000, 0x00000000ef700000, 0x00000000ef800000|  0%| F|  |TAMS 0x00000000ef700000| PB 0x00000000ef700000| Untracked 
| 248|0x00000000ef800000, 0x00000000ef800000, 0x00000000ef900000|  0%| F|  |TAMS 0x00000000ef800000| PB 0x00000000ef800000| Untracked 
| 249|0x00000000ef900000, 0x00000000ef900000, 0x00000000efa00000|  0%| F|  |TAMS 0x00000000ef900000| PB 0x00000000ef900000| Untracked 
| 250|0x00000000efa00000, 0x00000000efb00000, 0x00000000efb00000|100%| E|  |TAMS 0x00000000efa00000| PB 0x00000000efa00000| Complete 
| 251|0x00000000efb00000, 0x00000000efc00000, 0x00000000efc00000|100%| E|CS|TAMS 0x00000000efb00000| PB 0x00000000efb00000| Complete 
| 252|0x00000000efc00000, 0x00000000efd00000, 0x00000000efd00000|100%| E|CS|TAMS 0x00000000efc00000| PB 0x00000000efc00000| Complete 
| 253|0x00000000efd00000, 0x00000000efe00000, 0x00000000efe00000|100%| E|CS|TAMS 0x00000000efd00000| PB 0x00000000efd00000| Complete 
| 254|0x00000000efe00000, 0x00000000eff00000, 0x00000000eff00000|100%| E|CS|TAMS 0x00000000efe00000| PB 0x00000000efe00000| Complete 
| 255|0x00000000eff00000, 0x00000000f0000000, 0x00000000f0000000|100%| E|CS|TAMS 0x00000000eff00000| PB 0x00000000eff00000| Complete 

Card table byte_map: [0x0000022119150000,0x0000022119250000] _byte_map_base: 0x0000022118a50000

Marking Bits: (CMBitMap*) 0x0000022106b47d80
 Bits: [0x0000022119250000, 0x0000022119a50000)

Polling page: 0x0000022104ac0000

Metaspace:

Usage:
  Non-class:     42.66 MB used.
      Class:      7.48 MB used.
       Both:     50.14 MB used.

Virtual space:
  Non-class space:       64.00 MB reserved,      43.69 MB ( 68%) committed,  1 nodes.
      Class space:      320.00 MB reserved,       8.44 MB (  3%) committed,  1 nodes.
             Both:      384.00 MB reserved,      52.12 MB ( 14%) committed. 

Chunk freelists:
   Non-Class:  3.41 MB
       Class:  7.57 MB
        Both:  10.98 MB

MaxMetaspaceSize: 384.00 MB
CompressedClassSpaceSize: 320.00 MB
Initial GC threshold: 21.00 MB
Current GC threshold: 60.56 MB
CDS: on
 - commit_granule_bytes: 65536.
 - commit_granule_words: 8192.
 - virtual_space_node_default_size: 8388608.
 - enlarge_chunks_in_place: 1.
 - use_allocation_guard: 0.


Internal statistics:

num_allocs_failed_limit: 12.
num_arena_births: 3680.
num_arena_deaths: 0.
num_vsnodes_births: 2.
num_vsnodes_deaths: 0.
num_space_committed: 834.
num_space_uncommitted: 0.
num_chunks_returned_to_freelist: 12.
num_chunks_taken_from_freelist: 6318.
num_chunk_merges: 9.
num_chunk_splits: 4035.
num_chunks_enlarged: 2354.
num_inconsistent_stats: 0.

CodeHeap 'non-profiled nmethods': size=120000Kb used=3171Kb max_used=3171Kb free=116828Kb
 bounds [0x00000221117f0000, 0x0000022111b10000, 0x0000022118d20000]
CodeHeap 'profiled nmethods': size=120000Kb used=11949Kb max_used=11949Kb free=108051Kb
 bounds [0x0000022109d20000, 0x000002210a8d0000, 0x0000022111250000]
CodeHeap 'non-nmethods': size=5760Kb used=1896Kb max_used=1963Kb free=3864Kb
 bounds [0x0000022111250000, 0x00000221114c0000, 0x00000221117f0000]
CodeCache: size=245760Kb, used=17016Kb, max_used=17083Kb, free=228743Kb
 total_blobs=6919, nmethods=6154, adapters=669, full_count=0
Compilation: enabled, stopped_count=0, restarted_count=0

Compilation events (20 events):
Event: 80.373 Thread 0x000002211c4db5b0 6638       3       sun.reflect.generics.tree.TypeVariableSignature::accept (8 bytes)
Event: 80.374 Thread 0x000002211c4db5b0 nmethod 6638 0x000002210a8c1490 code [0x000002210a8c1660, 0x000002210a8c1a88]
Event: 80.374 Thread 0x000002211c4db5b0 6639       3       sun.reflect.generics.visitor.Reifier::visitTypeVariableSignature (18 bytes)
Event: 80.375 Thread 0x000002211c4db5b0 nmethod 6639 0x000002210a8c1c90 code [0x000002210a8c1e60, 0x000002210a8c21b8]
Event: 80.375 Thread 0x000002211c4db5b0 6640       1       org.gradle.model.internal.asm.AsmClassGenerator::getTargetType (5 bytes)
Event: 80.375 Thread 0x000002211c4db5b0 nmethod 6640 0x0000022111b07210 code [0x0000022111b073a0, 0x0000022111b07468]
Event: 80.375 Thread 0x000002211c4db5b0 6641       1       org.gradle.internal.instantiation.generator.AsmBackedClassGenerator$ClassBuilderImpl::access$8400 (5 bytes)
Event: 80.375 Thread 0x000002211c4db5b0 nmethod 6641 0x0000022111b07510 code [0x0000022111b076a0, 0x0000022111b07750]
Event: 80.375 Thread 0x000002211c4db5b0 6642       1       org.gradle.internal.instantiation.generator.AsmBackedClassGenerator$ClassBuilderImpl::access$8200 (5 bytes)
Event: 80.375 Thread 0x000002211c4db5b0 nmethod 6642 0x0000022111b07810 code [0x0000022111b079a0, 0x0000022111b07a50]
Event: 80.375 Thread 0x000002211c4db5b0 6643       1       org.gradle.internal.instantiation.generator.AsmBackedClassGenerator$ClassBuilderImpl::access$4800 (5 bytes)
Event: 80.375 Thread 0x000002211c4db5b0 nmethod 6643 0x0000022111b07b10 code [0x0000022111b07ca0, 0x0000022111b07d50]
Event: 80.375 Thread 0x000002211c4db5b0 6644       1       org.gradle.internal.instantiation.generator.AsmBackedClassGenerator$ClassBuilderImpl::access$4600 (5 bytes)
Event: 80.375 Thread 0x000002211c4db5b0 nmethod 6644 0x0000022111b07e10 code [0x0000022111b07fa0, 0x0000022111b08050]
Event: 80.377 Thread 0x000002211c4db5b0 6645       3       java.lang.invoke.BoundMethodHandle$Species_LLLLL::make (18 bytes)
Event: 80.377 Thread 0x000002211c4db5b0 nmethod 6645 0x000002210a8c2390 code [0x000002210a8c2540, 0x000002210a8c2710]
Event: 80.382 Thread 0x000002211c4db5b0 6646       3       java.util.LinkedHashMap::afterNodeRemoval (65 bytes)
Event: 80.382 Thread 0x000002211c4db5b0 nmethod 6646 0x000002210a8c2810 code [0x000002210a8c29e0, 0x000002210a8c2e78]
Event: 80.389 Thread 0x000002211c4db5b0 6647       1       org.gradle.api.internal.DefaultDomainObjectCollection::getEventRegister (5 bytes)
Event: 80.389 Thread 0x000002211c4db5b0 nmethod 6647 0x0000022111b08110 code [0x0000022111b082a0, 0x0000022111b08368]

GC Heap History (14 events):
Event: 2.849 GC heap before
{Heap before GC invocations=0 (full 0):
 garbage-first heap   total 262144K, used 27648K [0x00000000e0000000, 0x0000000100000000)
  region size 1024K, 23 young (23552K), 0 survivors (0K)
 Metaspace       used 3002K, committed 3200K, reserved 393216K
  class space    used 366K, committed 448K, reserved 327680K
}
Event: 5.228 GC heap after
{Heap after GC invocations=1 (full 0):
 garbage-first heap   total 262144K, used 11023K [0x00000000e0000000, 0x0000000100000000)
  region size 1024K, 3 young (3072K), 3 survivors (3072K)
 Metaspace       used 3002K, committed 3200K, reserved 393216K
  class space    used 366K, committed 448K, reserved 327680K
}
Event: 7.656 GC heap before
{Heap before GC invocations=1 (full 0):
 garbage-first heap   total 262144K, used 40719K [0x00000000e0000000, 0x0000000100000000)
  region size 1024K, 31 young (31744K), 3 survivors (3072K)
 Metaspace       used 4640K, committed 4864K, reserved 393216K
  class space    used 597K, committed 704K, reserved 327680K
}
Event: 7.673 GC heap after
{Heap after GC invocations=2 (full 0):
 garbage-first heap   total 262144K, used 15596K [0x00000000e0000000, 0x0000000100000000)
  region size 1024K, 3 young (3072K), 3 survivors (3072K)
 Metaspace       used 4640K, committed 4864K, reserved 393216K
  class space    used 597K, committed 704K, reserved 327680K
}
Event: 47.012 GC heap before
{Heap before GC invocations=2 (full 0):
 garbage-first heap   total 262144K, used 150764K [0x00000000e0000000, 0x0000000100000000)
  region size 1024K, 136 young (139264K), 3 survivors (3072K)
 Metaspace       used 20887K, committed 21504K, reserved 393216K
  class space    used 2927K, committed 3200K, reserved 327680K
}
Event: 47.056 GC heap after
{Heap after GC invocations=3 (full 0):
 garbage-first heap   total 262144K, used 24490K [0x00000000e0000000, 0x0000000100000000)
  region size 1024K, 12 young (12288K), 12 survivors (12288K)
 Metaspace       used 20887K, committed 21504K, reserved 393216K
  class space    used 2927K, committed 3200K, reserved 327680K
}
Event: 60.346 GC heap before
{Heap before GC invocations=4 (full 0):
 garbage-first heap   total 262144K, used 127914K [0x00000000e0000000, 0x0000000100000000)
  region size 1024K, 113 young (115712K), 12 survivors (12288K)
 Metaspace       used 35019K, committed 36288K, reserved 393216K
  class space    used 4985K, committed 5632K, reserved 327680K
}
Event: 60.374 GC heap after
{Heap after GC invocations=5 (full 0):
 garbage-first heap   total 262144K, used 29956K [0x00000000e0000000, 0x0000000100000000)
  region size 1024K, 15 young (15360K), 15 survivors (15360K)
 Metaspace       used 35019K, committed 36288K, reserved 393216K
  class space    used 4985K, committed 5632K, reserved 327680K
}
Event: 60.540 GC heap before
{Heap before GC invocations=5 (full 0):
 garbage-first heap   total 262144K, used 32004K [0x00000000e0000000, 0x0000000100000000)
  region size 1024K, 18 young (18432K), 15 survivors (15360K)
 Metaspace       used 35319K, committed 36608K, reserved 393216K
  class space    used 5030K, committed 5696K, reserved 327680K
}
Event: 60.561 GC heap after
{Heap after GC invocations=6 (full 0):
 garbage-first heap   total 262144K, used 31174K [0x00000000e0000000, 0x0000000100000000)
  region size 1024K, 7 young (7168K), 7 survivors (7168K)
 Metaspace       used 35319K, committed 36608K, reserved 393216K
  class space    used 5030K, committed 5696K, reserved 327680K
}
Event: 60.624 GC heap before
{Heap before GC invocations=6 (full 0):
 garbage-first heap   total 262144K, used 32198K [0x00000000e0000000, 0x0000000100000000)
  region size 1024K, 9 young (9216K), 7 survivors (7168K)
 Metaspace       used 35627K, committed 36928K, reserved 393216K
  class space    used 5047K, committed 5696K, reserved 327680K
}
Event: 60.636 GC heap after
{Heap after GC invocations=7 (full 0):
 garbage-first heap   total 262144K, used 31174K [0x00000000e0000000, 0x0000000100000000)
  region size 1024K, 7 young (7168K), 7 survivors (7168K)
 Metaspace       used 35627K, committed 36928K, reserved 393216K
  class space    used 5047K, committed 5696K, reserved 327680K
}
Event: 79.920 GC heap before
{Heap before GC invocations=8 (full 0):
 garbage-first heap   total 262144K, used 180678K [0x00000000e0000000, 0x0000000100000000)
  region size 1024K, 153 young (156672K), 7 survivors (7168K)
 Metaspace       used 50912K, committed 52928K, reserved 393216K
  class space    used 7582K, committed 8576K, reserved 327680K
}
Event: 80.129 GC heap after
{Heap after GC invocations=9 (full 0):
 garbage-first heap   total 262144K, used 39312K [0x00000000e0000000, 0x0000000100000000)
  region size 1024K, 15 young (15360K), 15 survivors (15360K)
 Metaspace       used 50912K, committed 52928K, reserved 393216K
  class space    used 7582K, committed 8576K, reserved 327680K
}

Dll operation events (20 events):
Event: 0.808 Attempting to load shared library C:\Users\ericj\.vscode\extensions\redhat.java-1.56.0-win32-x64\jre\21.0.12.1-win32-x86_64\bin\nio.dll
Event: 0.809 Loaded shared library C:\Users\ericj\.vscode\extensions\redhat.java-1.56.0-win32-x64\jre\21.0.12.1-win32-x86_64\bin\nio.dll
Event: 0.847 Attempting to load shared library C:\Users\ericj\.vscode\extensions\redhat.java-1.56.0-win32-x64\jre\21.0.12.1-win32-x86_64\bin\zip.dll
Event: 0.847 Loaded shared library C:\Users\ericj\.vscode\extensions\redhat.java-1.56.0-win32-x64\jre\21.0.12.1-win32-x86_64\bin\zip.dll
Event: 1.526 Attempting to load shared library C:\Users\ericj\.vscode\extensions\redhat.java-1.56.0-win32-x64\jre\21.0.12.1-win32-x86_64\bin\jimage.dll
Event: 1.526 Loaded shared library C:\Users\ericj\.vscode\extensions\redhat.java-1.56.0-win32-x64\jre\21.0.12.1-win32-x86_64\bin\jimage.dll
Event: 2.283 Attempting to load shared library C:\Users\ericj\.vscode\extensions\redhat.java-1.56.0-win32-x64\jre\21.0.12.1-win32-x86_64\bin\verify.dll
Event: 2.286 Loaded shared library C:\Users\ericj\.vscode\extensions\redhat.java-1.56.0-win32-x64\jre\21.0.12.1-win32-x86_64\bin\verify.dll
Event: 2.509 Attempting to load shared library C:\Users\ericj\.gradle\native\660c5614fbf4a5f2a75b1949f50a0caf5cd603558e7d8a26e50b933a0cfb79d1\windows-amd64\native-platform.dll
Event: 2.510 Loaded shared library C:\Users\ericj\.gradle\native\660c5614fbf4a5f2a75b1949f50a0caf5cd603558e7d8a26e50b933a0cfb79d1\windows-amd64\native-platform.dll
Event: 2.543 Attempting to load shared library C:\Users\ericj\.gradle\native\0.2.8\x86_64-windows-gnu\gradle-fileevents.dll
Event: 2.546 Loaded shared library C:\Users\ericj\.gradle\native\0.2.8\x86_64-windows-gnu\gradle-fileevents.dll
Event: 8.985 Attempting to load shared library C:\Users\ericj\.vscode\extensions\redhat.java-1.56.0-win32-x64\jre\21.0.12.1-win32-x86_64\bin\management.dll
Event: 8.989 Loaded shared library C:\Users\ericj\.vscode\extensions\redhat.java-1.56.0-win32-x64\jre\21.0.12.1-win32-x86_64\bin\management.dll
Event: 9.005 Attempting to load shared library C:\Users\ericj\.vscode\extensions\redhat.java-1.56.0-win32-x64\jre\21.0.12.1-win32-x86_64\bin\management_ext.dll
Event: 9.012 Loaded shared library C:\Users\ericj\.vscode\extensions\redhat.java-1.56.0-win32-x64\jre\21.0.12.1-win32-x86_64\bin\management_ext.dll
Event: 10.945 Attempting to load shared library C:\Users\ericj\.vscode\extensions\redhat.java-1.56.0-win32-x64\jre\21.0.12.1-win32-x86_64\bin\extnet.dll
Event: 10.949 Loaded shared library C:\Users\ericj\.vscode\extensions\redhat.java-1.56.0-win32-x64\jre\21.0.12.1-win32-x86_64\bin\extnet.dll
Event: 13.778 Attempting to load shared library C:\Users\ericj\.vscode\extensions\redhat.java-1.56.0-win32-x64\jre\21.0.12.1-win32-x86_64\bin\sunmscapi.dll
Event: 13.819 Loaded shared library C:\Users\ericj\.vscode\extensions\redhat.java-1.56.0-win32-x64\jre\21.0.12.1-win32-x86_64\bin\sunmscapi.dll

Deoptimization events (20 events):
Event: 75.046 Thread 0x00000221382e7cf0 DEOPT UNPACKING pc=0x00000221112a4422 sp=0x000000fae7dfd718 mode 2
Event: 75.046 Thread 0x00000221382ed8d0 DEOPT UNPACKING pc=0x00000221112a4422 sp=0x000000fae81fdde8 mode 2
Event: 75.789 Thread 0x00000221382e7cf0 DEOPT PACKING pc=0x0000022109f86549 sp=0x000000fae7dfd550
Event: 75.789 Thread 0x00000221382e7cf0 DEOPT UNPACKING pc=0x00000221112a4bc2 sp=0x000000fae7dfc9c0 mode 0
Event: 75.932 Thread 0x00000221382ed240 DEOPT PACKING pc=0x000002210a12c2c6 sp=0x000000fae7cfd2c0
Event: 75.932 Thread 0x00000221382ed240 DEOPT UNPACKING pc=0x00000221112a4bc2 sp=0x000000fae7cfc840 mode 0
Event: 76.223 Thread 0x0000022137ca0dd0 Uncommon trap: trap_request=0xffffffbe fr.pc=0x0000022111ad56c8 relative=0x0000000000000268
Event: 76.223 Thread 0x0000022137ca0dd0 Uncommon trap: reason=profile_predicate action=maybe_recompile pc=0x0000022111ad56c8 method=java.util.stream.ReferencePipeline.forEachWithCancel(Ljava/util/Spliterator;Ljava/util/stream/Sink;)Z @ 8 c2
Event: 76.223 Thread 0x0000022137ca0dd0 DEOPT PACKING pc=0x0000022111ad56c8 sp=0x000000fae59fe750
Event: 76.223 Thread 0x0000022137ca0dd0 DEOPT UNPACKING pc=0x00000221112a4422 sp=0x000000fae59fe6f0 mode 2
Event: 76.464 Thread 0x0000022136ac8090 DEOPT PACKING pc=0x000002210a229ddb sp=0x000000fae6dfe5e0
Event: 76.464 Thread 0x0000022136ac8090 DEOPT UNPACKING pc=0x00000221112a4bc2 sp=0x000000fae6dfda68 mode 0
Event: 77.862 Thread 0x000002211c880850 Uncommon trap: trap_request=0xffffff45 fr.pc=0x00000221119a54d4 relative=0x0000000000000134
Event: 77.862 Thread 0x000002211c880850 Uncommon trap: reason=unstable_if action=reinterpret pc=0x00000221119a54d4 method=jdk.internal.org.objectweb.asm.ByteVector.putInt(I)Ljdk/internal/org/objectweb/asm/ByteVector; @ 13 c2
Event: 77.862 Thread 0x000002211c880850 DEOPT PACKING pc=0x00000221119a54d4 sp=0x000000fae5ff4950
Event: 77.862 Thread 0x000002211c880850 DEOPT UNPACKING pc=0x00000221112a4422 sp=0x000000fae5ff48e8 mode 2
Event: 77.893 Thread 0x000002211c880850 Uncommon trap: trap_request=0xffffff45 fr.pc=0x0000022111ac63d0 relative=0x00000000000002f0
Event: 77.893 Thread 0x000002211c880850 Uncommon trap: reason=unstable_if action=reinterpret pc=0x0000022111ac63d0 method=java.io.WinNTFileSystem.prefixLength(Ljava/lang/String;)I @ 42 c2
Event: 77.893 Thread 0x000002211c880850 DEOPT PACKING pc=0x0000022111ac63d0 sp=0x000000fae5ff5ee0
Event: 77.893 Thread 0x000002211c880850 DEOPT UNPACKING pc=0x00000221112a4422 sp=0x000000fae5ff5e68 mode 2

Classes loaded (20 events):
Event: 77.885 Loading class jdk/xml/internal/XMLSecurityManager$NameMap
Event: 77.886 Loading class jdk/xml/internal/XMLSecurityManager$NameMap done
Event: 77.886 Loading class com/sun/org/apache/xerces/internal/utils/XMLSecurityPropertyManager
Event: 77.887 Loading class com/sun/org/apache/xerces/internal/utils/XMLSecurityPropertyManager done
Event: 77.887 Loading class com/sun/org/apache/xerces/internal/utils/XMLSecurityPropertyManager$State
Event: 77.887 Loading class com/sun/org/apache/xerces/internal/utils/XMLSecurityPropertyManager$State done
Event: 77.887 Loading class com/sun/org/apache/xerces/internal/utils/XMLSecurityPropertyManager$Property
Event: 77.887 Loading class com/sun/org/apache/xerces/internal/utils/XMLSecurityPropertyManager$Property done
Event: 77.888 Loading class javax/xml/parsers/DocumentBuilderFactory
Event: 77.889 Loading class javax/xml/parsers/DocumentBuilderFactory done
Event: 77.889 Loading class javax/xml/parsers/FactoryFinder
Event: 77.889 Loading class javax/xml/parsers/FactoryFinder done
Event: 77.890 Loading class javax/xml/parsers/FactoryFinder$1
Event: 77.890 Loading class javax/xml/parsers/FactoryFinder$1 done
Event: 77.892 Loading class com/sun/org/apache/xerces/internal/jaxp/DocumentBuilderFactoryImpl
Event: 77.892 Loading class com/sun/org/apache/xerces/internal/jaxp/DocumentBuilderFactoryImpl done
Event: 77.989 Loading class java/util/regex/Pattern$SliceI
Event: 77.990 Loading class java/util/regex/Pattern$SliceI done
Event: 78.568 Loading class java/beans/PropertyChangeListener
Event: 78.570 Loading class java/beans/PropertyChangeListener done

Classes unloaded (0 events):
No events

Classes redefined (0 events):
No events

Internal exceptions (20 events):
Event: 69.257 Thread 0x000002211c880850 Exception <a 'java/lang/NoSuchMethodError'{0x00000000e9a47448}: 'java.lang.Object java.lang.invoke.DirectMethodHandle$Holder.invokeStatic(java.lang.Object, long, java.lang.Object)'> (0x00000000e9a47448) 
thrown [s\src\hotspot\share\interpreter\linkResolver.cpp, line 773]
Event: 69.258 Thread 0x000002211c880850 Exception <a 'java/lang/NoSuchMethodError'{0x00000000e9a4e8f0}: 'java.lang.Object java.lang.invoke.DirectMethodHandle$Holder.newInvokeSpecial(java.lang.Object, long)'> (0x00000000e9a4e8f0) 
thrown [s\src\hotspot\share\interpreter\linkResolver.cpp, line 773]
Event: 69.276 Thread 0x000002211c880850 Exception <a 'java/lang/NoSuchMethodError'{0x00000000e9aadf10}: 'java.lang.Object java.lang.invoke.DirectMethodHandle$Holder.newInvokeSpecial(java.lang.Object, java.lang.Object, java.lang.Object, java.lang.Object, java.lang.Object, long, java.lang.Object)'> (0x00000000e9aadf10) 
thrown [s\src\hotspot\share\interpreter\linkResolver.cpp, line 773]
Event: 69.276 Thread 0x000002211c880850 Exception <a 'java/lang/NoSuchMethodError'{0x00000000e9ab6958}: 'java.lang.Object java.lang.invoke.Invokers$Holder.linkToTargetMethod(java.lang.Object, java.lang.Object, java.lang.Object, java.lang.Object, long, java.lang.Object, java.lang.Object)'> (0x00000000e9ab6958) 
thrown [s\src\hotspot\share\interpreter\linkResolver.cpp, line 773]
Event: 69.284 Thread 0x000002211c880850 Exception <a 'java/lang/NoSuchMethodError'{0x00000000e9af6ab0}: 'java.lang.Object java.lang.invoke.DirectMethodHandle$Holder.newInvokeSpecial(java.lang.Object, java.lang.Object, java.lang.Object, long, java.lang.Object)'> (0x00000000e9af6ab0) 
thrown [s\src\hotspot\share\interpreter\linkResolver.cpp, line 773]
Event: 69.285 Thread 0x000002211c880850 Exception <a 'java/lang/NoSuchMethodError'{0x00000000e9afb960}: 'java.lang.Object java.lang.invoke.DirectMethodHandle$Holder.invokeSpecial(java.lang.Object, java.lang.Object, java.lang.Object, java.lang.Object, long, java.lang.Object)'> (0x00000000e9afb960) 
thrown [s\src\hotspot\share\interpreter\linkResolver.cpp, line 773]
Event: 69.285 Thread 0x000002211c880850 Exception <a 'java/lang/NoSuchMethodError'{0x00000000e9900120}: 'java.lang.Object java.lang.invoke.Invokers$Holder.linkToTargetMethod(java.lang.Object, java.lang.Object, long, java.lang.Object, java.lang.Object)'> (0x00000000e9900120) 
thrown [s\src\hotspot\share\interpreter\linkResolver.cpp, line 773]
Event: 69.335 Thread 0x000002211c880850 Implicit null exception at 0x0000022111a1ed80 to 0x0000022111a1ee38
Event: 69.421 Thread 0x000002211c880850 Exception <a 'java/lang/NoSuchMethodError'{0x00000000e9766a70}: 'java.lang.Object java.lang.invoke.DirectMethodHandle$Holder.invokeSpecial(java.lang.Object, java.lang.Object, long, java.lang.Object, java.lang.Object)'> (0x00000000e9766a70) 
thrown [s\src\hotspot\share\interpreter\linkResolver.cpp, line 773]
Event: 70.040 Thread 0x000002211c880850 Exception <a 'java/lang/NoSuchMethodError'{0x00000000e935fd58}: 'void java.lang.invoke.DirectMethodHandle$Holder.invokeVirtual(java.lang.Object, java.lang.Object)'> (0x00000000e935fd58) 
thrown [s\src\hotspot\share\interpreter\linkResolver.cpp, line 773]
Event: 71.015 Thread 0x000002211c880850 Exception <a 'java/lang/NoSuchMethodError'{0x00000000e8e13f80}: 'java.lang.Object java.lang.invoke.DirectMethodHandle$Holder.newInvokeSpecial(java.lang.Object, java.lang.Object, java.lang.Object, java.lang.Object, int, java.lang.Object)'> (0x00000000e8e13f80) 
thrown [s\src\hotspot\share\interpreter\linkResolver.cpp, line 773]
Event: 71.017 Thread 0x000002211c880850 Exception <a 'java/lang/NoSuchMethodError'{0x00000000e8e19218}: 'java.lang.Object java.lang.invoke.DirectMethodHandle$Holder.invokeSpecial(java.lang.Object, java.lang.Object, java.lang.Object, java.lang.Object, java.lang.Object, int, java.lang.Object)'> (0x00000000e8e19218) 
thrown [s\src\hotspot\share\interpreter\linkResolver.cpp, line 773]
Event: 71.017 Thread 0x000002211c880850 Exception <a 'java/lang/NoSuchMethodError'{0x00000000e8e1daf0}: 'java.lang.Object java.lang.invoke.Invokers$Holder.linkToTargetMethod(java.lang.Object, java.lang.Object, java.lang.Object, int, java.lang.Object, java.lang.Object)'> (0x00000000e8e1daf0) 
thrown [s\src\hotspot\share\interpreter\linkResolver.cpp, line 773]
Event: 75.028 Thread 0x000002211c880850 Exception <a 'java/lang/NoSuchMethodError'{0x00000000e889cf78}: 'java.lang.Object java.lang.invoke.DirectMethodHandle$Holder.invokeSpecialIFC(java.lang.Object, java.lang.Object, java.lang.Object)'> (0x00000000e889cf78) 
thrown [s\src\hotspot\share\interpreter\linkResolver.cpp, line 773]
Event: 77.921 Thread 0x000002211c880850 Exception <a 'java/lang/NoSuchMethodError'{0x00000000e747e3a8}: 'java.lang.Object java.lang.invoke.DirectMethodHandle$Holder.newInvokeSpecial(java.lang.Object, java.lang.Object, java.lang.Object, java.lang.Object, java.lang.Object, java.lang.Object, java.lang.Object, java.lang.Object, java.lang.Object, java.lang.Object, java.lang.Object, java.lang.Object, java.lang.Object, java.lang.Object, java.lang.Object, java.lang.Object)'> (0x00000000e747e3a8) 
thrown [s\src\hotspot\share\interpreter\linkResolver.cpp,
Event: 77.922 Thread 0x000002211c880850 Exception <a 'java/lang/NoSuchMethodError'{0x00000000e7485358}: 'java.lang.Object java.lang.invoke.DirectMethodHandle$Holder.invokeSpecial(java.lang.Object, java.lang.Object, java.lang.Object, java.lang.Object, java.lang.Object, java.lang.Object, java.lang.Object, java.lang.Object, java.lang.Object, java.lang.Object, java.lang.Object, java.lang.Object, java.lang.Object, java.lang.Object, java.lang.Object, java.lang.Object, java.lang.Object)'> (0x00000000e7485358) 
thrown [s\src\hotspot\share\interpreter\li
Event: 77.923 Thread 0x000002211c880850 Exception <a 'java/lang/NoSuchMethodError'{0x00000000e748af48}: 'java.lang.Object java.lang.invoke.DelegatingMethodHandle$Holder.reinvoke_L(java.lang.Object, java.lang.Object, java.lang.Object, java.lang.Object, java.lang.Object, java.lang.Object, java.lang.Object, java.lang.Object, java.lang.Object, java.lang.Object, java.lang.Object, java.lang.Object, java.lang.Object, java.lang.Object, java.lang.Object, java.lang.Object)'> (0x00000000e748af48) 
thrown [s\src\hotspot\share\interpreter\linkResolver.cpp, l
Event: 80.331 Thread 0x000002211c880850 Exception <a 'java/lang/IncompatibleClassChangeError'{0x00000000efd95140}: Found class java.lang.Object, but interface was expected> (0x00000000efd95140) 
thrown [s\src\hotspot\share\interpreter\linkResolver.cpp, line 840]
Event: 80.343 Thread 0x000002211c880850 Exception <a 'java/lang/IncompatibleClassChangeError'{0x00000000efdb69d0}: Found class java.lang.Object, but interface was expected> (0x00000000efdb69d0) 
thrown [s\src\hotspot\share\interpreter\linkResolver.cpp, line 840]
Event: 80.343 Thread 0x000002211c880850 Exception <a 'java/lang/IncompatibleClassChangeError'{0x00000000efdbaa98}: Found class java.lang.Object, but interface was expected> (0x00000000efdbaa98) 
thrown [s\src\hotspot\share\interpreter\linkResolver.cpp, line 840]

ZGC Phase Switch (0 events):
No events

VM Operations (20 events):
Event: 69.083 Executing safepoint VM operation: Cleanup
Event: 69.083 Executing safepoint VM operation: Cleanup done
Event: 69.124 Executing non-safepoint VM operation: HandshakeAllThreads (Deoptimize)
Event: 69.125 Executing non-safepoint VM operation: HandshakeAllThreads (Deoptimize) done
Event: 70.127 Executing safepoint VM operation: Cleanup
Event: 70.945 Executing safepoint VM operation: Cleanup done
Event: 71.959 Executing safepoint VM operation: Cleanup
Event: 72.898 Executing safepoint VM operation: Cleanup done
Event: 73.903 Executing safepoint VM operation: Cleanup
Event: 73.904 Executing safepoint VM operation: Cleanup done
Event: 74.905 Executing safepoint VM operation: Cleanup
Event: 74.921 Executing safepoint VM operation: Cleanup done
Event: 75.925 Executing safepoint VM operation: Cleanup
Event: 75.926 Executing safepoint VM operation: Cleanup done
Event: 76.929 Executing safepoint VM operation: Cleanup
Event: 76.929 Executing safepoint VM operation: Cleanup done
Event: 77.940 Executing safepoint VM operation: Cleanup
Event: 77.941 Executing safepoint VM operation: Cleanup done
Event: 78.661 Executing safepoint VM operation: G1CollectForAllocation (G1 Evacuation Pause)
Event: 80.129 Executing safepoint VM operation: G1CollectForAllocation (G1 Evacuation Pause) done

Memory protections (0 events):
No events

Nmethod flushes (20 events):
Event: 60.739 Thread 0x000002211c4a0a90 flushing  nmethod 0x000002210a115b90
Event: 60.739 Thread 0x000002211c4a0a90 flushing  nmethod 0x000002210a166290
Event: 60.739 Thread 0x000002211c4a0a90 flushing  nmethod 0x000002210a1a5410
Event: 60.739 Thread 0x000002211c4a0a90 flushing  nmethod 0x000002210a1aac90
Event: 60.739 Thread 0x000002211c4a0a90 flushing  nmethod 0x000002210a1cb390
Event: 60.739 Thread 0x000002211c4a0a90 flushing  nmethod 0x000002210a1d5890
Event: 60.739 Thread 0x000002211c4a0a90 flushing  nmethod 0x0000022109fb9210
Event: 60.739 Thread 0x000002211c4a0a90 flushing  nmethod 0x0000022109fbb510
Event: 60.739 Thread 0x000002211c4a0a90 flushing  nmethod 0x0000022109fbbc90
Event: 60.739 Thread 0x000002211c4a0a90 flushing  nmethod 0x0000022109fbca10
Event: 60.739 Thread 0x000002211c4a0a90 flushing  nmethod 0x0000022109fbdc10
Event: 60.739 Thread 0x000002211c4a0a90 flushing  nmethod 0x0000022109fd3790
Event: 60.739 Thread 0x000002211c4a0a90 flushing  nmethod 0x0000022109fff310
Event: 60.739 Thread 0x000002211c4a0a90 flushing  nmethod 0x000002210a001890
Event: 60.739 Thread 0x000002211c4a0a90 flushing  nmethod 0x000002210a139110
Event: 60.739 Thread 0x000002211c4a0a90 flushing  nmethod 0x000002210a13d590
Event: 60.739 Thread 0x000002211c4a0a90 flushing  nmethod 0x000002210a1beb10
Event: 60.739 Thread 0x000002211c4a0a90 flushing  nmethod 0x000002210a232490
Event: 60.739 Thread 0x000002211c4a0a90 flushing  nmethod 0x000002210a24d490
Event: 60.739 Thread 0x000002211c4a0a90 flushing  nmethod 0x000002210a294010

Events (20 events):
Event: 52.064 Thread 0x000002211c880850 Thread added: 0x0000022136ac5930
Event: 53.626 Thread 0x000002211c880850 Thread added: 0x0000022136ac3ef0
Event: 53.653 Thread 0x000002211c880850 Thread added: 0x0000022136ac2b40
Event: 55.144 Thread 0x000002211c880850 Thread added: 0x0000022136ac4580
Event: 55.955 Thread 0x000002211c880850 Thread added: 0x000002211c881c00
Event: 57.188 Thread 0x000002211c880850 Thread added: 0x000002211c883cd0
Event: 59.427 Thread 0x000002211c880850 Thread added: 0x00000221382ee5f0
Event: 61.455 Thread 0x000002211c880850 Thread added: 0x00000221382eb170
Event: 62.337 Thread 0x000002211c880850 Thread added: 0x00000221382e7660
Event: 64.861 Thread 0x000002211c880850 Thread added: 0x00000221382ea450
Event: 68.362 Thread 0x0000022136ac52a0 Thread added: 0x00000221382ebe90
Event: 69.972 Thread 0x000002211c880850 Thread added: 0x00000221382ed240
Event: 69.973 Thread 0x000002211c880850 Thread added: 0x00000221382e7cf0
Event: 69.973 Thread 0x000002211c880850 Thread added: 0x00000221382e9730
Event: 69.973 Thread 0x000002211c880850 Thread added: 0x00000221382ecbb0
Event: 69.974 Thread 0x000002211c880850 Thread added: 0x00000221382e8380
Event: 69.974 Thread 0x000002211c880850 Thread added: 0x00000221382ed8d0
Event: 69.976 Thread 0x000002211c880850 Thread added: 0x00000221382edf60
Event: 71.231 Thread 0x000002211c880850 Thread added: 0x00000221382eec80
Event: 78.064 Thread 0x000002211c880850 Thread added: 0x00000221382e8a10


Dynamic libraries:
0x00007ff79d3e0000 - 0x00007ff79d3ee000 	C:\Users\ericj\.vscode\extensions\redhat.java-1.56.0-win32-x64\jre\21.0.12.1-win32-x86_64\bin\java.exe
0x00007ffd376d0000 - 0x00007ffd378e8000 	C:\WINDOWS\SYSTEM32\ntdll.dll
0x00007ffd35740000 - 0x00007ffd35804000 	C:\WINDOWS\System32\KERNEL32.DLL
0x00007ffd34f90000 - 0x00007ffd35363000 	C:\WINDOWS\System32\KERNELBASE.dll
0x00007ffd34af0000 - 0x00007ffd34c01000 	C:\WINDOWS\System32\ucrtbase.dll
0x00007ffd2c090000 - 0x00007ffd2c0a8000 	C:\Users\ericj\.vscode\extensions\redhat.java-1.56.0-win32-x64\jre\21.0.12.1-win32-x86_64\bin\jli.dll
0x00007ffd35530000 - 0x00007ffd356e2000 	C:\WINDOWS\System32\USER32.dll
0x00007ffd34df0000 - 0x00007ffd34e16000 	C:\WINDOWS\System32\win32u.dll
0x00007ffd35710000 - 0x00007ffd35739000 	C:\WINDOWS\System32\GDI32.dll
0x00007ffd349d0000 - 0x00007ffd34aeb000 	C:\WINDOWS\System32\gdi32full.dll
0x00007ffd34d50000 - 0x00007ffd34dea000 	C:\WINDOWS\System32\msvcp_win.dll
0x00007ffd2c0c0000 - 0x00007ffd2c0de000 	C:\Users\ericj\.vscode\extensions\redhat.java-1.56.0-win32-x64\jre\21.0.12.1-win32-x86_64\bin\VCRUNTIME140.dll
0x00007ffd16b30000 - 0x00007ffd16dcc000 	C:\WINDOWS\WinSxS\amd64_microsoft.windows.common-controls_6595b64144ccf1df_6.0.22621.6060_none_2712eda17382d24b\COMCTL32.dll
0x00007ffd36300000 - 0x00007ffd363a7000 	C:\WINDOWS\System32\msvcrt.dll
0x00007ffd37190000 - 0x00007ffd371c1000 	C:\WINDOWS\System32\IMM32.DLL
0x00007ffd2c790000 - 0x00007ffd2c79c000 	C:\Users\ericj\.vscode\extensions\redhat.java-1.56.0-win32-x64\jre\21.0.12.1-win32-x86_64\bin\vcruntime140_1.dll
0x00007ffd28670000 - 0x00007ffd286fd000 	C:\Users\ericj\.vscode\extensions\redhat.java-1.56.0-win32-x64\jre\21.0.12.1-win32-x86_64\bin\msvcp140.dll
0x00007ffcc5d00000 - 0x00007ffcc6aa2000 	C:\Users\ericj\.vscode\extensions\redhat.java-1.56.0-win32-x64\jre\21.0.12.1-win32-x86_64\bin\server\jvm.dll
0x00007ffd36220000 - 0x00007ffd362d1000 	C:\WINDOWS\System32\ADVAPI32.dll
0x00007ffd35370000 - 0x00007ffd35418000 	C:\WINDOWS\System32\sechost.dll
0x00007ffd348e0000 - 0x00007ffd34908000 	C:\WINDOWS\System32\bcrypt.dll
0x00007ffd36100000 - 0x00007ffd36218000 	C:\WINDOWS\System32\RPCRT4.dll
0x00007ffd35880000 - 0x00007ffd358f1000 	C:\WINDOWS\System32\WS2_32.dll
0x00007ffd346c0000 - 0x00007ffd3470d000 	C:\WINDOWS\SYSTEM32\POWRPROF.dll
0x00007ffd0e090000 - 0x00007ffd0e0c4000 	C:\WINDOWS\SYSTEM32\WINMM.dll
0x00007ffd2fcd0000 - 0x00007ffd2fcda000 	C:\WINDOWS\SYSTEM32\VERSION.dll
0x00007ffd34690000 - 0x00007ffd346a3000 	C:\WINDOWS\SYSTEM32\UMPDC.dll
0x00007ffd337c0000 - 0x00007ffd337d8000 	C:\WINDOWS\SYSTEM32\kernel.appcore.dll
0x00007ffd2c060000 - 0x00007ffd2c06a000 	C:\Users\ericj\.vscode\extensions\redhat.java-1.56.0-win32-x64\jre\21.0.12.1-win32-x86_64\bin\jimage.dll
0x00007ffd32210000 - 0x00007ffd32443000 	C:\WINDOWS\SYSTEM32\DBGHELP.DLL
0x00007ffd371d0000 - 0x00007ffd37561000 	C:\WINDOWS\System32\combase.dll
0x00007ffd36020000 - 0x00007ffd360f8000 	C:\WINDOWS\System32\OLEAUT32.dll
0x00007ffd2c370000 - 0x00007ffd2c3a2000 	C:\WINDOWS\SYSTEM32\dbgcore.DLL
0x00007ffd347e0000 - 0x00007ffd3485b000 	C:\WINDOWS\System32\bcryptPrimitives.dll
0x00007ffd2bd80000 - 0x00007ffd2bd8f000 	C:\Users\ericj\.vscode\extensions\redhat.java-1.56.0-win32-x64\jre\21.0.12.1-win32-x86_64\bin\instrument.dll
0x00007ffd2bd90000 - 0x00007ffd2bdb0000 	C:\Users\ericj\.vscode\extensions\redhat.java-1.56.0-win32-x64\jre\21.0.12.1-win32-x86_64\bin\java.dll
0x00007ffd368f0000 - 0x00007ffd3718c000 	C:\WINDOWS\System32\SHELL32.dll
0x00007ffd34c10000 - 0x00007ffd34d4f000 	C:\WINDOWS\System32\wintypes.dll
0x00007ffd326e0000 - 0x00007ffd32ffa000 	C:\WINDOWS\SYSTEM32\windows.storage.dll
0x00007ffd35900000 - 0x00007ffd35a04000 	C:\WINDOWS\System32\SHCORE.dll
0x00007ffd35810000 - 0x00007ffd35879000 	C:\WINDOWS\System32\shlwapi.dll
0x00007ffd34710000 - 0x00007ffd34735000 	C:\WINDOWS\SYSTEM32\profapi.dll
0x00007ffd2bc90000 - 0x00007ffd2bca8000 	C:\Users\ericj\.vscode\extensions\redhat.java-1.56.0-win32-x64\jre\21.0.12.1-win32-x86_64\bin\zip.dll
0x00007ffd2be80000 - 0x00007ffd2be90000 	C:\Users\ericj\.vscode\extensions\redhat.java-1.56.0-win32-x64\jre\21.0.12.1-win32-x86_64\bin\net.dll
0x00007ffd2edc0000 - 0x00007ffd2eeec000 	C:\WINDOWS\SYSTEM32\WINHTTP.dll
0x00007ffd33ca0000 - 0x00007ffd33d09000 	C:\WINDOWS\system32\mswsock.dll
0x00007ffd2bc70000 - 0x00007ffd2bc86000 	C:\Users\ericj\.vscode\extensions\redhat.java-1.56.0-win32-x64\jre\21.0.12.1-win32-x86_64\bin\nio.dll
0x00007ffd2ba90000 - 0x00007ffd2baa0000 	C:\Users\ericj\.vscode\extensions\redhat.java-1.56.0-win32-x64\jre\21.0.12.1-win32-x86_64\bin\verify.dll
0x00007ffd1bef0000 - 0x00007ffd1bf17000 	C:\Users\ericj\.gradle\native\660c5614fbf4a5f2a75b1949f50a0caf5cd603558e7d8a26e50b933a0cfb79d1\windows-amd64\native-platform.dll
0x00007ffd1ede0000 - 0x00007ffd1ee57000 	C:\Users\ericj\.gradle\native\0.2.8\x86_64-windows-gnu\gradle-fileevents.dll
0x00007ffd29af0000 - 0x00007ffd29afa000 	C:\Users\ericj\.vscode\extensions\redhat.java-1.56.0-win32-x64\jre\21.0.12.1-win32-x86_64\bin\management.dll
0x00007ffd28600000 - 0x00007ffd2860c000 	C:\Users\ericj\.vscode\extensions\redhat.java-1.56.0-win32-x64\jre\21.0.12.1-win32-x86_64\bin\management_ext.dll
0x00007ffd368e0000 - 0x00007ffd368e8000 	C:\WINDOWS\System32\PSAPI.DLL
0x00007ffd33260000 - 0x00007ffd3328d000 	C:\WINDOWS\SYSTEM32\IPHLPAPI.DLL
0x00007ffd35c20000 - 0x00007ffd35c29000 	C:\WINDOWS\System32\NSI.dll
0x00007ffd23750000 - 0x00007ffd23759000 	C:\Users\ericj\.vscode\extensions\redhat.java-1.56.0-win32-x64\jre\21.0.12.1-win32-x86_64\bin\extnet.dll
0x00007ffd33ef0000 - 0x00007ffd33f0b000 	C:\WINDOWS\SYSTEM32\CRYPTSP.dll
0x00007ffd33720000 - 0x00007ffd33757000 	C:\WINDOWS\system32\rsaenh.dll
0x00007ffd33d90000 - 0x00007ffd33db8000 	C:\WINDOWS\SYSTEM32\USERENV.dll
0x00007ffd33f10000 - 0x00007ffd33f1c000 	C:\WINDOWS\SYSTEM32\CRYPTBASE.dll
0x00007ffd228b0000 - 0x00007ffd228be000 	C:\Users\ericj\.vscode\extensions\redhat.java-1.56.0-win32-x64\jre\21.0.12.1-win32-x86_64\bin\sunmscapi.dll
0x00007ffd34e20000 - 0x00007ffd34f88000 	C:\WINDOWS\System32\CRYPT32.dll
0x00007ffd340b0000 - 0x00007ffd340de000 	C:\WINDOWS\SYSTEM32\ncrypt.dll
0x00007ffd34070000 - 0x00007ffd340a7000 	C:\WINDOWS\SYSTEM32\NTASN1.dll
0x00007ffd1d2d0000 - 0x00007ffd1d2d8000 	C:\WINDOWS\system32\wshunix.dll

JVMTI agents:
C:\Users\ericj\.gradle\wrapper\dists\gradle-9.5.1-bin\iq79hdu3mqx29lgffhp8bfmx\gradle-9.5.1\lib\agents\gradle-instrumentation-agent-9.5.1.jar path:C:\Users\ericj\.vscode\extensions\redhat.java-1.56.0-win32-x64\jre\21.0.12.1-win32-x86_64\bin\instrument.dll, loaded, initialized, instrumentlib options:none

dbghelp: loaded successfully - version: 4.0.5 - missing functions: none
symbol engine: initialized successfully - sym options: 0x614 - pdb path: .;C:\Users\ericj\.vscode\extensions\redhat.java-1.56.0-win32-x64\jre\21.0.12.1-win32-x86_64\bin;C:\WINDOWS\SYSTEM32;C:\WINDOWS\WinSxS\amd64_microsoft.windows.common-controls_6595b64144ccf1df_6.0.22621.6060_none_2712eda17382d24b;C:\Users\ericj\.vscode\extensions\redhat.java-1.56.0-win32-x64\jre\21.0.12.1-win32-x86_64\bin\server;C:\Users\ericj\.gradle\native\660c5614fbf4a5f2a75b1949f50a0caf5cd603558e7d8a26e50b933a0cfb79d1\windows-amd64;C:\Users\ericj\.gradle\native\0.2.8\x86_64-windows-gnu

VM Arguments:
jvm_args: --add-opens=java.base/java.lang=ALL-UNNAMED --add-opens=java.base/java.lang.invoke=ALL-UNNAMED --add-opens=java.base/java.util=ALL-UNNAMED --add-opens=java.prefs/java.util.prefs=ALL-UNNAMED --add-exports=jdk.compiler/com.sun.tools.javac.api=ALL-UNNAMED --add-exports=jdk.compiler/com.sun.tools.javac.util=ALL-UNNAMED --add-opens=java.base/java.nio.charset=ALL-UNNAMED --add-opens=java.base/java.net=ALL-UNNAMED --add-opens=java.base/java.util.concurrent=ALL-UNNAMED --add-opens=java.base/java.util.concurrent.atomic=ALL-UNNAMED --add-opens=java.xml/javax.xml.namespace=ALL-UNNAMED --add-opens=java.base/java.time=ALL-UNNAMED -XX:MaxMetaspaceSize=384m -XX:+HeapDumpOnOutOfMemoryError -Xms256m -Xmx512m -Dfile.encoding=UTF-8 -Duser.country=KR -Duser.language=ko -Duser.variant -javaagent:C:\Users\ericj\.gradle\wrapper\dists\gradle-9.5.1-bin\iq79hdu3mqx29lgffhp8bfmx\gradle-9.5.1\lib\agents\gradle-instrumentation-agent-9.5.1.jar 
java_command: org.gradle.launcher.daemon.bootstrap.GradleDaemon 9.5.1
java_class_path (initial): C:\Users\ericj\.gradle\wrapper\dists\gradle-9.5.1-bin\iq79hdu3mqx29lgffhp8bfmx\gradle-9.5.1\lib\gradle-daemon-main-9.5.1.jar
Launcher Type: SUN_STANDARD

[Global flags]
     intx CICompilerCount                          = 4                                         {product} {ergonomic}
   size_t CompressedClassSpaceSize                 = 335544320                                 {product} {ergonomic}
     uint ConcGCThreads                            = 2                                         {product} {ergonomic}
     uint G1ConcRefinementThreads                  = 8                                         {product} {ergonomic}
   size_t G1HeapRegionSize                         = 1048576                                   {product} {ergonomic}
    uintx GCDrainStackTargetSize                   = 64                                        {product} {ergonomic}
     bool HeapDumpOnOutOfMemoryError               = true                                   {manageable} {command line}
   size_t InitialHeapSize                          = 268435456                                 {product} {command line}
   size_t MarkStackSize                            = 4194304                                   {product} {ergonomic}
   size_t MaxHeapSize                              = 536870912                                 {product} {command line}
   size_t MaxMetaspaceSize                         = 402653184                                 {product} {command line}
   size_t MaxNewSize                               = 321912832                                 {product} {ergonomic}
   size_t MinHeapDeltaBytes                        = 1048576                                   {product} {ergonomic}
   size_t MinHeapSize                              = 268435456                                 {product} {command line}
    uintx NonNMethodCodeHeapSize                   = 5839372                                {pd product} {ergonomic}
    uintx NonProfiledCodeHeapSize                  = 122909434                              {pd product} {ergonomic}
     bool PerfDisableSharedMem                     = true                                      {product} {ergonomic}
    uintx ProfiledCodeHeapSize                     = 122909434                              {pd product} {ergonomic}
    uintx ReservedCodeCacheSize                    = 251658240                              {pd product} {ergonomic}
     bool SegmentedCodeCache                       = true                                      {product} {ergonomic}
   size_t SoftMaxHeapSize                          = 536870912                              {manageable} {ergonomic}
     bool UseCompressedOops                        = true                           {product lp64_product} {ergonomic}
     bool UseG1GC                                  = true                                      {product} {ergonomic}
     bool UseLargePagesIndividualAllocation        = false                                  {pd product} {ergonomic}

Logging:
Log output configuration:
 #0: stdout all=warning uptime,level,tags foldmultilines=false
 #1: stderr all=off uptime,level,tags foldmultilines=false

Release file:
JAVA_VERSION="21.0.12.1" 
MODULES="java.base java.compiler java.datatransfer java.xml java.prefs java.desktop java.instrument java.logging java.management java.security.sasl java.naming java.rmi java.management.rmi java.net.http java.scripting java.security.jgss java.transaction.xa java.sql java.sql.rowset java.xml.crypto java.se java.smartcardio jdk.accessibility jdk.internal.jvmstat jdk.attach jdk.charsets jdk.internal.opt jdk.zipfs jdk.compiler jdk.crypto.ec jdk.crypto.cryptoki jdk.crypto.mscapi jdk.dynalink jdk.internal.ed jdk.editpad jdk.hotspot.agent jdk.httpserver jdk.internal.le jdk.internal.vm.ci jdk.internal.vm.compiler jdk.internal.vm.compiler.management jdk.jartool jdk.javadoc jdk.jcmd jdk.management jdk.management.agent jdk.jconsole jdk.jdeps jdk.jdwp.agent jdk.jdi jdk.jfr jdk.jshell jdk.jsobject jdk.jstatd jdk.localedata jdk.management.jfr jdk.naming.dns jdk.naming.rmi jdk.net jdk.nio.mapmode jdk.random jdk.sctp jdk.security.auth jdk.security.jgss jdk.unsupported jdk.unsupported.desktop jdk.xml.dom" 

Environment Variables:
PATH=C:\Program Files\Common Files\Oracle\Java\javapath;C:\Program Files (x86)\Common Files\Oracle\Java\java8path;C:\Program Files (x86)\Common Files\Oracle\Java\javapath;C:\WINDOWS\system32;C:\WINDOWS;C:\WINDOWS\System32\Wbem;C:\WINDOWS\System32\WindowsPowerShell\v1.0\;C:\WINDOWS\System32\OpenSSH\;C:\Program Files\Git\cmd;C:\Users\ericj\AppData\Local\Microsoft\WindowsApps;C:\Users\ericj\AppData\Local\Programs\Microsoft VS Code\bin
USERNAME=ericj
OS=Windows_NT
PROCESSOR_IDENTIFIER=Intel64 Family 6 Model 142 Stepping 10, GenuineIntel
TMP=C:\Users\ericj\AppData\Local\Temp
TEMP=C:\Users\ericj\AppData\Local\Temp




Periodic native trim disabled

---------------  S Y S T E M  ---------------

OS:
 Windows 11 , 64 bit Build 22621 (10.0.22621.5415)
OS uptime: 29 days 20:10 hours

CPU: total 8 (initial active 8) (4 cores per cpu, 2 threads per core) family 6 model 142 stepping 10 microcode 0xe0, cx8, cmov, fxsr, ht, mmx, 3dnowpref, sse, sse2, sse3, ssse3, sse4.1, sse4.2, popcnt, lzcnt, tsc, tscinvbit, avx, avx2, aes, erms, clmul, bmi1, bmi2, adx, fma, vzeroupper, clflush, clflushopt, rdtscp, f16c
Processor Information for the first 8 processors :
  Max Mhz: 1800, Current Mhz: 1600, Mhz Limit: 1584

Memory: 4k page, system-wide physical 8059M (14M free)
TotalPageFile size 32635M (AvailPageFile size 26M)
current process WorkingSet (physical memory assigned to process): 227M, peak: 278M
current process commit charge ("private bytes"): 480M, peak: 481M

vm_info: OpenJDK 64-Bit Server VM (21.0.12.1+1-LTS) for windows-amd64 JRE (21.0.12.1+1-LTS), built on 2026-08-18T00:00:00Z by "admin" with MS VC++ 17.12 (VS2022)

END.
