#
# There is insufficient memory for the Java Runtime Environment to continue.
# Native memory allocation (mmap) failed to map 65536 bytes. Error detail: Failed to commit metaspace.
# Possible reasons:
#   The system is out of physical RAM or swap space
#   This process is running with CompressedOops enabled, and the Java Heap may be blocking the growth of the native heap
# Possible solutions:
#   Reduce memory load on the system
#   Increase physical memory or swap space
#   Check if swap backing store is full
#   Decrease Java heap size (-Xmx/-Xms)
#   Decrease number of Java threads
#   Decrease Java thread stack sizes (-Xss)
#   Set larger code cache with -XX:ReservedCodeCacheSize=
#   JVM is running with Unscaled Compressed Oops mode in which the Java heap is
#     placed in the first 4GB address space. The Java Heap base address is the
#     maximum limit for the native heap growth. Please use -XX:HeapBaseMinAddress
#     to set the Java Heap base and to place the Java Heap above 4GB virtual address.
# This output file may be truncated or incomplete.
#
#  Out of Memory Error (virtualSpaceNode.cpp:113), pid=15852, tid=31168
#
# JRE version: OpenJDK Runtime Environment Temurin-21.0.12.1+1 (21.0.12.1+1) (build 21.0.12.1+1-LTS)
# Java VM: OpenJDK 64-Bit Server VM Temurin-21.0.12.1+1 (21.0.12.1+1-LTS, mixed mode, sharing, tiered, compressed oops, compressed class ptrs, parallel gc, windows-amd64)
# No core dump will be written. Minidumps are not enabled by default on client versions of Windows
#

---------------  S U M M A R Y ------------

Command Line: --add-modules=ALL-SYSTEM --add-opens=java.base/java.util=ALL-UNNAMED --add-opens=java.base/java.lang=ALL-UNNAMED --add-opens=java.base/sun.nio.fs=ALL-UNNAMED -Declipse.application=org.eclipse.jdt.ls.core.id1 -Dosgi.bundles.defaultStartLevel=4 -Declipse.product=org.eclipse.jdt.ls.core.product -Djava.import.generatesMetadataFilesAtProjectRoot=false -Dm2e.project.cache.size=50 -DDetectVMInstallationsJob.disabled=true -Dfile.encoding=utf8 -XX:+UseParallelGC -XX:GCTimeRatio=4 -XX:AdaptiveSizePolicyWeight=90 -Dsun.zip.disableMemoryMapping=true -Xmx2G -Xms100m -Xlog:disable -javaagent:c:\Users\ericj\.vscode\extensions\redhat.java-1.56.0-win32-x64\lombok\lombok-1.18.39-4050.jar -XX:+HeapDumpOnOutOfMemoryError -XX:HeapDumpPath=c:\Users\ericj\AppData\Roaming\Code\User\workspaceStorage\7698dac1a6cc46fb5cf767fde76e8e6f\redhat.java -Daether.dependencyCollector.impl=bf c:\Users\ericj\.vscode\extensions\redhat.java-1.56.0-win32-x64\server\plugins\org.eclipse.equinox.launcher_1.8.0.v20260804-1928.jar -configuration c:\Users\ericj\AppData\Roaming\Code\User\globalStorage\redhat.java\1.56.0\config_win -data c:\Users\ericj\AppData\Roaming\Code\User\workspaceStorage\7698dac1a6cc46fb5cf767fde76e8e6f\redhat.java\jdt_ws --pipe=\\.\pipe\lsp-90515901e9011221401090a88c52fd62-sock

Host: Intel(R) Core(TM) i5-8250U CPU @ 1.60GHz, 8 cores, 7G,  Windows 11 , 64 bit Build 22621 (10.0.22621.5415)
Time: Mon Sep  7 09:39:27 2026 elapsed time: 32.454017 seconds (0d 0h 0m 32s)

---------------  T H R E A D  ---------------

Current thread (0x000001292631ca90):  JavaThread "main"             [_thread_in_vm, id=31168, stack(0x0000000318400000,0x0000000318500000) (1024K)]

Stack: [0x0000000318400000,0x0000000318500000]
Native frames: (J=compiled Java code, j=interpreted, Vv=VM code, C=native code)
V  [jvm.dll+0x6d83e9]
V  [jvm.dll+0x8b5736]
V  [jvm.dll+0x8b7cee]
V  [jvm.dll+0x8b83d3]
V  [jvm.dll+0x284596]
V  [jvm.dll+0x8b147e]
V  [jvm.dll+0x679ad4]
V  [jvm.dll+0x1e849b]
V  [jvm.dll+0x1e825e]
V  [jvm.dll+0x67c3d2]
V  [jvm.dll+0x67c202]
V  [jvm.dll+0x67a4ae]
V  [jvm.dll+0x684758]
V  [jvm.dll+0x21973e]
V  [jvm.dll+0x219be5]
V  [jvm.dll+0x21a5d8]
V  [jvm.dll+0x20f80e]
V  [jvm.dll+0x5b6a7f]
V  [jvm.dll+0x82f606]
V  [jvm.dll+0x4792f8]
V  [jvm.dll+0x47f128]
C  [java.dll+0x17ec]

Java frames: (J=compiled Java code, j=interpreted, Vv=VM code)
J 1129  java.lang.ClassLoader.defineClass1(Ljava/lang/ClassLoader;Ljava/lang/String;[BIILjava/security/ProtectionDomain;Ljava/lang/String;)Ljava/lang/Class; java.base@21.0.12.1 (0 bytes) @ 0x000001293105fa11 [0x000001293105f940+0x00000000000000d1]
j  java.lang.ClassLoader.defineClass(Ljava/lang/String;[BIILjava/security/ProtectionDomain;)Ljava/lang/Class;+27 java.base@21.0.12.1
j  java.security.SecureClassLoader.defineClass(Ljava/lang/String;[BIILjava/security/CodeSource;)Ljava/lang/Class;+12 java.base@21.0.12.1
j  java.net.URLClassLoader.defineClass(Ljava/lang/String;Ljdk/internal/loader/Resource;)Ljava/lang/Class;+220 java.base@21.0.12.1
j  java.net.URLClassLoader$1.run()Ljava/lang/Class;+43 java.base@21.0.12.1
j  java.net.URLClassLoader$1.run()Ljava/lang/Object;+1 java.base@21.0.12.1
J 1162 c1 java.security.AccessController.executePrivileged(Ljava/security/PrivilegedExceptionAction;Ljava/security/AccessControlContext;Ljava/lang/Class;)Ljava/lang/Object; java.base@21.0.12.1 (65 bytes) @ 0x00000129296f5844 [0x00000129296f56e0+0x0000000000000164]
j  java.security.AccessController.doPrivileged(Ljava/security/PrivilegedExceptionAction;Ljava/security/AccessControlContext;)Ljava/lang/Object;+13 java.base@21.0.12.1
j  java.net.URLClassLoader.findClass(Ljava/lang/String;)Ljava/lang/Class;+13 java.base@21.0.12.1
J 1178 c1 java.lang.ClassLoader.loadClass(Ljava/lang/String;Z)Ljava/lang/Class; java.base@21.0.12.1 (121 bytes) @ 0x00000129296fb724 [0x00000129296fb160+0x00000000000005c4]
J 1021 c1 java.lang.ClassLoader.loadClass(Ljava/lang/String;)Ljava/lang/Class; java.base@21.0.12.1 (7 bytes) @ 0x00000129296b5354 [0x00000129296b5240+0x0000000000000114]
v  ~StubRoutines::call_stub 0x0000012930a5100d
j  org.eclipse.osgi.container.ModuleContainer.<init>(Lorg/eclipse/osgi/container/ModuleContainerAdaptor;Lorg/eclipse/osgi/container/ModuleDatabase;)V+104
j  org.eclipse.osgi.storage.Storage.<init>(Lorg/eclipse/osgi/internal/framework/EquinoxContainer;[Ljava/lang/String;)V+703
j  org.eclipse.osgi.storage.Storage.createStorage(Lorg/eclipse/osgi/internal/framework/EquinoxContainer;)Lorg/eclipse/osgi/storage/Storage;+11
j  org.eclipse.osgi.internal.framework.EquinoxContainer.<init>(Ljava/util/Map;Lorg/osgi/framework/connect/ModuleConnector;)V+146
j  org.eclipse.osgi.launch.Equinox.<init>(Ljava/util/Map;Lorg/osgi/framework/connect/ModuleConnector;)V+10
j  org.eclipse.osgi.launch.Equinox.<init>(Ljava/util/Map;)V+3
j  org.eclipse.core.runtime.adaptor.EclipseStarter.startup([Ljava/lang/String;Ljava/lang/Runnable;)Lorg/osgi/framework/BundleContext;+28
j  org.eclipse.core.runtime.adaptor.EclipseStarter.run([Ljava/lang/String;Ljava/lang/Runnable;)Ljava/lang/Object;+21
j  java.lang.invoke.DirectMethodHandle$Holder.invokeStatic(Ljava/lang/Object;Ljava/lang/Object;Ljava/lang/Object;)Ljava/lang/Object;+11 java.base@21.0.12.1
j  java.lang.invoke.LambdaForm$MH+0x000001293e08a800.invoke(Ljava/lang/Object;Ljava/lang/Object;Ljava/lang/Object;Ljava/lang/Object;)Ljava/lang/Object;+54 java.base@21.0.12.1
j  java.lang.invoke.LambdaForm$MH+0x000001293e002c00.invokeExact_MT(Ljava/lang/Object;Ljava/lang/Object;Ljava/lang/Object;Ljava/lang/Object;Ljava/lang/Object;)Ljava/lang/Object;+22 java.base@21.0.12.1
j  jdk.internal.reflect.DirectMethodHandleAccessor.invokeImpl(Ljava/lang/Object;[Ljava/lang/Object;)Ljava/lang/Object;+72 java.base@21.0.12.1
j  jdk.internal.reflect.DirectMethodHandleAccessor.invoke(Ljava/lang/Object;[Ljava/lang/Object;)Ljava/lang/Object;+23 java.base@21.0.12.1
j  java.lang.reflect.Method.invoke(Ljava/lang/Object;[Ljava/lang/Object;)Ljava/lang/Object;+102 java.base@21.0.12.1
j  org.eclipse.equinox.launcher.Main.invokeFramework([Ljava/lang/String;[Ljava/net/URL;)V+155
j  org.eclipse.equinox.launcher.Main.basicRun([Ljava/lang/String;)V+191
j  org.eclipse.equinox.launcher.Main.run([Ljava/lang/String;)I+4
j  org.eclipse.equinox.launcher.Main.main([Ljava/lang/String;)V+10
v  ~StubRoutines::call_stub 0x0000012930a5100d

Compiled method (n/a) 32712 1129     n 0       java.lang.ClassLoader::defineClass1 (native)
 total in heap  [0x000001293105f790,0x000001293105fc18] = 1160
 relocation     [0x000001293105f8f0,0x000001293105f928] = 56
 main code      [0x000001293105f940,0x000001293105fc16] = 726
 stub code      [0x000001293105fc16,0x000001293105fc18] = 2

[Constant Pool (empty)]

[MachCode]
[Entry Point]
  # {method} {0x000001293d434c38} 'defineClass1' '(Ljava/lang/ClassLoader;Ljava/lang/String;[BIILjava/security/ProtectionDomain;Ljava/lang/String;)Ljava/lang/Class;' in 'java/lang/ClassLoader'
  # parm0:    rdx:rdx   = 'java/lang/ClassLoader'
  # parm1:    r8:r8     = 'java/lang/String'
  # parm2:    r9:r9     = '[B'
  # parm3:    rdi       = int
  # parm4:    rsi       = int
  # parm5:    rcx:rcx   = 'java/security/ProtectionDomain'
  # parm6:    [sp+0xa0]   = 'java/lang/String'  (sp of caller)
  0x000001293105f940: 448b 5208 | 49bb 0000 | 003d 2901 | 0000 4d03 | d349 3bc2 | 0f84 0600 

  0x000001293105f958: ;   {runtime_call ic_miss_stub}
  0x000001293105f958: 0000 e921 | eba3 ff90 
[Verified Entry Point]
  0x000001293105f960: 8984 2400 | 80ff ff55 | 488b ec48 | 81ec 9000 | 0000 6690 | 4181 7f20 | 0100 0000 

  0x000001293105f97c: ;   {runtime_call StubRoutines (final stubs)}
  0x000001293105f97c: 7405 e85d | 90a2 ff48 | 837d 1000 | 488d 4510 | 480f 4445 | 1048 8944 | 2440 4889 | 4c24 7048 
  0x000001293105f99c: 83f9 0048 | 8d44 2470 | 480f 4444 | 2470 4889 | 4424 3848 | 8974 2430 | 4889 7c24 | 284c 894c 
  0x000001293105f9bc: 2458 4983 | f900 488d | 4424 5848 | 0f44 4424 | 5848 8944 | 2420 4c89 | 4424 5049 | 83f8 004c 
  0x000001293105f9dc: 8d4c 2450 | 4c0f 444c | 2450 4889 | 5424 4848 | 83fa 004c | 8d44 2448 | 4c0f 4444 

  0x000001293105f9f8: ;   {oop(a 'java/lang/Class'{0x00000000d6ecb9b8} = 'java/lang/ClassLoader')}
  0x000001293105f9f8: 2448 49be | b8b9 ecd6 | 0000 0000 | 4c89 7424 | 784c 8d74 | 2478 498b | d6c5 f877 

  0x000001293105fa14: ;   {internal_word}
  0x000001293105fa14: 49ba 11fa | 0531 2901 | 0000 4d89 | 97a8 0300 | 0049 89a7 | a003 0000 

  0x000001293105fa2c: ;   {external_word}
  0x000001293105fa2c: 49ba 066d | 8ed6 fc7f | 0000 4180 | 3a00 0f84 | 4e00 0000 | 5241 5041 

  0x000001293105fa44: ;   {metadata({method} {0x000001293d434c38} 'defineClass1' '(Ljava/lang/ClassLoader;Ljava/lang/String;[BIILjava/security/ProtectionDomain;Ljava/lang/String;)Ljava/lang/Class;' in 'java/lang/ClassLoader')}
  0x000001293105fa44: 5148 ba30 | 4c43 3d29 | 0100 0049 | 8bcf 4883 | ec20 40f6 | c40f 0f84 | 1900 0000 | 4883 ec08 
  0x000001293105fa64: ;   {runtime_call}
  0x000001293105fa64: 48b8 e0ea | 37d6 fc7f | 0000 ffd0 | 4883 c408 | e90c 0000 

  0x000001293105fa78: ;   {runtime_call}
  0x000001293105fa78: 0048 b8e0 | ea37 d6fc | 7f00 00ff | d048 83c4 | 2041 5941 | 585a 498d | 8fc0 0300 | 0041 c787 
  0x000001293105fa98: 4c04 0000 | 0400 0000 

  0x000001293105faa0: ;   {runtime_call}
  0x000001293105faa0: 48b8 ac16 | 4c2c fd7f | 0000 ffd0 | c5f8 7741 | c787 4c04 | 0000 0500 | 0000 f083 | 4424 c000 
  0x000001293105fac0: 493b af50 | 0400 000f | 870e 0000 | 0041 83bf | 4804 0000 | 000f 842b | 0000 00c5 | f877 4889 
  0x000001293105fae0: 45f8 498b | cf4c 8be4 | 4883 ec20 | 4883 e4f0 

  0x000001293105faf0: ;   {runtime_call}
  0x000001293105faf0: 48b8 0058 | 03d6 fc7f | 0000 ffd0 | 498b e44d | 33e4 488b | 45f8 41c7 | 874c 0400 | 0008 0000 
  0x000001293105fb10: 0041 83bf | c804 0000 | 020f 84ca 

  0x000001293105fb1c: ;   {external_word}
  0x000001293105fb1c: 0000 0049 | ba06 6d8e | d6fc 7f00 | 0041 803a | 000f 844c | 0000 0048 

  0x000001293105fb34: ;   {metadata({method} {0x000001293d434c38} 'defineClass1' '(Ljava/lang/ClassLoader;Ljava/lang/String;[BIILjava/security/ProtectionDomain;Ljava/lang/String;)Ljava/lang/Class;' in 'java/lang/ClassLoader')}
  0x000001293105fb34: 8945 f848 | ba30 4c43 | 3d29 0100 | 0049 8bcf | 4883 ec20 | 40f6 c40f | 0f84 1900 | 0000 4883 
  0x000001293105fb54: ;   {runtime_call}
  0x000001293105fb54: ec08 48b8 | e0ea 37d6 | fc7f 0000 | ffd0 4883 | c408 e90c 

  0x000001293105fb68: ;   {runtime_call}
  0x000001293105fb68: 0000 0048 | b8e0 ea37 | d6fc 7f00 | 00ff d048 | 83c4 2048 | 8b45 f849 | c787 a003 | 0000 0000 
  0x000001293105fb88: 0000 49c7 | 87a8 0300 | 0000 0000 | 00c5 f877 | 4885 c00f | 8425 0000 | 00a8 030f | 8508 0000 
  0x000001293105fba8: 0048 8b00 | e915 0000 | 00a8 010f | 8509 0000 | 0048 8b40 | fee9 0400 | 0000 488b | 40ff 498b 
  0x000001293105fbc8: 8f30 0400 | 00c7 8100 | 0100 0000 | 0000 00c9 | 4983 7f08 | 000f 8501 | 0000 00c3 

  0x000001293105fbe4: ;   {runtime_call StubRoutines (initial stubs)}
  0x000001293105fbe4: e917 139f | ffc5 f877 | 4889 45f8 | 4c8b e448 | 83ec 2048 

  0x000001293105fbf8: ;   {runtime_call}
  0x000001293105fbf8: 83e4 f048 | b830 2238 | d6fc 7f00 | 00ff d049 | 8be4 4d33 | e448 8b45 | f8e9 09ff | ffff f4f4 
[/MachCode]


Compiled method (c1) 32729 1162       3       java.security.AccessController::executePrivileged (65 bytes)
 total in heap  [0x00000129296f5510,0x00000129296f5b00] = 1520
 relocation     [0x00000129296f5670,0x00000129296f56d8] = 104
 main code      [0x00000129296f56e0,0x00000129296f5988] = 680
 stub code      [0x00000129296f5988,0x00000129296f59e0] = 88
 metadata       [0x00000129296f59e0,0x00000129296f59f0] = 16
 scopes data    [0x00000129296f59f0,0x00000129296f5a68] = 120
 scopes pcs     [0x00000129296f5a68,0x00000129296f5ae8] = 128
 dependencies   [0x00000129296f5ae8,0x00000129296f5af0] = 8
 nul chk table  [0x00000129296f5af0,0x00000129296f5b00] = 16

[Constant Pool (empty)]

[MachCode]
[Verified Entry Point]
  # {method} {0x000001293d470a30} 'executePrivileged' '(Ljava/security/PrivilegedExceptionAction;Ljava/security/AccessControlContext;Ljava/lang/Class;)Ljava/lang/Object;' in 'java/security/AccessController'
  # parm0:    rdx:rdx   = 'java/security/PrivilegedExceptionAction'
  # parm1:    r8:r8     = 'java/security/AccessControlContext'
  # parm2:    r9:r9     = 'java/lang/Class'
  #           [sp+0x50]  (sp of caller)
  0x00000129296f56e0: 8984 2400 | 80ff ff55 | 4883 ec40 | 4181 7f20 | 0100 0000 

  0x00000129296f56f4: ;   {runtime_call StubRoutines (final stubs)}
  0x00000129296f56f4: 7405 e8e5 | 3239 074c | 8944 2430 

  0x00000129296f5700: ;   {metadata(method data for {method} {0x000001293d470a30} 'executePrivileged' '(Ljava/security/PrivilegedExceptionAction;Ljava/security/AccessControlContext;Ljava/lang/Class;)Ljava/lang/Object;' in 'java/security/AccessController')}
  0x00000129296f5700: 48be 580d | 3300 2901 | 0000 8bbe | cc00 0000 | 83c7 0289 | becc 0000 | 0081 e7fe | 0700 0085 
  0x00000129296f5720: ff0f 84bf | 0100 004d 

  0x00000129296f5728: ;   {metadata(method data for {method} {0x000001293d470a30} 'executePrivileged' '(Ljava/security/PrivilegedExceptionAction;Ljava/security/AccessControlContext;Ljava/lang/Class;)Ljava/lang/Object;' in 'java/security/AccessController')}
  0x00000129296f5728: 85c0 48be | 580d 3300 | 2901 0000 | 48c7 c710 | 0100 0074 | 0748 c7c7 | 2001 0000 | 488b 1c3e 
  0x00000129296f5748: 488d 5b01 | 4889 1c3e | 4c89 4c24 | 2848 8954 | 2420 0f84 | 2400 0000 

  0x00000129296f5760: ;   {metadata(method data for {method} {0x000001293d470a30} 'executePrivileged' '(Ljava/security/PrivilegedExceptionAction;Ljava/security/AccessControlContext;Ljava/lang/Class;)Ljava/lang/Object;' in 'java/security/AccessController')}
  0x00000129296f5760: 48be 580d | 3300 2901 | 0000 4883 | 8630 0100 | 0001 498b 

  0x00000129296f5774: ;   {static_call}
  0x00000129296f5774: d066 90e8 

  0x00000129296f5778: ; ImmutableOopMap {[32]=Oop [40]=Oop [48]=Oop }
                      ;*invokestatic ensureMaterializedForStackWalk {reexecute=0 rethrow=0 return_oop=0}
                      ; - java.security.AccessController::executePrivileged@5
  0x00000129296f5778: 64e1 9607 

  0x00000129296f577c: ;   {other}
  0x00000129296f577c: 0f1f 8400 | 6c02 0000 

  0x00000129296f5784: ;   {metadata(method data for {method} {0x000001293d470a30} 'executePrivileged' '(Ljava/security/PrivilegedExceptionAction;Ljava/security/AccessControlContext;Ljava/lang/Class;)Ljava/lang/Object;' in 'java/security/AccessController')}
  0x00000129296f5784: 48ba 580d | 3300 2901 | 0000 ff82 | 4001 0000 | 488b 5424 | 2048 3b02 

  0x00000129296f579c: ;   {metadata(method data for {method} {0x000001293d470a30} 'executePrivileged' '(Ljava/security/PrivilegedExceptionAction;Ljava/security/AccessControlContext;Ljava/lang/Class;)Ljava/lang/Object;' in 'java/security/AccessController')}
  0x00000129296f579c: 488b f248 | bf58 0d33 | 0029 0100 | 008b 7608 | 49ba 0000 | 003d 2901 | 0000 4903 | f248 3bb7 
  0x00000129296f57bc: b001 0000 | 750d 4883 | 87b8 0100 | 0001 e960 | 0000 0048 | 3bb7 c001 | 0000 750d | 4883 87c8 
  0x00000129296f57dc: 0100 0001 | e94a 0000 | 0048 83bf | b001 0000 | 0075 1748 | 89b7 b001 | 0000 48c7 | 87b8 0100 
  0x00000129296f57fc: 0001 0000 | 00e9 2900 | 0000 4883 | bfc0 0100 | 0000 7517 | 4889 b7c0 | 0100 0048 | c787 c801 
  0x00000129296f581c: 0000 0100 | 0000 e908 | 0000 0048 | 8387 a001 | 0000 0166 | 0f1f 4400 | 0048 b890 | a168 7f29 
  0x00000129296f583c: ;   {virtual_call}
  0x00000129296f583c: 0100 00e8 

  0x00000129296f5840: ; ImmutableOopMap {[40]=Oop [48]=Oop }
                      ;*invokeinterface run {reexecute=0 rethrow=0 return_oop=0}
                      ; - java.security.AccessController::executePrivileged@29
  0x00000129296f5840: cc30 4607 

  0x00000129296f5844: ;   {other}
  0x00000129296f5844: 0f1f 8400 | 3403 0001 

  0x00000129296f584c: ;   {metadata(method data for {method} {0x000001293d470a30} 'executePrivileged' '(Ljava/security/PrivilegedExceptionAction;Ljava/security/AccessControlContext;Ljava/lang/Class;)Ljava/lang/Object;' in 'java/security/AccessController')}
  0x00000129296f584c: 48be 580d | 3300 2901 | 0000 ff86 | d801 0000 | 4c8b 4c24 

  0x00000129296f5860: ;   {metadata(method data for {method} {0x000001293d470a30} 'executePrivileged' '(Ljava/security/PrivilegedExceptionAction;Ljava/security/AccessControlContext;Ljava/lang/Class;)Ljava/lang/Object;' in 'java/security/AccessController')}
  0x00000129296f5860: 2848 be58 | 0d33 0029 | 0100 0048 | 8386 3802 

  0x00000129296f5870: ;   {metadata(method data for {method} {0x000001293d03dbd0} 'reachabilityFence' '(Ljava/lang/Object;)V' in 'java/lang/ref/Reference')}
  0x00000129296f5870: 0000 0148 | be18 7806 | 0029 0100 | 008b becc | 0000 0083 | c702 89be | cc00 0000 | 81e7 feff 
  0x00000129296f5890: 1f00 85ff | 0f84 7200 

  0x00000129296f5898: ;   {metadata(method data for {method} {0x000001293d470a30} 'executePrivileged' '(Ljava/security/PrivilegedExceptionAction;Ljava/security/AccessControlContext;Ljava/lang/Class;)Ljava/lang/Object;' in 'java/security/AccessController')}
  0x00000129296f5898: 0000 48be | 580d 3300 | 2901 0000 | 4883 8648 | 0200 0001 

  0x00000129296f58ac: ;   {metadata(method data for {method} {0x000001293d03dbd0} 'reachabilityFence' '(Ljava/lang/Object;)V' in 'java/lang/ref/Reference')}
  0x00000129296f58ac: 48be 1878 | 0600 2901 | 0000 8bbe | cc00 0000 | 83c7 0289 | becc 0000 | 0081 e7fe | ff1f 0085 
  0x00000129296f58cc: ff0f 845a | 0000 0048 | 83c4 405d 

  0x00000129296f58d8: ;   {poll_return}
  0x00000129296f58d8: 493b a750 | 0400 000f | 8766 0000 

  0x00000129296f58e4: ;   {metadata({method} {0x000001293d470a30} 'executePrivileged' '(Ljava/security/PrivilegedExceptionAction;Ljava/security/AccessControlContext;Ljava/lang/Class;)Ljava/lang/Object;' in 'java/security/AccessController')}
  0x00000129296f58e4: 00c3 49ba | 280a 473d | 2901 0000 | 4c89 5424 | 0848 c704 | 24ff ffff 

  0x00000129296f58fc: ;   {runtime_call counter_overflow Runtime1 stub}
  0x00000129296f58fc: ffe8 7e07 

  0x00000129296f5900: ; ImmutableOopMap {rdx=Oop r8=Oop r9=Oop [48]=Oop }
                      ;*synchronization entry
                      ; - java.security.AccessController::executePrivileged@-1
  0x00000129296f5900: 4607 e920 

  0x00000129296f5904: ;   {runtime_call throw_null_pointer_exception Runtime1 stub}
  0x00000129296f5904: feff ffe8 

  0x00000129296f5908: ; ImmutableOopMap {rdx=Oop [40]=Oop [48]=Oop }
                      ;*invokeinterface run {reexecute=0 rethrow=0 return_oop=0}
                      ; - java.security.AccessController::executePrivileged@29
  0x00000129296f5908: f487 4507 

  0x00000129296f590c: ;   {metadata({method} {0x000001293d03dbd0} 'reachabilityFence' '(Ljava/lang/Object;)V' in 'java/lang/ref/Reference')}
  0x00000129296f590c: 49ba c8db | 033d 2901 | 0000 4c89 | 5424 0848 | c704 24ff 

  0x00000129296f5920: ;   {runtime_call counter_overflow Runtime1 stub}
  0x00000129296f5920: ffff ffe8 

  0x00000129296f5924: ; ImmutableOopMap {rax=Oop r9=Oop }
                      ;*synchronization entry
                      ; - java.lang.ref.Reference::reachabilityFence@-1
                      ; - java.security.AccessController::executePrivileged@56
  0x00000129296f5924: 5807 4607 | e96d ffff 

  0x00000129296f592c: ;   {metadata({method} {0x000001293d03dbd0} 'reachabilityFence' '(Ljava/lang/Object;)V' in 'java/lang/ref/Reference')}
  0x00000129296f592c: ff49 bac8 | db03 3d29 | 0100 004c | 8954 2408 | 48c7 0424 | ffff ffff 

  0x00000129296f5944: ;   {runtime_call counter_overflow Runtime1 stub}
  0x00000129296f5944: e837 0746 

  0x00000129296f5948: ; ImmutableOopMap {rax=Oop }
                      ;*synchronization entry
                      ; - java.lang.ref.Reference::reachabilityFence@-1
                      ; - java.security.AccessController::executePrivileged@60
                      ;   {internal_word}
  0x00000129296f5948: 07eb 8849 | bad8 586f | 2929 0100 | 004d 8997 | 6804 0000 

  0x00000129296f595c: ;   {runtime_call SafepointBlob}
  0x00000129296f595c: e99f f13a | 0749 8b87 | 0005 0000 | 49c7 8700 | 0500 0000 | 0000 0049 | c787 0805 | 0000 0000 
  0x00000129296f597c: 0000 4883 

  0x00000129296f5980: ;   {runtime_call unwind_exception Runtime1 stub}
  0x00000129296f5980: c440 5de9 | 7878 4507 
[Stub Code]
  0x00000129296f5988: ;   {no_reloc}
  0x00000129296f5988: 0f1f 4400 

  0x00000129296f598c: ;   {static_stub}
  0x00000129296f598c: 0048 bb00 | 0000 0000 

  0x00000129296f5994: ;   {runtime_call nmethod}
  0x00000129296f5994: 0000 00e9 | fbff ffff 

  0x00000129296f599c: ;   {static_stub}
  0x00000129296f599c: 48bb a808 | 473d 2901 

  0x00000129296f59a4: ;   {runtime_call I2C/C2I adapters}
  0x00000129296f59a4: 0000 e938 

  0x00000129296f59a8: ;   {runtime_call handle_exception_from_callee Runtime1 stub}
  0x00000129296f59a8: 823a 07e8 | 50a5 4507 

  0x00000129296f59b0: ;   {external_word}
  0x00000129296f59b0: 48b9 5063 | 64d6 fc7f | 0000 4883 

  0x00000129296f59bc: ;   {runtime_call}
  0x00000129296f59bc: e4f0 48b8 | c0c9 26d6 | fc7f 0000 

  0x00000129296f59c8: ;   {section_word}
  0x00000129296f59c8: ffd0 f449 | bacb 596f | 2929 0100 

  0x00000129296f59d4: ;   {runtime_call DeoptimizationBlob}
  0x00000129296f59d4: 0041 52e9 | c4e3 3a07 | f4f4 f4f4 
[/MachCode]


Compiled method (c1) 32758 1178   !   3       java.lang.ClassLoader::loadClass (121 bytes)
 total in heap  [0x00000129296fae90,0x00000129296fc470] = 5600
 relocation     [0x00000129296faff0,0x00000129296fb158] = 360
 main code      [0x00000129296fb160,0x00000129296fbd48] = 3048
 stub code      [0x00000129296fbd48,0x00000129296fbe20] = 216
 oops           [0x00000129296fbe20,0x00000129296fbe30] = 16
 metadata       [0x00000129296fbe30,0x00000129296fbe98] = 104
 scopes data    [0x00000129296fbe98,0x00000129296fc0f8] = 608
 scopes pcs     [0x00000129296fc0f8,0x00000129296fc2b8] = 448
 dependencies   [0x00000129296fc2b8,0x00000129296fc2d8] = 32
 handler table  [0x00000129296fc2d8,0x00000129296fc458] = 384
 nul chk table  [0x00000129296fc458,0x00000129296fc470] = 24

[Constant Pool (empty)]

[MachCode]
[Entry Point]
  # {method} {0x000001293d014398} 'loadClass' '(Ljava/lang/String;Z)Ljava/lang/Class;' in 'java/lang/ClassLoader'
  # this:     rdx:rdx   = 'java/lang/ClassLoader'
  # parm0:    r8:r8     = 'java/lang/String'
  # parm1:    r9        = boolean
  #           [sp+0xd0]  (sp of caller)
  0x00000129296fb160: 448b 5208 | 49bb 0000 | 003d 2901 | 0000 4d03 | d34c 3bd0 

  0x00000129296fb174: ;   {runtime_call ic_miss_stub}
  0x00000129296fb174: 0f85 0633 | 3a07 660f | 1f44 0000 
[Verified Entry Point]
  0x00000129296fb180: 8984 2400 | 80ff ff55 | 4881 ecc0 | 0000 0090 | 4181 7f20 | 0100 0000 

  0x00000129296fb198: ;   {runtime_call StubRoutines (final stubs)}
  0x00000129296fb198: 7405 e841 | d838 0748 | 8954 2450 | 4c89 4424 

  0x00000129296fb1a8: ;   {metadata(method data for {method} {0x000001293d014398} 'loadClass' '(Ljava/lang/String;Z)Ljava/lang/Class;' in 'java/lang/ClassLoader')}
  0x00000129296fb1a8: 5848 be78 | 2633 0029 | 0100 008b | becc 0000 | 0083 c702 | 89be cc00 | 0000 81e7 | fe07 0000 
  0x00000129296fb1c8: 85ff 0f84 | 7409 0000 | 4489 4c24 | 6048 8bf2 

  0x00000129296fb1d8: ;   {metadata(method data for {method} {0x000001293d014398} 'loadClass' '(Ljava/lang/String;Z)Ljava/lang/Class;' in 'java/lang/ClassLoader')}
  0x00000129296fb1d8: 48bf 7826 | 3300 2901 | 0000 8b76 | 0849 ba00 | 0000 3d29 | 0100 0049 | 03f2 483b | b720 0100 
  0x00000129296fb1f8: 0075 0d48 | 8387 2801 | 0000 01e9 | 6000 0000 | 483b b730 | 0100 0075 | 0d48 8387 | 3801 0000 
  0x00000129296fb218: 01e9 4a00 | 0000 4883 | bf20 0100 | 0000 7517 | 4889 b720 | 0100 0048 | c787 2801 | 0000 0100 
  0x00000129296fb238: 0000 e929 | 0000 0048 | 83bf 3001 | 0000 0075 | 1748 89b7 | 3001 0000 | 48c7 8738 | 0100 0001 
  0x00000129296fb258: 0000 00e9 | 0800 0000 | 4883 8710 | 0100 0001 | 498b f04c | 8bc6 488b | fa48 8bd7 

  0x00000129296fb274: ;   {optimized virtual_call}
  0x00000129296fb274: 6666 90e8 

  0x00000129296fb278: ; ImmutableOopMap {[80]=Oop [88]=Oop }
                      ;*invokevirtual getClassLoadingLock {reexecute=0 rethrow=0 return_oop=0}
                      ; - java.lang.ClassLoader::loadClass@2
  0x00000129296fb278: 8433 fbff 

  0x00000129296fb27c: ;   {other}
  0x00000129296fb27c: 0f1f 8400 | ec03 0000 | 4889 4424 | 6848 8d94 | 24a0 0000 | 0048 8bf0 | 4889 7208 

  0x00000129296fb298: ; implicit exception: dispatches to 0x00000129296fbb65
  0x00000129296fb298: 488b 0648 | 83c8 0148 | 8902 f048 | 0fb1 160f | 8412 0000 | 0048 2bc4 | 4825 07f0 | ffff 4889 
  0x00000129296fb2b8: 020f 85ab | 0800 0049 | ff87 5005 | 0000 488b 

  0x00000129296fb2c8: ;   {metadata(method data for {method} {0x000001293d014398} 'loadClass' '(Ljava/lang/String;Z)Ljava/lang/Class;' in 'java/lang/ClassLoader')}
  0x00000129296fb2c8: 5424 5048 | be78 2633 | 0029 0100 | 0048 8386 | 4801 0000 

  0x00000129296fb2dc: ;   {metadata(method data for {method} {0x000001293d4350c0} 'findLoadedClass' '(Ljava/lang/String;)Ljava/lang/Class;' in 'java/lang/ClassLoader')}
  0x00000129296fb2dc: 0148 ba50 | c324 0029 | 0100 008b | b2cc 0000 | 0083 c602 | 89b2 cc00 | 0000 81e6 | feff 1f00 
  0x00000129296fb2fc: 85f6 0f84 | 7908 0000 

  0x00000129296fb304: ;   {metadata(method data for {method} {0x000001293d4350c0} 'findLoadedClass' '(Ljava/lang/String;)Ljava/lang/Class;' in 'java/lang/ClassLoader')}
  0x00000129296fb304: 48ba 50c3 | 2400 2901 | 0000 4883 | 8210 0100 | 0001 488b | 5424 580f 

  0x00000129296fb31c: ;   {static_call}
  0x00000129296fb31c: 1f40 00e8 

  0x00000129296fb320: ; ImmutableOopMap {[80]=Oop [88]=Oop [104]=Oop [168]=Oop }
                      ;*invokestatic checkName {reexecute=0 rethrow=0 return_oop=0}
                      ; - java.lang.ClassLoader::findLoadedClass@1
                      ; - java.lang.ClassLoader::loadClass@10
  0x00000129296fb320: 1cb7 ebff 

  0x00000129296fb324: ;   {other}
  0x00000129296fb324: 0f1f 8400 | 9404 0001 

  0x00000129296fb32c: ;   {metadata(method data for {method} {0x000001293d4350c0} 'findLoadedClass' '(Ljava/lang/String;)Ljava/lang/Class;' in 'java/lang/ClassLoader')}
  0x00000129296fb32c: 85c0 49b8 | 50c3 2400 | 2901 0000 | 48c7 c220 | 0100 0075 | 0748 c7c2 | 3001 0000 | 498b 3410 
  0x00000129296fb34c: 488d 7601 | 4989 3410 | 0f85 0f00 

  0x00000129296fb358: ;   {oop(nullptr)}
  0x00000129296fb358: 0000 48be | 0000 0000 | 0000 0000 | e936 0000 | 0048 8b54 

  0x00000129296fb36c: ;   {metadata(method data for {method} {0x000001293d4350c0} 'findLoadedClass' '(Ljava/lang/String;)Ljava/lang/Class;' in 'java/lang/ClassLoader')}
  0x00000129296fb36c: 2450 49b8 | 50c3 2400 | 2901 0000 | 4983 8040 | 0100 0001 | 4c8b 4424 | 5848 8b54 | 2450 0f1f 
  0x00000129296fb38c: ;   {optimized virtual_call}
  0x00000129296fb38c: 4400 00e8 

  0x00000129296fb390: ; ImmutableOopMap {[80]=Oop [88]=Oop [104]=Oop [168]=Oop }
                      ;*invokevirtual findLoadedClass0 {reexecute=0 rethrow=0 return_oop=0}
                      ; - java.lang.ClassLoader::findLoadedClass@11
                      ; - java.lang.ClassLoader::loadClass@10
  0x00000129296fb390: 2c8f 9107 

  0x00000129296fb394: ;   {other}
  0x00000129296fb394: 0f1f 8400 | 0405 0002 | 488b f048 

  0x00000129296fb3a0: ;   {metadata(method data for {method} {0x000001293d014398} 'loadClass' '(Ljava/lang/String;Z)Ljava/lang/Class;' in 'java/lang/ClassLoader')}
  0x00000129296fb3a0: 85f6 48bf | 7826 3300 | 2901 0000 | 48c7 c380 | 0100 0075 | 0748 c7c3 | 9001 0000 | 488b 041f 
  0x00000129296fb3c0: 488d 4001 | 4889 041f | 0f85 9605 | 0000 4889 

  0x00000129296fb3d0: ;   {metadata(method data for {method} {0x000001293d014398} 'loadClass' '(Ljava/lang/String;Z)Ljava/lang/Class;' in 'java/lang/ClassLoader')}
  0x00000129296fb3d0: 7424 7048 | bf78 2633 | 0029 0100 | 0048 8387 | a001 0000 

  0x00000129296fb3e4: ;   {runtime_call}
  0x00000129296fb3e4: 0148 b8d0 | 3031 d6fc | 7f00 00ff 

  0x00000129296fb3f0: ;   {other}
  0x00000129296fb3f0: d00f 1f84 | 0000 0000 | 0048 8944 | 2478 488b | 5424 508b | 7218 4885 

  0x00000129296fb408: ;   {metadata(method data for {method} {0x000001293d014398} 'loadClass' '(Ljava/lang/String;Z)Ljava/lang/Class;' in 'java/lang/ClassLoader')}
  0x00000129296fb408: f649 b878 | 2633 0029 | 0100 0049 | c7c1 b001 | 0000 7407 | 49c7 c1c0 | 0100 004b | 8b3c 0848 
  0x00000129296fb428: 8d7f 014b | 893c 080f | 84d4 0000 | 0048 3b06 

  0x00000129296fb438: ;   {metadata(method data for {method} {0x000001293d014398} 'loadClass' '(Ljava/lang/String;Z)Ljava/lang/Class;' in 'java/lang/ClassLoader')}
  0x00000129296fb438: 4c8b c649 | b978 2633 | 0029 0100 | 0045 8b40 | 0849 ba00 | 0000 3d29 | 0100 004d | 03c2 4d3b 
  0x00000129296fb458: 81e0 0100 | 0075 0d49 | 8381 e801 | 0000 01e9 | 6000 0000 | 4d3b 81f0 | 0100 0075 | 0d49 8381 
  0x00000129296fb478: f801 0000 | 01e9 4a00 | 0000 4983 | b9e0 0100 | 0000 7517 | 4d89 81e0 | 0100 0049 | c781 e801 
  0x00000129296fb498: 0000 0100 | 0000 e929 | 0000 0049 | 83b9 f001 | 0000 0075 | 174d 8981 | f001 0000 | 49c7 81f8 
  0x00000129296fb4b8: 0100 0001 | 0000 00e9 | 0800 0000 | 4983 81d0 | 0100 0001 | 4c8b 4424 | 5841 b900 | 0000 0048 
  0x00000129296fb4d8: 8bd6 6666 | 9048 b8f8 | 8206 3d29 

  0x00000129296fb4e4: ;   {virtual_call}
  0x00000129296fb4e4: 0100 00e8 

  0x00000129296fb4e8: ; ImmutableOopMap {[80]=Oop [88]=Oop [104]=Oop [112]=Oop [168]=Oop }
                      ;*invokevirtual loadClass {reexecute=0 rethrow=0 return_oop=0}
                      ; - java.lang.ClassLoader::loadClass@38
  0x00000129296fb4e8: 745d fdff 

  0x00000129296fb4ec: ;   {other}
  0x00000129296fb4ec: 0f1f 8400 | 5c06 0003 

  0x00000129296fb4f4: ;   {metadata(method data for {method} {0x000001293d014398} 'loadClass' '(Ljava/lang/String;Z)Ljava/lang/Class;' in 'java/lang/ClassLoader')}
  0x00000129296fb4f4: 48ba 7826 | 3300 2901 | 0000 ff82 | 0802 0000 | e9d1 0000 

  0x00000129296fb508: ;   {metadata(method data for {method} {0x000001293d014398} 'loadClass' '(Ljava/lang/String;Z)Ljava/lang/Class;' in 'java/lang/ClassLoader')}
  0x00000129296fb508: 0048 ba78 | 2633 0029 | 0100 0048 | 8382 2002 

  0x00000129296fb518: ;   {metadata(method data for {method} {0x000001293d435068} 'findBootstrapClassOrNull' '(Ljava/lang/String;)Ljava/lang/Class;' in 'java/lang/ClassLoader')}
  0x00000129296fb518: 0000 0148 | ba18 ca31 | 0029 0100 | 008b b2cc | 0000 0083 | c602 89b2 | cc00 0000 | 81e6 feff 
  0x00000129296fb538: 1f00 85f6 | 0f84 6106 

  0x00000129296fb540: ;   {metadata(method data for {method} {0x000001293d435068} 'findBootstrapClassOrNull' '(Ljava/lang/String;)Ljava/lang/Class;' in 'java/lang/ClassLoader')}
  0x00000129296fb540: 0000 48ba | 18ca 3100 | 2901 0000 | 4883 8210 | 0100 0001 | 488b 5424 | 5866 0f1f 

  0x00000129296fb55c: ;   {static_call}
  0x00000129296fb55c: 4400 00e8 

  0x00000129296fb560: ; ImmutableOopMap {[80]=Oop [88]=Oop [104]=Oop [112]=Oop [168]=Oop }
                      ;*invokestatic checkName {reexecute=0 rethrow=0 return_oop=0}
                      ; - java.lang.ClassLoader::findBootstrapClassOrNull@1
                      ; - java.lang.ClassLoader::loadClass@47
  0x00000129296fb560: 1c38 3a07 

  0x00000129296fb564: ;   {other}
  0x00000129296fb564: 0f1f 8400 | d406 0004 

  0x00000129296fb56c: ;   {metadata(method data for {method} {0x000001293d435068} 'findBootstrapClassOrNull' '(Ljava/lang/String;)Ljava/lang/Class;' in 'java/lang/ClassLoader')}
  0x00000129296fb56c: 85c0 48ba | 18ca 3100 | 2901 0000 | 48c7 c620 | 0100 0075 | 0748 c7c6 | 3001 0000 | 488b 3c32 
  0x00000129296fb58c: 488d 7f01 | 4889 3c32 | 0f85 0f00 

  0x00000129296fb598: ;   {oop(nullptr)}
  0x00000129296fb598: 0000 48be | 0000 0000 | 0000 0000 | e92e 0000 

  0x00000129296fb5a8: ;   {metadata(method data for {method} {0x000001293d435068} 'findBootstrapClassOrNull' '(Ljava/lang/String;)Ljava/lang/Class;' in 'java/lang/ClassLoader')}
  0x00000129296fb5a8: 0048 ba18 | ca31 0029 | 0100 0048 | 8382 4001 | 0000 0148 | 8b54 2458 | 0f1f 8000 

  0x00000129296fb5c4: ;   {static_call}
  0x00000129296fb5c4: 0000 00e8 

  0x00000129296fb5c8: ; ImmutableOopMap {[80]=Oop [88]=Oop [104]=Oop [112]=Oop [168]=Oop }
                      ;*invokestatic findBootstrapClass {reexecute=0 rethrow=0 return_oop=0}
                      ; - java.lang.ClassLoader::findBootstrapClassOrNull@10
                      ; - java.lang.ClassLoader::loadClass@47
  0x00000129296fb5c8: b437 3a07 

  0x00000129296fb5cc: ;   {other}
  0x00000129296fb5cc: 0f1f 8400 | 3c07 0005 | 488b f048 

  0x00000129296fb5d8: ;   {metadata(method data for {method} {0x000001293d014398} 'loadClass' '(Ljava/lang/String;Z)Ljava/lang/Class;' in 'java/lang/ClassLoader')}
  0x00000129296fb5d8: 8bc6 48be | 7826 3300 | 2901 0000 | ff86 3002 | 0000 e91e | 0000 0049 | 8b87 0005 | 0000 4d33 
  0x00000129296fb5f8: d24d 8997 | 0005 0000 | 4d33 d24d | 8997 0805 | 0000 488b | c648 85c0 

  0x00000129296fb610: ;   {metadata(method data for {method} {0x000001293d014398} 'loadClass' '(Ljava/lang/String;Z)Ljava/lang/Class;' in 'java/lang/ClassLoader')}
  0x00000129296fb610: 48be 7826 | 3300 2901 | 0000 48c7 | c758 0200 | 0074 0748 | c7c7 4802 | 0000 488b | 1c3e 488d 
  0x00000129296fb630: 5b01 4889 | 1c3e 0f84 | 0800 0000 | 488b f0e9 | 2003 0000 

  0x00000129296fb644: ;   {metadata(method data for {method} {0x000001293d014398} 'loadClass' '(Ljava/lang/String;Z)Ljava/lang/Class;' in 'java/lang/ClassLoader')}
  0x00000129296fb644: 48be 7826 | 3300 2901 | 0000 4883 | 8668 0200 

  0x00000129296fb654: ;   {runtime_call}
  0x00000129296fb654: 0001 48b8 | d030 31d6 | fc7f 0000 

  0x00000129296fb660: ;   {other}
  0x00000129296fb660: ffd0 0f1f | 8400 0000 | 0000 488b 

  0x00000129296fb66c: ;   {metadata(method data for {method} {0x000001293d014398} 'loadClass' '(Ljava/lang/String;Z)Ljava/lang/Class;' in 'java/lang/ClassLoader')}
  0x00000129296fb66c: 5424 5049 | b878 2633 | 0029 0100 | 008b 5208 | 49ba 0000 | 003d 2901 | 0000 4903 | d249 3b90 
  0x00000129296fb68c: 8802 0000 | 750d 4983 | 8090 0200 | 0001 e960 | 0000 0049 | 3b90 9802 | 0000 750d | 4983 80a0 
  0x00000129296fb6ac: 0200 0001 | e94a 0000 | 0049 83b8 | 8802 0000 | 0075 1749 | 8990 8802 | 0000 49c7 | 8090 0200 
  0x00000129296fb6cc: 0001 0000 | 00e9 2900 | 0000 4983 | b898 0200 | 0000 7517 | 4989 9098 | 0200 0049 | c780 a002 
  0x00000129296fb6ec: 0000 0100 | 0000 e908 | 0000 0049 | 8380 7802 | 0000 014c | 8b44 2458 | 488b 5424 | 5048 8984 
  0x00000129296fb70c: 2480 0000 | 000f 1f40 | 0048 b8e0 | 3309 0429 

  0x00000129296fb71c: ;   {virtual_call}
  0x00000129296fb71c: 0100 00e8 

  0x00000129296fb720: ; ImmutableOopMap {[80]=Oop [104]=Oop [168]=Oop }
                      ;*invokevirtual findClass {reexecute=0 rethrow=0 return_oop=0}
                      ; - java.lang.ClassLoader::loadClass@69
  0x00000129296fb720: 1180 3a07 

  0x00000129296fb724: ;   {other}
  0x00000129296fb724: 0f1f 8400 | 9408 0006 

  0x00000129296fb72c: ;   {metadata(method data for {method} {0x000001293d014398} 'loadClass' '(Ljava/lang/String;Z)Ljava/lang/Class;' in 'java/lang/ClassLoader')}
  0x00000129296fb72c: 49b8 7826 | 3300 2901 | 0000 4983 | 80b0 0200 

  0x00000129296fb73c: ;   {metadata(method data for {method} {0x000001293d104040} 'getParentDelegationTime' '()Ljdk/internal/perf/PerfCounter;' in 'jdk/internal/perf/PerfCounter')}
  0x00000129296fb73c: 0001 49b8 | a82a 3300 | 2901 0000 | 418b 90cc | 0000 0083 | c202 4189 | 90cc 0000 | 0081 e2fe 
  0x00000129296fb75c: ff1f 0085 | d20f 845d 

  0x00000129296fb764: ;   {oop(a 'jdk/internal/perf/PerfCounter'{0x00000000d6fccd28})}
  0x00000129296fb764: 0400 0048 | ba28 cdfc | d600 0000 | 004c 8bc2 

  0x00000129296fb774: ;   {metadata(method data for {method} {0x000001293d014398} 'loadClass' '(Ljava/lang/String;Z)Ljava/lang/Class;' in 'java/lang/ClassLoader')}
  0x00000129296fb774: 48be 7826 | 3300 2901 

  0x00000129296fb77c: ;   {metadata('jdk/internal/perf/PerfCounter')}
  0x00000129296fb77c: 0000 49ba | 6036 103d | 2901 0000 | 4c89 96d0 | 0200 0048 | 8386 d802 | 0000 014c | 8b84 2480 
  0x00000129296fb79c: 0000 0048 | 8b74 2478 

  0x00000129296fb7a4: ;   {metadata(method data for {method} {0x000001293d103e30} 'addTime' '(J)V' in 'jdk/internal/perf/PerfCounter')}
  0x00000129296fb7a4: 4c2b c648 | bed0 2b33 | 0029 0100 | 008b becc | 0000 0083 | c702 89be | cc00 0000 | 81e7 feff 
  0x00000129296fb7c4: 1f00 85ff | 0f84 1704 | 0000 488b 

  0x00000129296fb7d0: ;   {metadata(method data for {method} {0x000001293d103e30} 'addTime' '(J)V' in 'jdk/internal/perf/PerfCounter')}
  0x00000129296fb7d0: f248 bfd0 | 2b33 0029 

  0x00000129296fb7d8: ;   {metadata('jdk/internal/perf/PerfCounter')}
  0x00000129296fb7d8: 0100 0049 | ba60 3610 | 3d29 0100 | 004c 8997 | 2001 0000 | 4883 8728 | 0100 0001 | 4889 8424 
  0x00000129296fb7f8: 8800 0000 

  0x00000129296fb7fc: ;   {optimized virtual_call}
  0x00000129296fb7fc: 6666 90e8 

  0x00000129296fb800: ; ImmutableOopMap {[80]=Oop [104]=Oop [136]=Oop [168]=Oop }
                      ;*invokevirtual add {reexecute=0 rethrow=0 return_oop=0}
                      ; - jdk.internal.perf.PerfCounter::addTime@2
                      ; - java.lang.ClassLoader::loadClass@82
  0x00000129296fb800: fc1f feff 

  0x00000129296fb804: ;   {other}
  0x00000129296fb804: 0f1f 8400 | 7409 0007 

  0x00000129296fb80c: ;   {metadata(method data for {method} {0x000001293d014398} 'loadClass' '(Ljava/lang/String;Z)Ljava/lang/Class;' in 'java/lang/ClassLoader')}
  0x00000129296fb80c: 49b8 7826 | 3300 2901 | 0000 4983 | 80f8 0200 

  0x00000129296fb81c: ;   {metadata(method data for {method} {0x000001293d104098} 'getFindClassTime' '()Ljdk/internal/perf/PerfCounter;' in 'jdk/internal/perf/PerfCounter')}
  0x00000129296fb81c: 0001 49b8 | 682d 3300 | 2901 0000 | 418b 90cc | 0000 0083 | c202 4189 | 90cc 0000 | 0081 e2fe 
  0x00000129296fb83c: ff1f 0085 | d20f 84bf 

  0x00000129296fb844: ;   {oop(a 'jdk/internal/perf/PerfCounter'{0x00000000d6fccc08})}
  0x00000129296fb844: 0300 0048 | ba08 ccfc | d600 0000 | 004c 8bc2 

  0x00000129296fb854: ;   {metadata(method data for {method} {0x000001293d014398} 'loadClass' '(Ljava/lang/String;Z)Ljava/lang/Class;' in 'java/lang/ClassLoader')}
  0x00000129296fb854: 48be 7826 | 3300 2901 

  0x00000129296fb85c: ;   {metadata('jdk/internal/perf/PerfCounter')}
  0x00000129296fb85c: 0000 49ba | 6036 103d | 2901 0000 | 4c89 9618 | 0300 0048 | 8386 2003 | 0000 014c | 8b84 2480 
  0x00000129296fb87c: ;   {optimized virtual_call}
  0x00000129296fb87c: 0000 00e8 

  0x00000129296fb880: ; ImmutableOopMap {[80]=Oop [104]=Oop [136]=Oop [168]=Oop }
                      ;*invokevirtual addElapsedTimeFrom {reexecute=0 rethrow=0 return_oop=0}
                      ; - java.lang.ClassLoader::loadClass@90
  0x00000129296fb880: 5cd3 0300 

  0x00000129296fb884: ;   {other}
  0x00000129296fb884: 0f1f 8400 | f409 0008 

  0x00000129296fb88c: ;   {metadata(method data for {method} {0x000001293d014398} 'loadClass' '(Ljava/lang/String;Z)Ljava/lang/Class;' in 'java/lang/ClassLoader')}
  0x00000129296fb88c: 49b8 7826 | 3300 2901 | 0000 4983 | 8040 0300 

  0x00000129296fb89c: ;   {metadata(method data for {method} {0x000001293d1040f0} 'getFindClasses' '()Ljdk/internal/perf/PerfCounter;' in 'jdk/internal/perf/PerfCounter')}
  0x00000129296fb89c: 0001 49b8 | 3830 3300 | 2901 0000 | 418b 90cc | 0000 0083 | c202 4189 | 90cc 0000 | 0081 e2fe 
  0x00000129296fb8bc: ff1f 0085 | d20f 8460 

  0x00000129296fb8c4: ;   {oop(a 'jdk/internal/perf/PerfCounter'{0x00000000d6fccc98})}
  0x00000129296fb8c4: 0300 0048 | ba98 ccfc | d600 0000 | 004c 8bc2 

  0x00000129296fb8d4: ;   {metadata(method data for {method} {0x000001293d014398} 'loadClass' '(Ljava/lang/String;Z)Ljava/lang/Class;' in 'java/lang/ClassLoader')}
  0x00000129296fb8d4: 48be 7826 | 3300 2901 

  0x00000129296fb8dc: ;   {metadata('jdk/internal/perf/PerfCounter')}
  0x00000129296fb8dc: 0000 49ba | 6036 103d | 2901 0000 | 4c89 9660 | 0300 0048 | 8386 6803 

  0x00000129296fb8f4: ;   {metadata(method data for {method} {0x000001293d103ee0} 'increment' '()V' in 'jdk/internal/perf/PerfCounter')}
  0x00000129296fb8f4: 0000 0149 | b860 3133 | 0029 0100 | 0041 8bb0 | cc00 0000 | 83c6 0241 | 89b0 cc00 | 0000 81e6 
  0x00000129296fb914: feff 1f00 | 85f6 0f84 | 2803 0000 

  0x00000129296fb920: ;   {metadata(method data for {method} {0x000001293d103ee0} 'increment' '()V' in 'jdk/internal/perf/PerfCounter')}
  0x00000129296fb920: 4c8b c248 | be60 3133 | 0029 0100 

  0x00000129296fb92c: ;   {metadata('jdk/internal/perf/PerfCounter')}
  0x00000129296fb92c: 0049 ba60 | 3610 3d29 | 0100 004c | 8996 2001 | 0000 4883 | 8628 0100 | 0001 49c7 | c001 0000 
  0x00000129296fb94c: ;   {optimized virtual_call}
  0x00000129296fb94c: 0066 90e8 

  0x00000129296fb950: ; ImmutableOopMap {[80]=Oop [104]=Oop [136]=Oop [168]=Oop }
                      ;*invokevirtual add {reexecute=0 rethrow=0 return_oop=0}
                      ; - jdk.internal.perf.PerfCounter::increment@2
                      ; - java.lang.ClassLoader::loadClass@96
  0x00000129296fb950: ac1e feff 

  0x00000129296fb954: ;   {other}
  0x00000129296fb954: 0f1f 8400 | c40a 0009 | 488b b424 | 8800 0000 | 448b 4c24 | 6045 85c9 

  0x00000129296fb96c: ;   {metadata(method data for {method} {0x000001293d014398} 'loadClass' '(Ljava/lang/String;Z)Ljava/lang/Class;' in 'java/lang/ClassLoader')}
  0x00000129296fb96c: 48b8 7826 | 3300 2901 | 0000 48c7 | c288 0300 | 0074 0748 | c7c2 9803 | 0000 488b | 3c10 488d 
  0x00000129296fb98c: 7f01 4889 | 3c10 0f84 | 6d00 0000 | 488b 5424 

  0x00000129296fb99c: ;   {metadata(method data for {method} {0x000001293d014398} 'loadClass' '(Ljava/lang/String;Z)Ljava/lang/Class;' in 'java/lang/ClassLoader')}
  0x00000129296fb99c: 5048 b878 | 2633 0029 | 0100 0048 | 8380 a803 

  0x00000129296fb9ac: ;   {metadata(method data for {method} {0x000001293d435010} 'resolveClass' '(Ljava/lang/Class;)V' in 'java/lang/ClassLoader')}
  0x00000129296fb9ac: 0000 0148 | b870 2631 | 0029 0100 | 008b 90cc | 0000 0083 | c202 8990 | cc00 0000 | 81e2 feff 
  0x00000129296fb9cc: 1f00 85d2 | 0f84 9302 | 0000 4885 

  0x00000129296fb9d8: ;   {metadata(method data for {method} {0x000001293d435010} 'resolveClass' '(Ljava/lang/Class;)V' in 'java/lang/ClassLoader')}
  0x00000129296fb9d8: f648 b870 | 2631 0029 | 0100 0048 | c7c2 2001 | 0000 7407 | 48c7 c210 | 0100 0048 | 8b3c 1048 
  0x00000129296fb9f8: 8d7f 0148 | 893c 100f | 8443 0000 | 0048 8d84 | 24a0 0000 | 0048 8b10 | 4885 d20f | 840f 0000 
  0x00000129296fba18: 0048 8b78 | 08f0 480f | b117 0f85 | 6202 0000 | 49ff 8f50 | 0500 0048 | 8bc6 4881 | c4c0 0000 
  0x00000129296fba38: ;   {poll_return}
  0x00000129296fba38: 005d 493b | a750 0400 | 000f 8759 | 0200 00c3 | 4889 b424 | 9800 0000 

  0x00000129296fba50: ;   {no_reloc}
  0x00000129296fba50: e970 0200 | 0000 0000 | 0000 498b | 87b8 0100 | 0048 8d78 | 3049 3bbf | c801 0000 | 0f87 5d02 
  0x00000129296fba70: 0000 4989 | bfb8 0100 | 0048 c700 | 0100 0000 | 488b ca49 | ba00 0000 | 3d29 0100 | 0049 2bca 
  0x00000129296fba90: 8948 0848 | 33c9 8948 | 0c48 33c9 | 4889 4810 | 4889 4818 | 4889 4820 | 4889 4828 

  0x00000129296fbaac: ;   {metadata(method data for {method} {0x000001293d435010} 'resolveClass' '(Ljava/lang/Class;)V' in 'java/lang/ClassLoader')}
  0x00000129296fbaac: 488b d048 | be70 2631 | 0029 0100 | 0048 8386 | 3001 0000 | 0148 8bd0 | 4889 8424 | 9000 0000 
  0x00000129296fbacc: ;   {optimized virtual_call}
  0x00000129296fbacc: 6666 90e8 

  0x00000129296fbad0: ; ImmutableOopMap {[104]=Oop [144]=Oop [152]=Oop [168]=Oop }
                      ;*invokespecial <init> {reexecute=0 rethrow=0 return_oop=0}
                      ; - java.lang.ClassLoader::resolveClass@8
                      ; - java.lang.ClassLoader::loadClass@106
  0x00000129296fbad0: ac2c 3a07 

  0x00000129296fbad4: ;   {other}
  0x00000129296fbad4: 0f1f 8400 | 440c 000a | 488b 8424 

  0x00000129296fbae0: ; ImmutableOopMap {rax=Oop [104]=Oop [152]=Oop [168]=Oop }
                      ;*athrow {reexecute=1 rethrow=0 return_oop=0}
                      ; - (reexecute) java.lang.ClassLoader::resolveClass@11
                      ; - java.lang.ClassLoader::loadClass@106
  0x00000129296fbae0: 9000 0000 

  0x00000129296fbae4: ;   {section_word}
  0x00000129296fbae4: 48ba e4ba | 6f29 2901 

  0x00000129296fbaec: ;   {runtime_call handle_exception_nofpu Runtime1 stub}
  0x00000129296fbaec: 0000 e80d | 3e45 0790 | 498b 8700 | 0500 004d | 33d2 4d89 | 9700 0500 | 004d 33d2 | 4d89 9708 
  0x00000129296fbb0c: 0500 0048 | 8bf0 488d | 8424 a000 | 0000 488b | 3848 85ff | 0f84 0f00 | 0000 488b | 5808 f048 
  0x00000129296fbb2c: 0fb1 3b0f | 85a7 0100 | 0049 ff8f | 5005 0000 | 488b c6e9 | f301 0000 

  0x00000129296fbb44: ;   {metadata({method} {0x000001293d014398} 'loadClass' '(Ljava/lang/String;Z)Ljava/lang/Class;' in 'java/lang/ClassLoader')}
  0x00000129296fbb44: 49ba 9043 | 013d 2901 | 0000 4c89 | 5424 0848 | c704 24ff 

  0x00000129296fbb58: ;   {runtime_call counter_overflow Runtime1 stub}
  0x00000129296fbb58: ffff ffe8 

  0x00000129296fbb5c: ; ImmutableOopMap {rdx=Oop r8=Oop [80]=Oop [88]=Oop }
                      ;*synchronization entry
                      ; - java.lang.ClassLoader::loadClass@-1
  0x00000129296fbb5c: 20a5 4507 | e96b f6ff 

  0x00000129296fbb64: ;   {runtime_call throw_null_pointer_exception Runtime1 stub}
  0x00000129296fbb64: ffe8 9625 

  0x00000129296fbb68: ; ImmutableOopMap {rsi=Oop [80]=Oop [88]=Oop [104]=Oop }
                      ;*monitorenter {reexecute=0 rethrow=0 return_oop=0}
                      ; - java.lang.ClassLoader::loadClass@7
  0x00000129296fbb68: 4507 4889 | 7424 0848 

  0x00000129296fbb70: ;   {runtime_call monitorenter_nofpu Runtime1 stub}
  0x00000129296fbb70: 8914 24e8 

  0x00000129296fbb74: ; ImmutableOopMap {rsi=Oop [80]=Oop [88]=Oop [104]=Oop [168]=Oop }
                      ;*monitorenter {reexecute=0 rethrow=0 return_oop=0}
                      ; - java.lang.ClassLoader::loadClass@7
  0x00000129296fbb74: 8855 4507 | e949 f7ff 

  0x00000129296fbb7c: ;   {metadata({method} {0x000001293d4350c0} 'findLoadedClass' '(Ljava/lang/String;)Ljava/lang/Class;' in 'java/lang/ClassLoader')}
  0x00000129296fbb7c: ff49 bab8 | 5043 3d29 | 0100 004c | 8954 2408 | 48c7 0424 | ffff ffff 

  0x00000129296fbb94: ;   {runtime_call counter_overflow Runtime1 stub}
  0x00000129296fbb94: e8e7 a445 

  0x00000129296fbb98: ; ImmutableOopMap {[80]=Oop [88]=Oop [104]=Oop [168]=Oop }
                      ;*synchronization entry
                      ; - java.lang.ClassLoader::findLoadedClass@-1
                      ; - java.lang.ClassLoader::loadClass@10
  0x00000129296fbb98: 07e9 66f7 

  0x00000129296fbb9c: ;   {runtime_call throw_null_pointer_exception Runtime1 stub}
  0x00000129296fbb9c: ffff e85d 

  0x00000129296fbba0: ; ImmutableOopMap {rsi=Oop [80]=Oop [88]=Oop [104]=Oop [112]=Oop [168]=Oop }
                      ;*invokevirtual loadClass {reexecute=0 rethrow=0 return_oop=0}
                      ; - java.lang.ClassLoader::loadClass@38
                      ;   {metadata({method} {0x000001293d435068} 'findBootstrapClassOrNull' '(Ljava/lang/String;)Ljava/lang/Class;' in 'java/lang/ClassLoader')}
  0x00000129296fbba0: 2545 0749 | ba60 5043 | 3d29 0100 | 004c 8954 | 2408 48c7 | 0424 ffff 

  0x00000129296fbbb8: ;   {runtime_call counter_overflow Runtime1 stub}
  0x00000129296fbbb8: ffff e8c1 

  0x00000129296fbbbc: ; ImmutableOopMap {[80]=Oop [88]=Oop [104]=Oop [112]=Oop [168]=Oop }
                      ;*synchronization entry
                      ; - java.lang.ClassLoader::findBootstrapClassOrNull@-1
                      ; - java.lang.ClassLoader::loadClass@47
  0x00000129296fbbbc: a445 07e9 | 7ef9 ffff 

  0x00000129296fbbc4: ;   {metadata({method} {0x000001293d104040} 'getParentDelegationTime' '()Ljdk/internal/perf/PerfCounter;' in 'jdk/internal/perf/PerfCounter')}
  0x00000129296fbbc4: 49ba 3840 | 103d 2901 | 0000 4c89 | 5424 0848 | c704 24ff 

  0x00000129296fbbd8: ;   {runtime_call counter_overflow Runtime1 stub}
  0x00000129296fbbd8: ffff ffe8 

  0x00000129296fbbdc: ; ImmutableOopMap {rax=Oop [80]=Oop [104]=Oop [168]=Oop }
                      ;*synchronization entry
                      ; - jdk.internal.perf.PerfCounter::getParentDelegationTime@-1
                      ; - java.lang.ClassLoader::loadClass@74
  0x00000129296fbbdc: a0a4 4507 | e982 fbff 

  0x00000129296fbbe4: ;   {metadata({method} {0x000001293d103e30} 'addTime' '(J)V' in 'jdk/internal/perf/PerfCounter')}
  0x00000129296fbbe4: ff49 ba28 | 3e10 3d29 | 0100 004c | 8954 2408 | 48c7 0424 | ffff ffff 

  0x00000129296fbbfc: ;   {runtime_call counter_overflow Runtime1 stub}
  0x00000129296fbbfc: e87f a445 

  0x00000129296fbc00: ; ImmutableOopMap {rax=Oop rdx=Oop [80]=Oop [104]=Oop [168]=Oop }
                      ;*synchronization entry
                      ; - jdk.internal.perf.PerfCounter::addTime@-1
                      ; - java.lang.ClassLoader::loadClass@82
  0x00000129296fbc00: 07e9 c8fb 

  0x00000129296fbc04: ;   {metadata({method} {0x000001293d104098} 'getFindClassTime' '()Ljdk/internal/perf/PerfCounter;' in 'jdk/internal/perf/PerfCounter')}
  0x00000129296fbc04: ffff 49ba | 9040 103d | 2901 0000 | 4c89 5424 | 0848 c704 | 24ff ffff 

  0x00000129296fbc1c: ;   {runtime_call counter_overflow Runtime1 stub}
  0x00000129296fbc1c: ffe8 5ea4 

  0x00000129296fbc20: ; ImmutableOopMap {[80]=Oop [104]=Oop [136]=Oop [168]=Oop }
                      ;*synchronization entry
                      ; - jdk.internal.perf.PerfCounter::getFindClassTime@-1
                      ; - java.lang.ClassLoader::loadClass@85
  0x00000129296fbc20: 4507 e920 

  0x00000129296fbc24: ;   {metadata({method} {0x000001293d1040f0} 'getFindClasses' '()Ljdk/internal/perf/PerfCounter;' in 'jdk/internal/perf/PerfCounter')}
  0x00000129296fbc24: fcff ff49 | bae8 4010 | 3d29 0100 | 004c 8954 | 2408 48c7 | 0424 ffff 

  0x00000129296fbc3c: ;   {runtime_call counter_overflow Runtime1 stub}
  0x00000129296fbc3c: ffff e83d 

  0x00000129296fbc40: ; ImmutableOopMap {[80]=Oop [104]=Oop [136]=Oop [168]=Oop }
                      ;*synchronization entry
                      ; - jdk.internal.perf.PerfCounter::getFindClasses@-1
                      ; - java.lang.ClassLoader::loadClass@93
  0x00000129296fbc40: a445 07e9 | 7ffc ffff 

  0x00000129296fbc48: ;   {metadata({method} {0x000001293d103ee0} 'increment' '()V' in 'jdk/internal/perf/PerfCounter')}
  0x00000129296fbc48: 49ba d83e | 103d 2901 | 0000 4c89 | 5424 0848 | c704 24ff 

  0x00000129296fbc5c: ;   {runtime_call counter_overflow Runtime1 stub}
  0x00000129296fbc5c: ffff ffe8 

  0x00000129296fbc60: ; ImmutableOopMap {rdx=Oop [80]=Oop [104]=Oop [136]=Oop [168]=Oop }
                      ;*synchronization entry
                      ; - jdk.internal.perf.PerfCounter::increment@-1
                      ; - java.lang.ClassLoader::loadClass@96
  0x00000129296fbc60: 1ca4 4507 | e9b7 fcff 

  0x00000129296fbc68: ;   {metadata({method} {0x000001293d435010} 'resolveClass' '(Ljava/lang/Class;)V' in 'java/lang/ClassLoader')}
  0x00000129296fbc68: ff49 ba08 | 5043 3d29 | 0100 004c | 8954 2408 | 48c7 0424 | ffff ffff 

  0x00000129296fbc80: ;   {runtime_call counter_overflow Runtime1 stub}
  0x00000129296fbc80: e8fb a345 

  0x00000129296fbc84: ; ImmutableOopMap {rsi=Oop [104]=Oop [168]=Oop }
                      ;*synchronization entry
                      ; - java.lang.ClassLoader::resolveClass@-1
                      ; - java.lang.ClassLoader::loadClass@106
  0x00000129296fbc84: 07e9 4cfd | ffff 488d | 8424 a000 | 0000 4889 

  0x00000129296fbc94: ;   {runtime_call monitorexit_nofpu Runtime1 stub}
  0x00000129296fbc94: 0424 e865 | 6045 07e9 | 8ffd ffff 

  0x00000129296fbca0: ;   {internal_word}
  0x00000129296fbca0: 49ba 3aba | 6f29 2901 | 0000 4d89 | 9768 0400 

  0x00000129296fbcb0: ;   {runtime_call SafepointBlob}
  0x00000129296fbcb0: 00e9 4a8e 

  0x00000129296fbcb4: ;   {metadata(nullptr)}
  0x00000129296fbcb4: 3a07 48ba | 0000 0000 | 0000 0000 | b800 0f05 

  0x00000129296fbcc4: ;   {runtime_call load_klass_patching Runtime1 stub}
  0x00000129296fbcc4: 0ae8 368c 

  0x00000129296fbcc8: ; ImmutableOopMap {[104]=Oop [152]=Oop [168]=Oop }
                      ;*new {reexecute=1 rethrow=0 return_oop=0}
                      ; - (reexecute) java.lang.ClassLoader::resolveClass@4
                      ; - java.lang.ClassLoader::loadClass@106
  0x00000129296fbcc8: 4507 e981 | fdff ff48 

  0x00000129296fbcd0: ;   {runtime_call fast_new_instance Runtime1 stub}
  0x00000129296fbcd0: 8bd2 e829 

  0x00000129296fbcd4: ; ImmutableOopMap {[104]=Oop [152]=Oop [168]=Oop }
                      ;*new {reexecute=0 rethrow=0 return_oop=0}
                      ; - java.lang.ClassLoader::resolveClass@4
                      ; - java.lang.ClassLoader::loadClass@106
  0x00000129296fbcd4: 2d45 07e9 | d0fd ffff | 488d 8424 | a000 0000 | 4889 0424 

  0x00000129296fbce8: ;   {runtime_call monitorexit_nofpu Runtime1 stub}
  0x00000129296fbce8: e813 6045 | 07e9 4afe | ffff 488b | 7424 70e9 | f3f8 ffff | 488b 7424 | 70e9 e9f8 | ffff 488b 
  0x00000129296fbd08: 7424 70e9 | dff8 ffff | 488b 7424 | 70e9 d5f8 | ffff 498b | 8700 0500 | 0049 c787 | 0005 0000 
  0x00000129296fbd28: 0000 0000 | 49c7 8708 | 0500 0000 | 0000 0048 | 81c4 c000 

  0x00000129296fbd3c: ;   {runtime_call unwind_exception Runtime1 stub}
  0x00000129296fbd3c: 0000 5de9 | bc14 4507 | f4f4 f4f4 
[Stub Code]
  0x00000129296fbd48: ;   {no_reloc}
  0x00000129296fbd48: 0f1f 4400 

  0x00000129296fbd4c: ;   {static_stub}
  0x00000129296fbd4c: 0048 bb00 | 0000 0000 

  0x00000129296fbd54: ;   {runtime_call nmethod}
  0x00000129296fbd54: 0000 00e9 | fbff ffff 

  0x00000129296fbd5c: ;   {static_stub}
  0x00000129296fbd5c: 9048 bb00 | 0000 0000 

  0x00000129296fbd64: ;   {runtime_call nmethod}
  0x00000129296fbd64: 0000 00e9 | fbff ffff 

  0x00000129296fbd6c: ;   {static_stub}
  0x00000129296fbd6c: 9048 bb00 | 0000 0000 

  0x00000129296fbd74: ;   {runtime_call nmethod}
  0x00000129296fbd74: 0000 00e9 | fbff ffff 

  0x00000129296fbd7c: ;   {static_stub}
  0x00000129296fbd7c: 9048 bb00 | 0000 0000 

  0x00000129296fbd84: ;   {runtime_call nmethod}
  0x00000129296fbd84: 0000 00e9 | fbff ffff 

  0x00000129296fbd8c: ;   {static_stub}
  0x00000129296fbd8c: 9048 bb80 | 3e10 3d29 

  0x00000129296fbd94: ;   {runtime_call I2C/C2I adapters}
  0x00000129296fbd94: 0100 00e9 | 4b96 3a07 

  0x00000129296fbd9c: ;   {static_stub}
  0x00000129296fbd9c: 9048 bb00 | 0000 0000 

  0x00000129296fbda4: ;   {runtime_call nmethod}
  0x00000129296fbda4: 0000 00e9 | fbff ffff 

  0x00000129296fbdac: ;   {static_stub}
  0x00000129296fbdac: 48bb 0000 | 0000 0000 

  0x00000129296fbdb4: ;   {runtime_call nmethod}
  0x00000129296fbdb4: 0000 e9fb 

  0x00000129296fbdb8: ;   {static_stub}
  0x00000129296fbdb8: ffff ff48 | bb00 0000 | 0000 0000 

  0x00000129296fbdc4: ;   {runtime_call nmethod}
  0x00000129296fbdc4: 00e9 fbff 

  0x00000129296fbdc8: ;   {static_stub}
  0x00000129296fbdc8: ffff 48bb | 0000 0000 | 0000 0000 

  0x00000129296fbdd4: ;   {runtime_call nmethod}
  0x00000129296fbdd4: e9fb ffff 

  0x00000129296fbdd8: ;   {static_stub}
  0x00000129296fbdd8: ff48 bb00 | 0000 0000 

  0x00000129296fbde0: ;   {runtime_call nmethod}
  0x00000129296fbde0: 0000 00e9 | fbff ffff 
[Exception Handler]
  0x00000129296fbde8: ;   {runtime_call handle_exception_from_callee Runtime1 stub}
  0x00000129296fbde8: e813 4145 

  0x00000129296fbdec: ;   {external_word}
  0x00000129296fbdec: 0748 b950 | 6364 d6fc | 7f00 0048 

  0x00000129296fbdf8: ;   {runtime_call}
  0x00000129296fbdf8: 83e4 f048 | b8c0 c926 | d6fc 7f00 | 00ff d0f4 
[Deopt Handler Code]
  0x00000129296fbe08: ;   {section_word}
  0x00000129296fbe08: 49ba 08be | 6f29 2901 | 0000 4152 

  0x00000129296fbe14: ;   {runtime_call DeoptimizationBlob}
  0x00000129296fbe14: e987 7f3a | 07f4 f4f4 | f4f4 f4f4 
[/MachCode]


---------------  P R O C E S S  ---------------

Threads class SMR info:
_java_thread_list=0x000001297f969c30, length=11, elements={
0x000001292631ca90, 0x000001292628dd60, 0x000001292628f570, 0x0000012926291210,
0x0000012926292260, 0x0000012926295170, 0x0000012926296180, 0x0000012926298fd0,
0x00000129262a04f0, 0x000001297f85a920, 0x000001297f9804c0
}

Java Threads: ( => current thread )
=>0x000001292631ca90 JavaThread "main"                              [_thread_in_vm, id=31168, stack(0x0000000318400000,0x0000000318500000) (1024K)]
  0x000001292628dd60 JavaThread "Reference Handler"          daemon [_thread_blocked, id=18144, stack(0x0000000318900000,0x0000000318a00000) (1024K)]
  0x000001292628f570 JavaThread "Finalizer"                  daemon [_thread_blocked, id=14804, stack(0x0000000318a00000,0x0000000318b00000) (1024K)]
  0x0000012926291210 JavaThread "Signal Dispatcher"          daemon [_thread_blocked, id=30712, stack(0x0000000318b00000,0x0000000318c00000) (1024K)]
  0x0000012926292260 JavaThread "Attach Listener"            daemon [_thread_blocked, id=21200, stack(0x0000000318c00000,0x0000000318d00000) (1024K)]
  0x0000012926295170 JavaThread "Service Thread"             daemon [_thread_blocked, id=35664, stack(0x0000000318d00000,0x0000000318e00000) (1024K)]
  0x0000012926296180 JavaThread "Monitor Deflation Thread"   daemon [_thread_blocked, id=31012, stack(0x0000000318e00000,0x0000000318f00000) (1024K)]
  0x0000012926298fd0 JavaThread "C2 CompilerThread0"         daemon [_thread_blocked, id=16336, stack(0x0000000318f00000,0x0000000319000000) (1024K)]
  0x00000129262a04f0 JavaThread "C1 CompilerThread0"         daemon [_thread_blocked, id=9148, stack(0x0000000319000000,0x0000000319100000) (1024K)]
  0x000001297f85a920 JavaThread "Common-Cleaner"             daemon [_thread_blocked, id=17820, stack(0x0000000319100000,0x0000000319200000) (1024K)]
  0x000001297f9804c0 JavaThread "Notification Thread"        daemon [_thread_blocked, id=19896, stack(0x0000000319200000,0x0000000319300000) (1024K)]
Total: 11

Other Threads:
  0x00000129263de9d0 VMThread "VM Thread"                           [id=25540, stack(0x0000000318800000,0x0000000318900000) (1024K)]
  0x00000129261aca00 WatcherThread "VM Periodic Task Thread"        [id=7188, stack(0x0000000318700000,0x0000000318800000) (1024K)]
  0x000001292633bde0 WorkerThread "GC Thread#0"                     [id=8664, stack(0x0000000318600000,0x0000000318700000) (1024K)]
  0x00000129043a8a80 WorkerThread "GC Thread#1"                     [id=22104, stack(0x0000000319300000,0x0000000319400000) (1024K)]
  0x0000012904033ac0 WorkerThread "GC Thread#2"                     [id=13472, stack(0x0000000319400000,0x0000000319500000) (1024K)]
  0x00000129043a8e30 WorkerThread "GC Thread#3"                     [id=15236, stack(0x0000000319500000,0x0000000319600000) (1024K)]
  0x00000129043a91e0 WorkerThread "GC Thread#4"                     [id=22596, stack(0x0000000319600000,0x0000000319700000) (1024K)]
  0x0000012904276510 WorkerThread "GC Thread#5"                     [id=24140, stack(0x0000000319700000,0x0000000319800000) (1024K)]
  0x0000012904276cd0 WorkerThread "GC Thread#6"                     [id=1868, stack(0x0000000319800000,0x0000000319900000) (1024K)]
Total: 9

Threads with active compile tasks:
Total: 0

VM state: not at safepoint (normal execution)

VM Mutex/Monitor currently owned by a thread:  ([mutex/lock_event])
[0x00007ffcd68fd530] Metaspace_lock - owner thread: 0x000001292631ca90

Heap address: 0x0000000080000000, size: 2048 MB, Compressed Oops mode: 32-bit

CDS archive(s) mapped at: [0x000001293d000000-0x000001293dba0000-0x000001293dba0000), size 12189696, SharedBaseAddress: 0x000001293d000000, ArchiveRelocationMode: 1.
Compressed class space mapped at: 0x000001293e000000-0x000001297e000000, reserved size: 1073741824
Narrow klass base: 0x000001293d000000, Narrow klass shift: 0, Narrow klass range: 0x100000000

GC Precious Log:
 CardTable entry size: 512
 CPUs: 8 total, 8 available
 Memory: 8059M
 Large Page Support: Disabled
 NUMA Support: Disabled
 Compressed Oops: Enabled (32-bit)
 Alignments: Space 512K, Generation 512K, Heap 2M
 Heap Min Capacity: 100M
 Heap Initial Capacity: 100M
 Heap Max Capacity: 2G
 Pre-touch: Disabled
 Parallel Workers: 8

Heap:
 PSYoungGen      total 29696K, used 10452K [0x00000000d5580000, 0x00000000d7680000, 0x0000000100000000)
  eden space 25600K, 27% used [0x00000000d5580000,0x00000000d5c56b08,0x00000000d6e80000)
  from space 4096K, 84% used [0x00000000d6e80000,0x00000000d71de758,0x00000000d7280000)
  to   space 4096K, 0% used [0x00000000d7280000,0x00000000d7280000,0x00000000d7680000)
 ParOldGen       total 68608K, used 0K [0x0000000080000000, 0x0000000084300000, 0x00000000d5580000)
  object space 68608K, 0% used [0x0000000080000000,0x0000000080000000,0x0000000084300000)
 Metaspace       used 5906K, committed 6144K, reserved 1114112K
  class space    used 617K, committed 768K, reserved 1048576K

Card table byte_map: [0x0000012925cc0000,0x00000129260d0000] _byte_map_base: 0x00000129258c0000

Marking Bits: (ParMarkBitMap*) 0x00007ffcd69044a0
 Begin Bits: [0x00000129387d0000, 0x000001293a7d0000)
 End Bits:   [0x000001293a7d0000, 0x000001293c7d0000)

Polling page: 0x00000129242a0000

Metaspace:

Usage:
  Non-class:      5.16 MB used.
      Class:    617.77 KB used.
       Both:      5.77 MB used.

Virtual space:
  Non-class space:       64.00 MB reserved,       5.25 MB (  8%) committed,  1 nodes.
      Class space:        1.00 GB reserved,     768.00 KB ( <1%) committed,  1 nodes.
             Both:        1.06 GB reserved,       6.00 MB ( <1%) committed. 

Chunk freelists:
   Non-Class:  10.23 MB
       Class:  15.10 MB
        Both:  25.33 MB

MaxMetaspaceSize: unlimited
CompressedClassSpaceSize: 1.00 GB
Initial GC threshold: 21.00 MB
Current GC threshold: 21.00 MB
CDS: on
 - commit_granule_bytes: 65536.
 - commit_granule_words: 8192.
 - virtual_space_node_default_size: 8388608.
 - enlarge_chunks_in_place: 1.
 - use_allocation_guard: 0.


Internal statistics:

num_allocs_failed_limit: 0.
num_arena_births: 190.
num_arena_deaths: 0.
num_vsnodes_births: 2.
num_vsnodes_deaths: 0.
num_space_committed: 96.
num_space_uncommitted: 0.
num_chunks_returned_to_freelist: 0.
num_chunks_taken_from_freelist: 304.
num_chunk_merges: 0.
num_chunk_splits: 194.
num_chunks_enlarged: 120.
num_inconsistent_stats: 0.

CodeHeap 'non-profiled nmethods': size=120000Kb used=485Kb max_used=485Kb free=119514Kb
 bounds [0x0000012930ff0000, 0x0000012931260000, 0x0000012938520000]
CodeHeap 'profiled nmethods': size=120000Kb used=2166Kb max_used=2166Kb free=117833Kb
 bounds [0x0000012929520000, 0x0000012929790000, 0x0000012930a50000]
CodeHeap 'non-nmethods': size=5760Kb used=1209Kb max_used=1223Kb free=4551Kb
 bounds [0x0000012930a50000, 0x0000012930cc0000, 0x0000012930ff0000]
CodeCache: size=245760Kb, used=3860Kb, max_used=3874Kb, free=241898Kb
 total_blobs=1774, nmethods=1300, adapters=381, full_count=0
Compilation: enabled, stopped_count=0, restarted_count=0

Compilation events (20 events):
Event: 29.266 Thread 0x00000129262a04f0 1291       3       java.util.ArrayDeque::addLast (51 bytes)
Event: 29.266 Thread 0x00000129262a04f0 nmethod 1291 0x0000012929737810 code [0x0000012929737a00, 0x0000012929737e78]
Event: 29.969 Thread 0x00000129262a04f0 1293       3       java.util.zip.ZipUtils::LOCSIG (6 bytes)
Event: 29.971 Thread 0x00000129262a04f0 nmethod 1293 0x0000012929738010 code [0x00000129297381c0, 0x0000012929738480]
Event: 30.077 Thread 0x00000129262a04f0 1294       3       java.util.ArrayDeque::add (7 bytes)
Event: 30.078 Thread 0x00000129262a04f0 nmethod 1294 0x0000012929738610 code [0x00000129297387c0, 0x0000012929738918]
Event: 30.304 Thread 0x0000012926298fd0 1295       4       java.lang.String::checkIndex (10 bytes)
Event: 30.305 Thread 0x0000012926298fd0 nmethod 1295 0x0000012931069210 code [0x00000129310693a0, 0x0000012931069440]
Event: 31.798 Thread 0x00000129262a04f0 1296       3       jdk.internal.perf.PerfCounter::addElapsedTimeFrom (10 bytes)
Event: 31.799 Thread 0x00000129262a04f0 nmethod 1296 0x0000012929738a10 code [0x0000012929738bc0, 0x0000012929738d48]
Event: 31.799 Thread 0x00000129262a04f0 1297       3       java.util.zip.ZipFile$ZipFileInputStream::<init> (96 bytes)
Event: 31.802 Thread 0x00000129262a04f0 nmethod 1297 0x0000012929738e10 code [0x0000012929739060, 0x0000012929739a40]
Event: 31.805 Thread 0x00000129262a04f0 1298       3       java.security.Provider::getService (144 bytes)
Event: 31.807 Thread 0x00000129262a04f0 nmethod 1298 0x0000012929739e90 code [0x000001292973a100, 0x000001292973ad18]
Event: 31.807 Thread 0x00000129262a04f0 1299       3       java.security.Provider$ServiceKey::matches (22 bytes)
Event: 31.807 Thread 0x00000129262a04f0 nmethod 1299 0x000001292973b090 code [0x000001292973b240, 0x000001292973b3d8]
Event: 31.812 Thread 0x00000129262a04f0 1300       3       java.net.URL::toExternalForm (9 bytes)
Event: 31.812 Thread 0x00000129262a04f0 nmethod 1300 0x000001292973b490 code [0x000001292973b640, 0x000001292973b818]
Event: 31.813 Thread 0x00000129262a04f0 1301       3       java.net.URLStreamHandler::toExternalForm (156 bytes)
Event: 31.954 Thread 0x00000129262a04f0 nmethod 1301 0x000001292973b910 code [0x000001292973bd00, 0x000001292973d248]

GC Heap History (2 events):
Event: 20.401 GC heap before
{Heap before GC invocations=1 (full 0):
 PSYoungGen      total 29696K, used 25600K [0x00000000d5580000, 0x00000000d7680000, 0x0000000100000000)
  eden space 25600K, 100% used [0x00000000d5580000,0x00000000d6e80000,0x00000000d6e80000)
  from space 4096K, 0% used [0x00000000d7280000,0x00000000d7280000,0x00000000d7680000)
  to   space 4096K, 0% used [0x00000000d6e80000,0x00000000d6e80000,0x00000000d7280000)
 ParOldGen       total 68608K, used 0K [0x0000000080000000, 0x0000000084300000, 0x00000000d5580000)
  object space 68608K, 0% used [0x0000000080000000,0x0000000080000000,0x0000000084300000)
 Metaspace       used 4363K, committed 4608K, reserved 1114112K
  class space    used 478K, committed 576K, reserved 1048576K
}
Event: 20.818 GC heap after
{Heap after GC invocations=1 (full 0):
 PSYoungGen      total 29696K, used 3449K [0x00000000d5580000, 0x00000000d7680000, 0x0000000100000000)
  eden space 25600K, 0% used [0x00000000d5580000,0x00000000d5580000,0x00000000d6e80000)
  from space 4096K, 84% used [0x00000000d6e80000,0x00000000d71de758,0x00000000d7280000)
  to   space 4096K, 0% used [0x00000000d7280000,0x00000000d7280000,0x00000000d7680000)
 ParOldGen       total 68608K, used 0K [0x0000000080000000, 0x0000000084300000, 0x00000000d5580000)
  object space 68608K, 0% used [0x0000000080000000,0x0000000080000000,0x0000000084300000)
 Metaspace       used 4363K, committed 4608K, reserved 1114112K
  class space    used 478K, committed 576K, reserved 1048576K
}

Dll operation events (16 events):
Event: 0.690 Attempting to load shared library c:\Users\ericj\.vscode\extensions\redhat.java-1.56.0-win32-x64\jre\21.0.12.1-win32-x86_64\bin\java.dll
Event: 0.690 Loaded shared library c:\Users\ericj\.vscode\extensions\redhat.java-1.56.0-win32-x64\jre\21.0.12.1-win32-x86_64\bin\java.dll
Event: 1.527 Attempting to load shared library c:\Users\ericj\.vscode\extensions\redhat.java-1.56.0-win32-x64\jre\21.0.12.1-win32-x86_64\bin\zip.dll
Event: 1.528 Loaded shared library c:\Users\ericj\.vscode\extensions\redhat.java-1.56.0-win32-x64\jre\21.0.12.1-win32-x86_64\bin\zip.dll
Event: 3.109 Attempting to load shared library C:\Users\ericj\.vscode\extensions\redhat.java-1.56.0-win32-x64\jre\21.0.12.1-win32-x86_64\bin\instrument.dll
Event: 3.109 Loaded shared library C:\Users\ericj\.vscode\extensions\redhat.java-1.56.0-win32-x64\jre\21.0.12.1-win32-x86_64\bin\instrument.dll
Event: 3.124 Attempting to load shared library C:\Users\ericj\.vscode\extensions\redhat.java-1.56.0-win32-x64\jre\21.0.12.1-win32-x86_64\bin\net.dll
Event: 3.126 Loaded shared library C:\Users\ericj\.vscode\extensions\redhat.java-1.56.0-win32-x64\jre\21.0.12.1-win32-x86_64\bin\net.dll
Event: 3.131 Attempting to load shared library C:\Users\ericj\.vscode\extensions\redhat.java-1.56.0-win32-x64\jre\21.0.12.1-win32-x86_64\bin\nio.dll
Event: 3.132 Loaded shared library C:\Users\ericj\.vscode\extensions\redhat.java-1.56.0-win32-x64\jre\21.0.12.1-win32-x86_64\bin\nio.dll
Event: 3.148 Attempting to load shared library C:\Users\ericj\.vscode\extensions\redhat.java-1.56.0-win32-x64\jre\21.0.12.1-win32-x86_64\bin\zip.dll
Event: 3.148 Loaded shared library C:\Users\ericj\.vscode\extensions\redhat.java-1.56.0-win32-x64\jre\21.0.12.1-win32-x86_64\bin\zip.dll
Event: 3.271 Attempting to load shared library C:\Users\ericj\.vscode\extensions\redhat.java-1.56.0-win32-x64\jre\21.0.12.1-win32-x86_64\bin\jimage.dll
Event: 3.271 Loaded shared library C:\Users\ericj\.vscode\extensions\redhat.java-1.56.0-win32-x64\jre\21.0.12.1-win32-x86_64\bin\jimage.dll
Event: 4.548 Attempting to load shared library c:\Users\ericj\.vscode\extensions\redhat.java-1.56.0-win32-x64\jre\21.0.12.1-win32-x86_64\bin\verify.dll
Event: 4.573 Loaded shared library c:\Users\ericj\.vscode\extensions\redhat.java-1.56.0-win32-x64\jre\21.0.12.1-win32-x86_64\bin\verify.dll

Deoptimization events (20 events):
Event: 23.920 Thread 0x000001292631ca90 Uncommon trap: trap_request=0xffffff45 fr.pc=0x00000129310596d8 relative=0x0000000000000298
Event: 23.920 Thread 0x000001292631ca90 Uncommon trap: reason=unstable_if action=reinterpret pc=0x00000129310596d8 method=java.util.HashMap.hash(Ljava/lang/Object;)I @ 1 c2
Event: 23.920 Thread 0x000001292631ca90 DEOPT PACKING pc=0x00000129310596d8 sp=0x00000003184fe650
Event: 23.921 Thread 0x000001292631ca90 DEOPT UNPACKING pc=0x0000012930aa3aa2 sp=0x00000003184fe4e8 mode 2
Event: 23.923 Thread 0x000001292631ca90 Uncommon trap: trap_request=0xffffff45 fr.pc=0x0000012931055b54 relative=0x0000000000000294
Event: 23.923 Thread 0x000001292631ca90 Uncommon trap: reason=unstable_if action=reinterpret pc=0x0000012931055b54 method=java.util.HashMap.hash(Ljava/lang/Object;)I @ 1 c2
Event: 23.923 Thread 0x000001292631ca90 DEOPT PACKING pc=0x0000012931055b54 sp=0x00000003184fe5c0
Event: 23.923 Thread 0x000001292631ca90 DEOPT UNPACKING pc=0x0000012930aa3aa2 sp=0x00000003184fe4c8 mode 2
Event: 23.925 Thread 0x000001292631ca90 Uncommon trap: trap_request=0xffffff45 fr.pc=0x0000012931051dd4 relative=0x00000000000000b4
Event: 23.927 Thread 0x000001292631ca90 Uncommon trap: reason=unstable_if action=reinterpret pc=0x0000012931051dd4 method=java.util.HashMap.hash(Ljava/lang/Object;)I @ 1 c2
Event: 23.927 Thread 0x000001292631ca90 DEOPT PACKING pc=0x0000012931051dd4 sp=0x00000003184fe670
Event: 23.928 Thread 0x000001292631ca90 DEOPT UNPACKING pc=0x0000012930aa3aa2 sp=0x00000003184fe608 mode 2
Event: 23.928 Thread 0x000001292631ca90 Uncommon trap: trap_request=0xffffffde fr.pc=0x00000129310333b4 relative=0x0000000000000594
Event: 23.928 Thread 0x000001292631ca90 Uncommon trap: reason=class_check action=maybe_recompile pc=0x00000129310333b4 method=java.util.Collections$UnmodifiableCollection$1.<init>(Ljava/util/Collections$UnmodifiableCollection;)V @ 17 c2
Event: 23.928 Thread 0x000001292631ca90 DEOPT PACKING pc=0x00000129310333b4 sp=0x00000003184fe6a0
Event: 23.928 Thread 0x000001292631ca90 DEOPT UNPACKING pc=0x0000012930aa3aa2 sp=0x00000003184fe5e8 mode 2
Event: 25.316 Thread 0x000001292631ca90 Uncommon trap: trap_request=0xffffff45 fr.pc=0x00000129310391fc relative=0x000000000000019c
Event: 25.316 Thread 0x000001292631ca90 Uncommon trap: reason=unstable_if action=reinterpret pc=0x00000129310391fc method=java.lang.invoke.VarHandle.checkAccessModeThenIsDirect(Ljava/lang/invoke/VarHandle$AccessDescriptor;)Z @ 4 c2
Event: 25.316 Thread 0x000001292631ca90 DEOPT PACKING pc=0x00000129310391fc sp=0x00000003184fe650
Event: 25.316 Thread 0x000001292631ca90 DEOPT UNPACKING pc=0x0000012930aa3aa2 sp=0x00000003184fe5a8 mode 2

Classes loaded (20 events):
Event: 29.358 Loading class java/util/AbstractQueue done
Event: 29.359 Loading class java/util/concurrent/SynchronousQueue done
Event: 29.359 Loading class java/util/concurrent/SynchronousQueue$Transferer
Event: 29.359 Loading class java/util/concurrent/LinkedTransferQueue
Event: 29.359 Loading class java/util/concurrent/TransferQueue
Event: 29.360 Loading class java/util/concurrent/TransferQueue done
Event: 29.360 Loading class java/util/concurrent/LinkedTransferQueue done
Event: 29.360 Loading class java/util/concurrent/SynchronousQueue$Transferer done
Event: 29.360 Loading class java/util/concurrent/LinkedTransferQueue$DualNode
Event: 29.360 Loading class java/util/concurrent/LinkedTransferQueue$DualNode done
Event: 29.960 Loading class java/util/concurrent/RejectedExecutionHandler
Event: 29.960 Loading class java/util/concurrent/RejectedExecutionHandler done
Event: 29.960 Loading class java/util/concurrent/LinkedBlockingQueue
Event: 29.961 Loading class java/util/concurrent/LinkedBlockingQueue done
Event: 29.961 Loading class java/util/concurrent/LinkedBlockingQueue$Node
Event: 29.961 Loading class java/util/concurrent/LinkedBlockingQueue$Node done
Event: 31.810 Loading class java/util/concurrent/Semaphore$NonfairSync
Event: 31.810 Loading class java/util/concurrent/Semaphore$Sync
Event: 31.810 Loading class java/util/concurrent/Semaphore$Sync done
Event: 31.810 Loading class java/util/concurrent/Semaphore$NonfairSync done

Classes unloaded (0 events):
No events

Classes redefined (0 events):
No events

Internal exceptions (20 events):
Event: 13.796 Thread 0x000001292631ca90 Exception <a 'java/io/FileNotFoundException'{0x00000000d64ed770}> (0x00000000d64ed770) 
thrown [s\src\hotspot\share\prims\jni.cpp, line 520]
Event: 13.797 Thread 0x000001292631ca90 Exception <a 'java/io/FileNotFoundException'{0x00000000d64eec58}> (0x00000000d64eec58) 
thrown [s\src\hotspot\share\prims\jni.cpp, line 520]
Event: 13.798 Thread 0x000001292631ca90 Exception <a 'java/io/FileNotFoundException'{0x00000000d64efaa8}> (0x00000000d64efaa8) 
thrown [s\src\hotspot\share\prims\jni.cpp, line 520]
Event: 13.798 Thread 0x000001292631ca90 Exception <a 'java/io/FileNotFoundException'{0x00000000d64f07c0}> (0x00000000d64f07c0) 
thrown [s\src\hotspot\share\prims\jni.cpp, line 520]
Event: 15.146 Thread 0x000001292631ca90 Exception <a 'java/io/FileNotFoundException'{0x00000000d6529030}> (0x00000000d6529030) 
thrown [s\src\hotspot\share\prims\jni.cpp, line 520]
Event: 15.239 Thread 0x000001292631ca90 Exception <a 'java/lang/NoSuchMethodError'{0x00000000d6561c60}: 'java.lang.Object java.lang.invoke.DirectMethodHandle$Holder.invokeInterface(java.lang.Object, java.lang.Object)'> (0x00000000d6561c60) 
thrown [s\src\hotspot\share\interpreter\linkResolver.cpp, line 773]
Event: 15.251 Thread 0x000001292631ca90 Exception <a 'java/lang/NoSuchMethodError'{0x00000000d6575298}: 'java.lang.Object java.lang.invoke.Invokers$Holder.invokeExact_MT(java.lang.Object, java.lang.Object, java.lang.Object, java.lang.Object, java.lang.Object, java.lang.Object)'> (0x00000000d6575298) 
thrown [s\src\hotspot\share\interpreter\linkResolver.cpp, line 773]
Event: 15.262 Thread 0x000001292631ca90 Exception <a 'java/lang/NoSuchMethodError'{0x00000000d658c5e8}: 'int java.lang.invoke.DirectMethodHandle$Holder.invokeStatic(java.lang.Object, java.lang.Object, java.lang.Object, java.lang.Object, java.lang.Object)'> (0x00000000d658c5e8) 
thrown [s\src\hotspot\share\interpreter\linkResolver.cpp, line 773]
Event: 15.672 Thread 0x000001292631ca90 Exception <a 'java/lang/NoSuchMethodError'{0x00000000d661fe20}: 'java.lang.Object java.lang.invoke.DirectMethodHandle$Holder.invokeInterface(java.lang.Object, java.lang.Object, int)'> (0x00000000d661fe20) 
thrown [s\src\hotspot\share\interpreter\linkResolver.cpp, line 773]
Event: 19.197 Thread 0x000001292631ca90 Exception <a 'java/lang/NoSuchMethodError'{0x00000000d6aa3408}: 'java.lang.ClassLoader java.lang.ClassLoader.getPlatformClassLoader(java.lang.Class)'> (0x00000000d6aa3408) 
thrown [s\src\hotspot\share\interpreter\linkResolver.cpp, line 773]
Event: 21.279 Thread 0x000001292631ca90 Exception <a 'java/lang/ClassNotFoundException'{0x00000000d55d9cb0}: sun/net/www/protocol/c/Handler> (0x00000000d55d9cb0) 
thrown [s\src\hotspot\share\classfile\systemDictionary.cpp, line 313]
Event: 21.281 Thread 0x000001292631ca90 Exception <a 'java/lang/ClassNotFoundException'{0x00000000d55db050}: sun/net/www/protocol/c/Handler> (0x00000000d55db050) 
thrown [s\src\hotspot\share\classfile\systemDictionary.cpp, line 313]
Event: 21.282 Thread 0x000001292631ca90 Exception <a 'java/lang/ClassNotFoundException'{0x00000000d55dc238}: sun/net/www/protocol/c/Handler> (0x00000000d55dc238) 
thrown [s\src\hotspot\share\classfile\systemDictionary.cpp, line 313]
Event: 23.530 Thread 0x000001292631ca90 Exception <a 'java/io/FileNotFoundException'{0x00000000d56058f0}> (0x00000000d56058f0) 
thrown [s\src\hotspot\share\prims\jni.cpp, line 520]
Event: 23.920 Thread 0x000001292631ca90 Implicit null exception at 0x000001293105bb49 to 0x000001293105c660
Event: 23.920 Thread 0x000001292631ca90 Implicit null exception at 0x000001293105949a to 0x00000129310596c0
Event: 23.921 Thread 0x000001292631ca90 Exception <a 'java/lang/NoSuchMethodError'{0x00000000d5737338}: 'void java.lang.invoke.DirectMethodHandle$Holder.invokeStatic(java.lang.Object, java.lang.Object, java.lang.Object, java.lang.Object)'> (0x00000000d5737338) 
thrown [s\src\hotspot\share\interpreter\linkResolver.cpp, line 773]
Event: 23.923 Thread 0x000001292631ca90 Implicit null exception at 0x000001293105591a to 0x0000012931055b3c
Event: 23.925 Thread 0x000001292631ca90 Implicit null exception at 0x0000012931051d40 to 0x0000012931051dc5
Event: 28.530 Thread 0x000001292631ca90 Exception <a 'java/lang/NoSuchMethodError'{0x00000000d5a22ea8}: 'void java.lang.invoke.DirectMethodHandle$Holder.invokeSpecial(java.lang.Object, java.lang.Object, java.lang.Object)'> (0x00000000d5a22ea8) 
thrown [s\src\hotspot\share\interpreter\linkResolver.cpp, line 773]

ZGC Phase Switch (0 events):
No events

VM Operations (20 events):
Event: 16.705 Executing safepoint VM operation: Cleanup
Event: 16.705 Executing safepoint VM operation: Cleanup done
Event: 18.720 Executing safepoint VM operation: Cleanup
Event: 18.720 Executing safepoint VM operation: Cleanup done
Event: 19.733 Executing safepoint VM operation: Cleanup
Event: 19.802 Executing safepoint VM operation: Cleanup done
Event: 19.804 Executing non-safepoint VM operation: HandshakeAllThreads (Deoptimize)
Event: 19.804 Executing non-safepoint VM operation: HandshakeAllThreads (Deoptimize) done
Event: 20.401 Executing safepoint VM operation: ParallelGCFailedAllocation (Allocation Failure)
Event: 20.818 Executing safepoint VM operation: ParallelGCFailedAllocation (Allocation Failure) done
Event: 21.828 Executing safepoint VM operation: Cleanup
Event: 21.828 Executing safepoint VM operation: Cleanup done
Event: 23.858 Executing safepoint VM operation: Cleanup
Event: 23.889 Executing safepoint VM operation: Cleanup done
Event: 24.900 Executing safepoint VM operation: Cleanup
Event: 24.900 Executing safepoint VM operation: Cleanup done
Event: 25.906 Executing safepoint VM operation: Cleanup
Event: 28.528 Executing safepoint VM operation: Cleanup done
Event: 29.552 Executing safepoint VM operation: Cleanup
Event: 29.916 Executing safepoint VM operation: Cleanup done

Memory protections (0 events):
No events

Nmethod flushes (0 events):
No events

Events (11 events):
Event: 0.844 Thread 0x000001292631ca90 Thread added: 0x000001292631ca90
Event: 1.591 Thread 0x000001292631ca90 Thread added: 0x000001292628dd60
Event: 1.592 Thread 0x000001292631ca90 Thread added: 0x000001292628f570
Event: 1.592 Thread 0x000001292631ca90 Thread added: 0x0000012926291210
Event: 1.593 Thread 0x000001292631ca90 Thread added: 0x0000012926292260
Event: 1.593 Thread 0x000001292631ca90 Thread added: 0x0000012926295170
Event: 1.593 Thread 0x000001292631ca90 Thread added: 0x0000012926296180
Event: 1.593 Thread 0x000001292631ca90 Thread added: 0x0000012926298fd0
Event: 1.594 Thread 0x000001292631ca90 Thread added: 0x00000129262a04f0
Event: 3.117 Thread 0x000001292631ca90 Thread added: 0x000001297f85a920
Event: 5.462 Thread 0x000001292631ca90 Thread added: 0x000001297f9804c0


Dynamic libraries:
0x00007ff79d3e0000 - 0x00007ff79d3ee000 	c:\Users\ericj\.vscode\extensions\redhat.java-1.56.0-win32-x64\jre\21.0.12.1-win32-x86_64\bin\java.exe
0x00007ffd376d0000 - 0x00007ffd378e8000 	C:\WINDOWS\SYSTEM32\ntdll.dll
0x00007ffd35740000 - 0x00007ffd35804000 	C:\WINDOWS\System32\KERNEL32.DLL
0x00007ffd34f90000 - 0x00007ffd35363000 	C:\WINDOWS\System32\KERNELBASE.dll
0x00007ffd34af0000 - 0x00007ffd34c01000 	C:\WINDOWS\System32\ucrtbase.dll
0x00007ffd2c6b0000 - 0x00007ffd2c6c8000 	c:\Users\ericj\.vscode\extensions\redhat.java-1.56.0-win32-x64\jre\21.0.12.1-win32-x86_64\bin\jli.dll
0x00007ffd35530000 - 0x00007ffd356e2000 	C:\WINDOWS\System32\USER32.dll
0x00007ffd34df0000 - 0x00007ffd34e16000 	C:\WINDOWS\System32\win32u.dll
0x00007ffd35710000 - 0x00007ffd35739000 	C:\WINDOWS\System32\GDI32.dll
0x00007ffd349d0000 - 0x00007ffd34aeb000 	C:\WINDOWS\System32\gdi32full.dll
0x00007ffd34d50000 - 0x00007ffd34dea000 	C:\WINDOWS\System32\msvcp_win.dll
0x00007ffd2c690000 - 0x00007ffd2c6ae000 	c:\Users\ericj\.vscode\extensions\redhat.java-1.56.0-win32-x64\jre\21.0.12.1-win32-x86_64\bin\VCRUNTIME140.dll
0x00007ffd16b30000 - 0x00007ffd16dcc000 	C:\WINDOWS\WinSxS\amd64_microsoft.windows.common-controls_6595b64144ccf1df_6.0.22621.6060_none_2712eda17382d24b\COMCTL32.dll
0x00007ffd36300000 - 0x00007ffd363a7000 	C:\WINDOWS\System32\msvcrt.dll
0x00007ffd37190000 - 0x00007ffd371c1000 	C:\WINDOWS\System32\IMM32.DLL
0x00007ffd2c4f0000 - 0x00007ffd2c4fc000 	c:\Users\ericj\.vscode\extensions\redhat.java-1.56.0-win32-x64\jre\21.0.12.1-win32-x86_64\bin\vcruntime140_1.dll
0x00007ffd2bec0000 - 0x00007ffd2bf4d000 	c:\Users\ericj\.vscode\extensions\redhat.java-1.56.0-win32-x64\jre\21.0.12.1-win32-x86_64\bin\msvcp140.dll
0x00007ffcd5c40000 - 0x00007ffcd69e2000 	c:\Users\ericj\.vscode\extensions\redhat.java-1.56.0-win32-x64\jre\21.0.12.1-win32-x86_64\bin\server\jvm.dll
0x00007ffd36220000 - 0x00007ffd362d1000 	C:\WINDOWS\System32\ADVAPI32.dll
0x00007ffd35370000 - 0x00007ffd35418000 	C:\WINDOWS\System32\sechost.dll
0x00007ffd348e0000 - 0x00007ffd34908000 	C:\WINDOWS\System32\bcrypt.dll
0x00007ffd36100000 - 0x00007ffd36218000 	C:\WINDOWS\System32\RPCRT4.dll
0x00007ffd35880000 - 0x00007ffd358f1000 	C:\WINDOWS\System32\WS2_32.dll
0x00007ffd346c0000 - 0x00007ffd3470d000 	C:\WINDOWS\SYSTEM32\POWRPROF.dll
0x00007ffd0e090000 - 0x00007ffd0e0c4000 	C:\WINDOWS\SYSTEM32\WINMM.dll
0x00007ffd2fcd0000 - 0x00007ffd2fcda000 	C:\WINDOWS\SYSTEM32\VERSION.dll
0x00007ffd34690000 - 0x00007ffd346a3000 	C:\WINDOWS\SYSTEM32\UMPDC.dll
0x00007ffd337c0000 - 0x00007ffd337d8000 	C:\WINDOWS\SYSTEM32\kernel.appcore.dll
0x00007ffd2c4e0000 - 0x00007ffd2c4ea000 	c:\Users\ericj\.vscode\extensions\redhat.java-1.56.0-win32-x64\jre\21.0.12.1-win32-x86_64\bin\jimage.dll
0x00007ffd32210000 - 0x00007ffd32443000 	C:\WINDOWS\SYSTEM32\DBGHELP.DLL
0x00007ffd371d0000 - 0x00007ffd37561000 	C:\WINDOWS\System32\combase.dll
0x00007ffd36020000 - 0x00007ffd360f8000 	C:\WINDOWS\System32\OLEAUT32.dll
0x00007ffd2c370000 - 0x00007ffd2c3a2000 	C:\WINDOWS\SYSTEM32\dbgcore.DLL
0x00007ffd347e0000 - 0x00007ffd3485b000 	C:\WINDOWS\System32\bcryptPrimitives.dll
0x00007ffd2c0d0000 - 0x00007ffd2c0df000 	c:\Users\ericj\.vscode\extensions\redhat.java-1.56.0-win32-x64\jre\21.0.12.1-win32-x86_64\bin\instrument.dll
0x00007ffd2c4c0000 - 0x00007ffd2c4e0000 	c:\Users\ericj\.vscode\extensions\redhat.java-1.56.0-win32-x64\jre\21.0.12.1-win32-x86_64\bin\java.dll
0x00007ffd368f0000 - 0x00007ffd3718c000 	C:\WINDOWS\System32\SHELL32.dll
0x00007ffd34c10000 - 0x00007ffd34d4f000 	C:\WINDOWS\System32\wintypes.dll
0x00007ffd326e0000 - 0x00007ffd32ffa000 	C:\WINDOWS\SYSTEM32\windows.storage.dll
0x00007ffd35900000 - 0x00007ffd35a04000 	C:\WINDOWS\System32\SHCORE.dll
0x00007ffd35810000 - 0x00007ffd35879000 	C:\WINDOWS\System32\shlwapi.dll
0x00007ffd34710000 - 0x00007ffd34735000 	C:\WINDOWS\SYSTEM32\profapi.dll
0x00007ffd2c480000 - 0x00007ffd2c498000 	c:\Users\ericj\.vscode\extensions\redhat.java-1.56.0-win32-x64\jre\21.0.12.1-win32-x86_64\bin\zip.dll
0x00007ffd2c3d0000 - 0x00007ffd2c3e0000 	C:\Users\ericj\.vscode\extensions\redhat.java-1.56.0-win32-x64\jre\21.0.12.1-win32-x86_64\bin\net.dll
0x00007ffd2edc0000 - 0x00007ffd2eeec000 	C:\WINDOWS\SYSTEM32\WINHTTP.dll
0x00007ffd33ca0000 - 0x00007ffd33d09000 	C:\WINDOWS\system32\mswsock.dll
0x00007ffd2c3b0000 - 0x00007ffd2c3c6000 	C:\Users\ericj\.vscode\extensions\redhat.java-1.56.0-win32-x64\jre\21.0.12.1-win32-x86_64\bin\nio.dll
0x00007ffd2c0c0000 - 0x00007ffd2c0d0000 	c:\Users\ericj\.vscode\extensions\redhat.java-1.56.0-win32-x64\jre\21.0.12.1-win32-x86_64\bin\verify.dll

JVMTI agents:
c:\Users\ericj\.vscode\extensions\redhat.java-1.56.0-win32-x64\lombok\lombok-1.18.39-4050.jar path:c:\Users\ericj\.vscode\extensions\redhat.java-1.56.0-win32-x64\jre\21.0.12.1-win32-x86_64\bin\instrument.dll, loaded, initialized, instrumentlib options:none

dbghelp: loaded successfully - version: 4.0.5 - missing functions: none
symbol engine: initialized successfully - sym options: 0x614 - pdb path: .;c:\Users\ericj\.vscode\extensions\redhat.java-1.56.0-win32-x64\jre\21.0.12.1-win32-x86_64\bin;C:\WINDOWS\SYSTEM32;C:\WINDOWS\WinSxS\amd64_microsoft.windows.common-controls_6595b64144ccf1df_6.0.22621.6060_none_2712eda17382d24b;c:\Users\ericj\.vscode\extensions\redhat.java-1.56.0-win32-x64\jre\21.0.12.1-win32-x86_64\bin\server

VM Arguments:
jvm_args: --add-modules=ALL-SYSTEM --add-opens=java.base/java.util=ALL-UNNAMED --add-opens=java.base/java.lang=ALL-UNNAMED --add-opens=java.base/sun.nio.fs=ALL-UNNAMED -Declipse.application=org.eclipse.jdt.ls.core.id1 -Dosgi.bundles.defaultStartLevel=4 -Declipse.product=org.eclipse.jdt.ls.core.product -Djava.import.generatesMetadataFilesAtProjectRoot=false -Dm2e.project.cache.size=50 -DDetectVMInstallationsJob.disabled=true -Dfile.encoding=utf8 -XX:+UseParallelGC -XX:GCTimeRatio=4 -XX:AdaptiveSizePolicyWeight=90 -Dsun.zip.disableMemoryMapping=true -Xmx2G -Xms100m -Xlog:disable -javaagent:c:\Users\ericj\.vscode\extensions\redhat.java-1.56.0-win32-x64\lombok\lombok-1.18.39-4050.jar -XX:+HeapDumpOnOutOfMemoryError -XX:HeapDumpPath=c:\Users\ericj\AppData\Roaming\Code\User\workspaceStorage\7698dac1a6cc46fb5cf767fde76e8e6f\redhat.java -Daether.dependencyCollector.impl=bf 
java_command: c:\Users\ericj\.vscode\extensions\redhat.java-1.56.0-win32-x64\server\plugins\org.eclipse.equinox.launcher_1.8.0.v20260804-1928.jar -configuration c:\Users\ericj\AppData\Roaming\Code\User\globalStorage\redhat.java\1.56.0\config_win -data c:\Users\ericj\AppData\Roaming\Code\User\workspaceStorage\7698dac1a6cc46fb5cf767fde76e8e6f\redhat.java\jdt_ws --pipe=\\.\pipe\lsp-90515901e9011221401090a88c52fd62-sock
java_class_path (initial): c:\Users\ericj\.vscode\extensions\redhat.java-1.56.0-win32-x64\server\plugins\org.eclipse.equinox.launcher_1.8.0.v20260804-1928.jar
Launcher Type: SUN_STANDARD

[Global flags]
    uintx AdaptiveSizePolicyWeight                 = 90                                        {product} {command line}
     intx CICompilerCount                          = 4                                         {product} {ergonomic}
    uintx GCTimeRatio                              = 4                                         {product} {command line}
     bool HeapDumpOnOutOfMemoryError               = true                                   {manageable} {command line}
    ccstr HeapDumpPath                             = c:\Users\ericj\AppData\Roaming\Code\User\workspaceStorage\7698dac1a6cc46fb5cf767fde76e8e6f\redhat.java         {manageable} {command line}
   size_t InitialHeapSize                          = 104857600                                 {product} {command line}
   size_t MaxHeapSize                              = 2147483648                                {product} {command line}
   size_t MaxNewSize                               = 715653120                                 {product} {ergonomic}
   size_t MinHeapDeltaBytes                        = 524288                                    {product} {ergonomic}
   size_t MinHeapSize                              = 104857600                                 {product} {command line}
   size_t NewSize                                  = 34603008                                  {product} {ergonomic}
    uintx NonNMethodCodeHeapSize                   = 5839372                                {pd product} {ergonomic}
    uintx NonProfiledCodeHeapSize                  = 122909434                              {pd product} {ergonomic}
   size_t OldSize                                  = 70254592                                  {product} {ergonomic}
     bool PerfDisableSharedMem                     = true                                      {product} {ergonomic}
    uintx ProfiledCodeHeapSize                     = 122909434                              {pd product} {ergonomic}
    uintx ReservedCodeCacheSize                    = 251658240                              {pd product} {ergonomic}
     bool SegmentedCodeCache                       = true                                      {product} {ergonomic}
   size_t SoftMaxHeapSize                          = 2147483648                             {manageable} {ergonomic}
     bool UseCompressedOops                        = true                           {product lp64_product} {ergonomic}
     bool UseLargePagesIndividualAllocation        = false                                  {pd product} {ergonomic}
     bool UseParallelGC                            = true                                      {product} {command line}

Logging:
Log output configuration:
 #0: stdout all=off uptime,level,tags foldmultilines=false
 #1: stderr all=off uptime,level,tags foldmultilines=false

Release file:
JAVA_VERSION="21.0.12.1" 
MODULES="java.base java.compiler java.datatransfer java.xml java.prefs java.desktop java.instrument java.logging java.management java.security.sasl java.naming java.rmi java.management.rmi java.net.http java.scripting java.security.jgss java.transaction.xa java.sql java.sql.rowset java.xml.crypto java.se java.smartcardio jdk.accessibility jdk.internal.jvmstat jdk.attach jdk.charsets jdk.internal.opt jdk.zipfs jdk.compiler jdk.crypto.ec jdk.crypto.cryptoki jdk.crypto.mscapi jdk.dynalink jdk.internal.ed jdk.editpad jdk.hotspot.agent jdk.httpserver jdk.internal.le jdk.internal.vm.ci jdk.internal.vm.compiler jdk.internal.vm.compiler.management jdk.jartool jdk.javadoc jdk.jcmd jdk.management jdk.management.agent jdk.jconsole jdk.jdeps jdk.jdwp.agent jdk.jdi jdk.jfr jdk.jshell jdk.jsobject jdk.jstatd jdk.localedata jdk.management.jfr jdk.naming.dns jdk.naming.rmi jdk.net jdk.nio.mapmode jdk.random jdk.sctp jdk.security.auth jdk.security.jgss jdk.unsupported jdk.unsupported.desktop jdk.xml.dom" 

Environment Variables:
PATH=C:\Program Files\Common Files\Oracle\Java\javapath;C:\Program Files (x86)\Common Files\Oracle\Java\java8path;C:\Program Files (x86)\Common Files\Oracle\Java\javapath;C:\WINDOWS\system32;C:\WINDOWS;C:\WINDOWS\System32\Wbem;C:\WINDOWS\System32\WindowsPowerShell\v1.0\;C:\WINDOWS\System32\OpenSSH\;C:\Program Files\Git\cmd;C:\Users\ericj\AppData\Local\Microsoft\WindowsApps;C:\Users\ericj\AppData\Local\Programs\Microsoft VS Code\bin
USERNAME=ericj
OS=Windows_NT
PROCESSOR_IDENTIFIER=Intel64 Family 6 Model 142 Stepping 10, GenuineIntel
TMP=C:\Users\ericj\AppData\Local\Temp
TEMP=C:\Users\ericj\AppData\Local\Temp




Periodic native trim disabled

---------------  S Y S T E M  ---------------

OS:
 Windows 11 , 64 bit Build 22621 (10.0.22621.5415)
OS uptime: 29 days 20:16 hours

CPU: total 8 (initial active 8) (4 cores per cpu, 2 threads per core) family 6 model 142 stepping 10 microcode 0xe0, cx8, cmov, fxsr, ht, mmx, 3dnowpref, sse, sse2, sse3, ssse3, sse4.1, sse4.2, popcnt, lzcnt, tsc, tscinvbit, avx, avx2, aes, erms, clmul, bmi1, bmi2, adx, fma, vzeroupper, clflush, clflushopt, rdtscp, f16c
Processor Information for the first 8 processors :
  Max Mhz: 1800, Current Mhz: 1600, Mhz Limit: 1584

Memory: 4k page, system-wide physical 8059M (151M free)
TotalPageFile size 32635M (AvailPageFile size 1116M)
current process WorkingSet (physical memory assigned to process): 29M, peak: 56M
current process commit charge ("private bytes"): 229M, peak: 231M

vm_info: OpenJDK 64-Bit Server VM (21.0.12.1+1-LTS) for windows-amd64 JRE (21.0.12.1+1-LTS), built on 2026-08-18T00:00:00Z by "admin" with MS VC++ 17.12 (VS2022)

END.
