#
# There is insufficient memory for the Java Runtime Environment to continue.
# Native memory allocation (malloc) failed to allocate 32744 bytes. Error detail: Chunk::new
# Possible reasons:
#   The system is out of physical RAM or swap space
#   This process is running with CompressedOops enabled, and the Java Heap may be blocking the growth of the native heap
# Possible solutions:
#   Reduce memory load on the system
#   Increase physical memory or swap space
#   Check if swap backing store is full
#   Decrease Java heap size (-Xmx/-Xms)
#   Decrease number of Java threads
#   Decrease Java thread stack sizes (-Xss)
#   Set larger code cache with -XX:ReservedCodeCacheSize=
#   JVM is running with Unscaled Compressed Oops mode in which the Java heap is
#     placed in the first 4GB address space. The Java Heap base address is the
#     maximum limit for the native heap growth. Please use -XX:HeapBaseMinAddress
#     to set the Java Heap base and to place the Java Heap above 4GB virtual address.
# This output file may be truncated or incomplete.
#
#  Out of Memory Error (arena.cpp:168), pid=29952, tid=18776
#
# JRE version: OpenJDK Runtime Environment Temurin-21.0.12.1+1 (21.0.12.1+1) (build 21.0.12.1+1-LTS)
# Java VM: OpenJDK 64-Bit Server VM Temurin-21.0.12.1+1 (21.0.12.1+1-LTS, mixed mode, sharing, tiered, compressed oops, compressed class ptrs, g1 gc, windows-amd64)
# No core dump will be written. Minidumps are not enabled by default on client versions of Windows
#

---------------  S U M M A R Y ------------

Command Line: --add-opens=java.base/java.lang=ALL-UNNAMED --add-opens=java.base/java.lang.invoke=ALL-UNNAMED --add-opens=java.base/java.util=ALL-UNNAMED --add-opens=java.prefs/java.util.prefs=ALL-UNNAMED --add-exports=jdk.compiler/com.sun.tools.javac.api=ALL-UNNAMED --add-exports=jdk.compiler/com.sun.tools.javac.util=ALL-UNNAMED --add-opens=java.base/java.nio.charset=ALL-UNNAMED --add-opens=java.base/java.net=ALL-UNNAMED --add-opens=java.base/java.util.concurrent=ALL-UNNAMED --add-opens=java.base/java.util.concurrent.atomic=ALL-UNNAMED --add-opens=java.xml/javax.xml.namespace=ALL-UNNAMED --add-opens=java.base/java.time=ALL-UNNAMED -XX:MaxMetaspaceSize=384m -XX:+HeapDumpOnOutOfMemoryError -Xms256m -Xmx512m -Dfile.encoding=UTF-8 -Duser.country=KR -Duser.language=ko -Duser.variant -javaagent:C:\Users\ericj\.gradle\wrapper\dists\gradle-9.5.1-bin\iq79hdu3mqx29lgffhp8bfmx\gradle-9.5.1\lib\agents\gradle-instrumentation-agent-9.5.1.jar org.gradle.launcher.daemon.bootstrap.GradleDaemon 9.5.1

Host: Intel(R) Core(TM) i5-8250U CPU @ 1.60GHz, 8 cores, 7G,  Windows 11 , 64 bit Build 22621 (10.0.22621.5415)
Time: Mon Sep  7 09:33:34 2026 elapsed time: 137.486993 seconds (0d 0h 2m 17s)

---------------  T H R E A D  ---------------

Current thread (0x000001e1ef004880):  JavaThread "C2 CompilerThread0" daemon [_thread_in_vm, id=18776, stack(0x000000c433d00000,0x000000c433e00000) (1024K)]


Current CompileTask:
C2:137487 2905       4       java.lang.invoke.MethodType::makeImpl (109 bytes)

Stack: [0x000000c433d00000,0x000000c433e00000]
Native frames: (J=compiled Java code, j=interpreted, Vv=VM code, C=native code)
V  [jvm.dll+0x6d83e9]
V  [jvm.dll+0x8b5736]
V  [jvm.dll+0x8b7cee]
V  [jvm.dll+0x8b83d3]
V  [jvm.dll+0x284596]
V  [jvm.dll+0xc685d]
V  [jvm.dll+0xc6da1]
V  [jvm.dll+0x205fca]
V  [jvm.dll+0x1f54b0]
V  [jvm.dll+0x1feac6]
V  [jvm.dll+0x1ff22f]
V  [jvm.dll+0x1ecb7e]
V  [jvm.dll+0x1ec760]
V  [jvm.dll+0x207812]
V  [jvm.dll+0x20c357]
V  [jvm.dll+0x20a256]
V  [jvm.dll+0x20c73a]
V  [jvm.dll+0x20bfb0]
V  [jvm.dll+0x20cdf2]
V  [jvm.dll+0x20c22e]
V  [jvm.dll+0x1f6d00]
V  [jvm.dll+0x14a0be]
V  [jvm.dll+0x2f876a]
V  [jvm.dll+0x2fa762]
V  [jvm.dll+0x6f2873]
V  [jvm.dll+0x6ea969]
V  [jvm.dll+0x6ea069]
V  [jvm.dll+0x6e80ee]
V  [jvm.dll+0x1ce4fc]
V  [jvm.dll+0x1cf09e]
V  [jvm.dll+0x2fa7dc]
V  [jvm.dll+0x6f2873]
V  [jvm.dll+0x6ea969]
V  [jvm.dll+0x6ea069]
V  [jvm.dll+0x6e80ee]
V  [jvm.dll+0x1ce4fc]
V  [jvm.dll+0x2fa7dc]
V  [jvm.dll+0x6f2873]
V  [jvm.dll+0x6ea969]
V  [jvm.dll+0x6ea069]
V  [jvm.dll+0x6e80ee]
V  [jvm.dll+0x1ce4fc]
V  [jvm.dll+0x2fa7dc]
V  [jvm.dll+0x6f2873]
V  [jvm.dll+0x6ea969]
V  [jvm.dll+0x6ea069]
V  [jvm.dll+0x6e80ee]
V  [jvm.dll+0x1ce4fc]
V  [jvm.dll+0x2fa7dc]
V  [jvm.dll+0x6f2873]
V  [jvm.dll+0x6ea969]
V  [jvm.dll+0x6ea069]
V  [jvm.dll+0x6e80ee]
V  [jvm.dll+0x1ce4fc]
V  [jvm.dll+0x2fa7dc]
V  [jvm.dll+0x6f2873]
V  [jvm.dll+0x6ea969]
V  [jvm.dll+0x6ea069]
V  [jvm.dll+0x6e80ee]
V  [jvm.dll+0x1ce4fc]
V  [jvm.dll+0x24b919]
V  [jvm.dll+0x1cb4ae]
V  [jvm.dll+0x25baad]
V  [jvm.dll+0x25a03a]
V  [jvm.dll+0x3f8aae]
V  [jvm.dll+0x8600cd]
V  [jvm.dll+0x6d6c1d]
C  [ucrtbase.dll+0x29333]
C  [KERNEL32.DLL+0x1259d]
C  [ntdll.dll+0x5af78]


---------------  P R O C E S S  ---------------

Threads class SMR info:
_java_thread_list=0x000001e1f11d2ca0, length=24, elements={
0x000001e1c062c350, 0x000001e1d5fc9ff0, 0x000001e1d5fcb630, 0x000001e1d5fce5c0,
0x000001e1ef000470, 0x000001e1ef002ee0, 0x000001e1ef003940, 0x000001e1ef004880,
0x000001e1ef005e20, 0x000001e1ef19e290, 0x000001e1ef3025f0, 0x000001e1f0a8f0a0,
0x000001e1efd6d880, 0x000001e1f0498750, 0x000001e1ef19bbc0, 0x000001e1f0381500,
0x000001e1f0042720, 0x000001e1f117dbd0, 0x000001e1f117e8f0, 0x000001e1f117ef80,
0x000001e1f117e260, 0x000001e1f117f610, 0x000001e1f117ceb0, 0x000001e1f117c190
}

Java Threads: ( => current thread )
  0x000001e1c062c350 JavaThread "main"                              [_thread_blocked, id=29996, stack(0x000000c432f00000,0x000000c433000000) (1024K)]
  0x000001e1d5fc9ff0 JavaThread "Reference Handler"          daemon [_thread_blocked, id=24268, stack(0x000000c433700000,0x000000c433800000) (1024K)]
  0x000001e1d5fcb630 JavaThread "Finalizer"                  daemon [_thread_blocked, id=35148, stack(0x000000c433800000,0x000000c433900000) (1024K)]
  0x000001e1d5fce5c0 JavaThread "Signal Dispatcher"          daemon [_thread_blocked, id=21304, stack(0x000000c433900000,0x000000c433a00000) (1024K)]
  0x000001e1ef000470 JavaThread "Attach Listener"            daemon [_thread_blocked, id=11528, stack(0x000000c433a00000,0x000000c433b00000) (1024K)]
  0x000001e1ef002ee0 JavaThread "Service Thread"             daemon [_thread_blocked, id=18280, stack(0x000000c433b00000,0x000000c433c00000) (1024K)]
  0x000001e1ef003940 JavaThread "Monitor Deflation Thread"   daemon [_thread_blocked, id=22068, stack(0x000000c433c00000,0x000000c433d00000) (1024K)]
=>0x000001e1ef004880 JavaThread "C2 CompilerThread0"         daemon [_thread_in_vm, id=18776, stack(0x000000c433d00000,0x000000c433e00000) (1024K)]
  0x000001e1ef005e20 JavaThread "C1 CompilerThread0"         daemon [_thread_blocked, id=30104, stack(0x000000c433e00000,0x000000c433f00000) (1024K)]
  0x000001e1ef19e290 JavaThread "Common-Cleaner"             daemon [_thread_blocked, id=22764, stack(0x000000c433f00000,0x000000c434000000) (1024K)]
  0x000001e1ef3025f0 JavaThread "Notification Thread"        daemon [_thread_blocked, id=11420, stack(0x000000c434000000,0x000000c434100000) (1024K)]
  0x000001e1f0a8f0a0 JavaThread "Daemon health stats"               [_thread_blocked, id=32292, stack(0x000000c434600000,0x000000c434700000) (1024K)]
  0x000001e1efd6d880 JavaThread "Incoming local TCP Connector on port 49931"        [_thread_in_native, id=24180, stack(0x000000c434700000,0x000000c434800000) (1024K)]
  0x000001e1f0498750 JavaThread "Daemon periodic checks"            [_thread_blocked, id=13732, stack(0x000000c434800000,0x000000c434900000) (1024K)]
  0x000001e1ef19bbc0 JavaThread "Daemon"                            [_thread_blocked, id=30376, stack(0x000000c434900000,0x000000c434a00000) (1024K)]
  0x000001e1f0381500 JavaThread "Handler for socket connection from /127.0.0.1:49931 to /127.0.0.1:49936"        [_thread_in_native, id=26464, stack(0x000000c434b00000,0x000000c434c00000) (1024K)]
  0x000001e1f0042720 JavaThread "Cancel handler"                    [_thread_blocked, id=6720, stack(0x000000c434c00000,0x000000c434d00000) (1024K)]
  0x000001e1f117dbd0 JavaThread "Daemon worker"                     [_thread_in_vm, id=32300, stack(0x000000c434d00000,0x000000c434e00000) (1024K)]
  0x000001e1f117e8f0 JavaThread "Asynchronous log dispatcher for DefaultDaemonConnection: socket connection from /127.0.0.1:49931 to /127.0.0.1:49936"        [_thread_blocked, id=29964, stack(0x000000c434e00000,0x000000c434f00000) (1024K)]
  0x000001e1f117ef80 JavaThread "Stdin handler"                     [_thread_blocked, id=15436, stack(0x000000c434f00000,0x000000c435000000) (1024K)]
  0x000001e1f117e260 JavaThread "Daemon client event forwarder"        [_thread_blocked, id=16976, stack(0x000000c435000000,0x000000c435100000) (1024K)]
  0x000001e1f117f610 JavaThread "Cache worker for journal cache (C:\Users\ericj\.gradle\caches\journal-1)"        [_thread_blocked, id=7556, stack(0x000000c432d00000,0x000000c432e00000) (1024K)]
  0x000001e1f117ceb0 JavaThread "File lock request listener"        [_thread_in_native, id=26068, stack(0x000000c432e00000,0x000000c432f00000) (1024K)]
  0x000001e1f117c190 JavaThread "File lock release action executor"        [_thread_blocked, id=25728, stack(0x000000c434a00000,0x000000c434b00000) (1024K)]
Total: 24

Other Threads:
  0x000001e1d5fae320 VMThread "VM Thread"                           [id=32524, stack(0x000000c433600000,0x000000c433700000) (1024K)]
  0x000001e1d5f9da90 WatcherThread "VM Periodic Task Thread"        [id=34744, stack(0x000000c433500000,0x000000c433600000) (1024K)]
  0x000001e1c06585b0 WorkerThread "GC Thread#0"                     [id=25192, stack(0x000000c433000000,0x000000c433100000) (1024K)]
  0x000001e1efd9ca90 WorkerThread "GC Thread#1"                     [id=17060, stack(0x000000c434100000,0x000000c434200000) (1024K)]
  0x000001e1efd4a420 WorkerThread "GC Thread#2"                     [id=14368, stack(0x000000c434200000,0x000000c434300000) (1024K)]
  0x000001e1efd4a7d0 WorkerThread "GC Thread#3"                     [id=31976, stack(0x000000c434300000,0x000000c434400000) (1024K)]
  0x000001e1efd36f60 WorkerThread "GC Thread#4"                     [id=13216, stack(0x000000c434400000,0x000000c434500000) (1024K)]
  0x000001e1efd37310 WorkerThread "GC Thread#5"                     [id=8512, stack(0x000000c434500000,0x000000c434600000) (1024K)]
  0x000001e1c065d5a0 ConcurrentGCThread "G1 Main Marker"            [id=21932, stack(0x000000c433100000,0x000000c433200000) (1024K)]
  0x000001e1c065ecc0 WorkerThread "G1 Conc#0"                       [id=13012, stack(0x000000c433200000,0x000000c433300000) (1024K)]
  0x000001e1d5e70770 ConcurrentGCThread "G1 Refine#0"               [id=32172, stack(0x000000c433300000,0x000000c433400000) (1024K)]
  0x000001e1d5e714a0 ConcurrentGCThread "G1 Service"                [id=26388, stack(0x000000c433400000,0x000000c433500000) (1024K)]
Total: 12

Threads with active compile tasks:
C2 CompilerThread0  137643 2905       4       java.lang.invoke.MethodType::makeImpl (109 bytes)
Total: 1

VM state: not at safepoint (normal execution)

VM Mutex/Monitor currently owned by a thread: None

Heap address: 0x00000000e0000000, size: 512 MB, Compressed Oops mode: 32-bit

CDS archive(s) mapped at: [0x000001e1d6000000-0x000001e1d6ba0000-0x000001e1d6ba0000), size 12189696, SharedBaseAddress: 0x000001e1d6000000, ArchiveRelocationMode: 1.
Compressed class space mapped at: 0x000001e1d7000000-0x000001e1eb000000, reserved size: 335544320
Narrow klass base: 0x000001e1d6000000, Narrow klass shift: 0, Narrow klass range: 0x100000000

GC Precious Log:
 CardTable entry size: 512
 Card Set container configuration: InlinePtr #cards 5 size 8 Array Of Cards #cards 12 size 40 Howl #buckets 4 coarsen threshold 1843 Howl Bitmap #cards 512 size 80 coarsen threshold 460 Card regions per heap region 1 cards per card region 2048
 CPUs: 8 total, 8 available
 Memory: 8059M
 Large Page Support: Disabled
 NUMA Support: Disabled
 Compressed Oops: Enabled (32-bit)
 Heap Region Size: 1M
 Heap Min Capacity: 256M
 Heap Initial Capacity: 256M
 Heap Max Capacity: 512M
 Pre-touch: Disabled
 Parallel Workers: 8
 Concurrent Workers: 2
 Concurrent Refinement Workers: 8
 Periodic GC: Disabled

Heap:
 garbage-first heap   total 262144K, used 92829K [0x00000000e0000000, 0x0000000100000000)
  region size 1024K, 80 young (81920K), 3 survivors (3072K)
 Metaspace       used 16121K, committed 16576K, reserved 393216K
  class space    used 2192K, committed 2368K, reserved 327680K

Heap Regions: E=young(eden), S=young(survivor), O=old, HS=humongous(starts), HC=humongous(continues), CS=collection set, F=free, TAMS=top-at-mark-start, PB=parsable bottom
|   0|0x00000000e0000000, 0x00000000e0100000, 0x00000000e0100000|100%|HS|  |TAMS 0x00000000e0000000| PB 0x00000000e0000000| Complete 
|   1|0x00000000e0100000, 0x00000000e0200000, 0x00000000e0200000|100%|HC|  |TAMS 0x00000000e0100000| PB 0x00000000e0100000| Complete 
|   2|0x00000000e0200000, 0x00000000e0300000, 0x00000000e0300000|100%|HC|  |TAMS 0x00000000e0200000| PB 0x00000000e0200000| Complete 
|   3|0x00000000e0300000, 0x00000000e0400000, 0x00000000e0400000|100%|HC|  |TAMS 0x00000000e0300000| PB 0x00000000e0300000| Complete 
|   4|0x00000000e0400000, 0x00000000e0500000, 0x00000000e0500000|100%| O|  |TAMS 0x00000000e0400000| PB 0x00000000e0400000| Untracked 
|   5|0x00000000e0500000, 0x00000000e0600000, 0x00000000e0600000|100%| O|  |TAMS 0x00000000e0500000| PB 0x00000000e0500000| Untracked 
|   6|0x00000000e0600000, 0x00000000e0700000, 0x00000000e0700000|100%| O|  |TAMS 0x00000000e0600000| PB 0x00000000e0600000| Untracked 
|   7|0x00000000e0700000, 0x00000000e0800000, 0x00000000e0800000|100%| O|  |TAMS 0x00000000e0700000| PB 0x00000000e0700000| Untracked 
|   8|0x00000000e0800000, 0x00000000e0900000, 0x00000000e0900000|100%|HS|  |TAMS 0x00000000e0800000| PB 0x00000000e0800000| Complete 
|   9|0x00000000e0900000, 0x00000000e0900000, 0x00000000e0a00000|  0%| F|  |TAMS 0x00000000e0900000| PB 0x00000000e0900000| Untracked 
|  10|0x00000000e0a00000, 0x00000000e0b00000, 0x00000000e0b00000|100%| O|  |TAMS 0x00000000e0a00000| PB 0x00000000e0a00000| Untracked 
|  11|0x00000000e0b00000, 0x00000000e0c00000, 0x00000000e0c00000|100%| O|  |TAMS 0x00000000e0b00000| PB 0x00000000e0b00000| Untracked 
|  12|0x00000000e0c00000, 0x00000000e0cca258, 0x00000000e0d00000| 78%| O|  |TAMS 0x00000000e0c00000| PB 0x00000000e0c00000| Untracked 
|  13|0x00000000e0d00000, 0x00000000e0d00000, 0x00000000e0e00000|  0%| F|  |TAMS 0x00000000e0d00000| PB 0x00000000e0d00000| Untracked 
|  14|0x00000000e0e00000, 0x00000000e0e00000, 0x00000000e0f00000|  0%| F|  |TAMS 0x00000000e0e00000| PB 0x00000000e0e00000| Untracked 
|  15|0x00000000e0f00000, 0x00000000e0f00000, 0x00000000e1000000|  0%| F|  |TAMS 0x00000000e0f00000| PB 0x00000000e0f00000| Untracked 
|  16|0x00000000e1000000, 0x00000000e1000000, 0x00000000e1100000|  0%| F|  |TAMS 0x00000000e1000000| PB 0x00000000e1000000| Untracked 
|  17|0x00000000e1100000, 0x00000000e1100000, 0x00000000e1200000|  0%| F|  |TAMS 0x00000000e1100000| PB 0x00000000e1100000| Untracked 
|  18|0x00000000e1200000, 0x00000000e1200000, 0x00000000e1300000|  0%| F|  |TAMS 0x00000000e1200000| PB 0x00000000e1200000| Untracked 
|  19|0x00000000e1300000, 0x00000000e1300000, 0x00000000e1400000|  0%| F|  |TAMS 0x00000000e1300000| PB 0x00000000e1300000| Untracked 
|  20|0x00000000e1400000, 0x00000000e1400000, 0x00000000e1500000|  0%| F|  |TAMS 0x00000000e1400000| PB 0x00000000e1400000| Untracked 
|  21|0x00000000e1500000, 0x00000000e1500000, 0x00000000e1600000|  0%| F|  |TAMS 0x00000000e1500000| PB 0x00000000e1500000| Untracked 
|  22|0x00000000e1600000, 0x00000000e1600000, 0x00000000e1700000|  0%| F|  |TAMS 0x00000000e1600000| PB 0x00000000e1600000| Untracked 
|  23|0x00000000e1700000, 0x00000000e1700000, 0x00000000e1800000|  0%| F|  |TAMS 0x00000000e1700000| PB 0x00000000e1700000| Untracked 
|  24|0x00000000e1800000, 0x00000000e1800000, 0x00000000e1900000|  0%| F|  |TAMS 0x00000000e1800000| PB 0x00000000e1800000| Untracked 
|  25|0x00000000e1900000, 0x00000000e1900000, 0x00000000e1a00000|  0%| F|  |TAMS 0x00000000e1900000| PB 0x00000000e1900000| Untracked 
|  26|0x00000000e1a00000, 0x00000000e1a00000, 0x00000000e1b00000|  0%| F|  |TAMS 0x00000000e1a00000| PB 0x00000000e1a00000| Untracked 
|  27|0x00000000e1b00000, 0x00000000e1b00000, 0x00000000e1c00000|  0%| F|  |TAMS 0x00000000e1b00000| PB 0x00000000e1b00000| Untracked 
|  28|0x00000000e1c00000, 0x00000000e1c00000, 0x00000000e1d00000|  0%| F|  |TAMS 0x00000000e1c00000| PB 0x00000000e1c00000| Untracked 
|  29|0x00000000e1d00000, 0x00000000e1d00000, 0x00000000e1e00000|  0%| F|  |TAMS 0x00000000e1d00000| PB 0x00000000e1d00000| Untracked 
|  30|0x00000000e1e00000, 0x00000000e1e00000, 0x00000000e1f00000|  0%| F|  |TAMS 0x00000000e1e00000| PB 0x00000000e1e00000| Untracked 
|  31|0x00000000e1f00000, 0x00000000e1f00000, 0x00000000e2000000|  0%| F|  |TAMS 0x00000000e1f00000| PB 0x00000000e1f00000| Untracked 
|  32|0x00000000e2000000, 0x00000000e2000000, 0x00000000e2100000|  0%| F|  |TAMS 0x00000000e2000000| PB 0x00000000e2000000| Untracked 
|  33|0x00000000e2100000, 0x00000000e2100000, 0x00000000e2200000|  0%| F|  |TAMS 0x00000000e2100000| PB 0x00000000e2100000| Untracked 
|  34|0x00000000e2200000, 0x00000000e2200000, 0x00000000e2300000|  0%| F|  |TAMS 0x00000000e2200000| PB 0x00000000e2200000| Untracked 
|  35|0x00000000e2300000, 0x00000000e2300000, 0x00000000e2400000|  0%| F|  |TAMS 0x00000000e2300000| PB 0x00000000e2300000| Untracked 
|  36|0x00000000e2400000, 0x00000000e2400000, 0x00000000e2500000|  0%| F|  |TAMS 0x00000000e2400000| PB 0x00000000e2400000| Untracked 
|  37|0x00000000e2500000, 0x00000000e2500000, 0x00000000e2600000|  0%| F|  |TAMS 0x00000000e2500000| PB 0x00000000e2500000| Untracked 
|  38|0x00000000e2600000, 0x00000000e2600000, 0x00000000e2700000|  0%| F|  |TAMS 0x00000000e2600000| PB 0x00000000e2600000| Untracked 
|  39|0x00000000e2700000, 0x00000000e2700000, 0x00000000e2800000|  0%| F|  |TAMS 0x00000000e2700000| PB 0x00000000e2700000| Untracked 
|  40|0x00000000e2800000, 0x00000000e2800000, 0x00000000e2900000|  0%| F|  |TAMS 0x00000000e2800000| PB 0x00000000e2800000| Untracked 
|  41|0x00000000e2900000, 0x00000000e2900000, 0x00000000e2a00000|  0%| F|  |TAMS 0x00000000e2900000| PB 0x00000000e2900000| Untracked 
|  42|0x00000000e2a00000, 0x00000000e2a00000, 0x00000000e2b00000|  0%| F|  |TAMS 0x00000000e2a00000| PB 0x00000000e2a00000| Untracked 
|  43|0x00000000e2b00000, 0x00000000e2b00000, 0x00000000e2c00000|  0%| F|  |TAMS 0x00000000e2b00000| PB 0x00000000e2b00000| Untracked 
|  44|0x00000000e2c00000, 0x00000000e2c00000, 0x00000000e2d00000|  0%| F|  |TAMS 0x00000000e2c00000| PB 0x00000000e2c00000| Untracked 
|  45|0x00000000e2d00000, 0x00000000e2d00000, 0x00000000e2e00000|  0%| F|  |TAMS 0x00000000e2d00000| PB 0x00000000e2d00000| Untracked 
|  46|0x00000000e2e00000, 0x00000000e2e00000, 0x00000000e2f00000|  0%| F|  |TAMS 0x00000000e2e00000| PB 0x00000000e2e00000| Untracked 
|  47|0x00000000e2f00000, 0x00000000e2f00000, 0x00000000e3000000|  0%| F|  |TAMS 0x00000000e2f00000| PB 0x00000000e2f00000| Untracked 
|  48|0x00000000e3000000, 0x00000000e3000000, 0x00000000e3100000|  0%| F|  |TAMS 0x00000000e3000000| PB 0x00000000e3000000| Untracked 
|  49|0x00000000e3100000, 0x00000000e3100000, 0x00000000e3200000|  0%| F|  |TAMS 0x00000000e3100000| PB 0x00000000e3100000| Untracked 
|  50|0x00000000e3200000, 0x00000000e3200000, 0x00000000e3300000|  0%| F|  |TAMS 0x00000000e3200000| PB 0x00000000e3200000| Untracked 
|  51|0x00000000e3300000, 0x00000000e3300000, 0x00000000e3400000|  0%| F|  |TAMS 0x00000000e3300000| PB 0x00000000e3300000| Untracked 
|  52|0x00000000e3400000, 0x00000000e3400000, 0x00000000e3500000|  0%| F|  |TAMS 0x00000000e3400000| PB 0x00000000e3400000| Untracked 
|  53|0x00000000e3500000, 0x00000000e3500000, 0x00000000e3600000|  0%| F|  |TAMS 0x00000000e3500000| PB 0x00000000e3500000| Untracked 
|  54|0x00000000e3600000, 0x00000000e3600000, 0x00000000e3700000|  0%| F|  |TAMS 0x00000000e3600000| PB 0x00000000e3600000| Untracked 
|  55|0x00000000e3700000, 0x00000000e3700000, 0x00000000e3800000|  0%| F|  |TAMS 0x00000000e3700000| PB 0x00000000e3700000| Untracked 
|  56|0x00000000e3800000, 0x00000000e3800000, 0x00000000e3900000|  0%| F|  |TAMS 0x00000000e3800000| PB 0x00000000e3800000| Untracked 
|  57|0x00000000e3900000, 0x00000000e3900000, 0x00000000e3a00000|  0%| F|  |TAMS 0x00000000e3900000| PB 0x00000000e3900000| Untracked 
|  58|0x00000000e3a00000, 0x00000000e3a00000, 0x00000000e3b00000|  0%| F|  |TAMS 0x00000000e3a00000| PB 0x00000000e3a00000| Untracked 
|  59|0x00000000e3b00000, 0x00000000e3b00000, 0x00000000e3c00000|  0%| F|  |TAMS 0x00000000e3b00000| PB 0x00000000e3b00000| Untracked 
|  60|0x00000000e3c00000, 0x00000000e3c00000, 0x00000000e3d00000|  0%| F|  |TAMS 0x00000000e3c00000| PB 0x00000000e3c00000| Untracked 
|  61|0x00000000e3d00000, 0x00000000e3d00000, 0x00000000e3e00000|  0%| F|  |TAMS 0x00000000e3d00000| PB 0x00000000e3d00000| Untracked 
|  62|0x00000000e3e00000, 0x00000000e3e00000, 0x00000000e3f00000|  0%| F|  |TAMS 0x00000000e3e00000| PB 0x00000000e3e00000| Untracked 
|  63|0x00000000e3f00000, 0x00000000e3f00000, 0x00000000e4000000|  0%| F|  |TAMS 0x00000000e3f00000| PB 0x00000000e3f00000| Untracked 
|  64|0x00000000e4000000, 0x00000000e4000000, 0x00000000e4100000|  0%| F|  |TAMS 0x00000000e4000000| PB 0x00000000e4000000| Untracked 
|  65|0x00000000e4100000, 0x00000000e4100000, 0x00000000e4200000|  0%| F|  |TAMS 0x00000000e4100000| PB 0x00000000e4100000| Untracked 
|  66|0x00000000e4200000, 0x00000000e4200000, 0x00000000e4300000|  0%| F|  |TAMS 0x00000000e4200000| PB 0x00000000e4200000| Untracked 
|  67|0x00000000e4300000, 0x00000000e4300000, 0x00000000e4400000|  0%| F|  |TAMS 0x00000000e4300000| PB 0x00000000e4300000| Untracked 
|  68|0x00000000e4400000, 0x00000000e4400000, 0x00000000e4500000|  0%| F|  |TAMS 0x00000000e4400000| PB 0x00000000e4400000| Untracked 
|  69|0x00000000e4500000, 0x00000000e4500000, 0x00000000e4600000|  0%| F|  |TAMS 0x00000000e4500000| PB 0x00000000e4500000| Untracked 
|  70|0x00000000e4600000, 0x00000000e4600000, 0x00000000e4700000|  0%| F|  |TAMS 0x00000000e4600000| PB 0x00000000e4600000| Untracked 
|  71|0x00000000e4700000, 0x00000000e4700000, 0x00000000e4800000|  0%| F|  |TAMS 0x00000000e4700000| PB 0x00000000e4700000| Untracked 
|  72|0x00000000e4800000, 0x00000000e4800000, 0x00000000e4900000|  0%| F|  |TAMS 0x00000000e4800000| PB 0x00000000e4800000| Untracked 
|  73|0x00000000e4900000, 0x00000000e4900000, 0x00000000e4a00000|  0%| F|  |TAMS 0x00000000e4900000| PB 0x00000000e4900000| Untracked 
|  74|0x00000000e4a00000, 0x00000000e4a00000, 0x00000000e4b00000|  0%| F|  |TAMS 0x00000000e4a00000| PB 0x00000000e4a00000| Untracked 
|  75|0x00000000e4b00000, 0x00000000e4b00000, 0x00000000e4c00000|  0%| F|  |TAMS 0x00000000e4b00000| PB 0x00000000e4b00000| Untracked 
|  76|0x00000000e4c00000, 0x00000000e4c00000, 0x00000000e4d00000|  0%| F|  |TAMS 0x00000000e4c00000| PB 0x00000000e4c00000| Untracked 
|  77|0x00000000e4d00000, 0x00000000e4d00000, 0x00000000e4e00000|  0%| F|  |TAMS 0x00000000e4d00000| PB 0x00000000e4d00000| Untracked 
|  78|0x00000000e4e00000, 0x00000000e4e00000, 0x00000000e4f00000|  0%| F|  |TAMS 0x00000000e4e00000| PB 0x00000000e4e00000| Untracked 
|  79|0x00000000e4f00000, 0x00000000e4f00000, 0x00000000e5000000|  0%| F|  |TAMS 0x00000000e4f00000| PB 0x00000000e4f00000| Untracked 
|  80|0x00000000e5000000, 0x00000000e5000000, 0x00000000e5100000|  0%| F|  |TAMS 0x00000000e5000000| PB 0x00000000e5000000| Untracked 
|  81|0x00000000e5100000, 0x00000000e5100000, 0x00000000e5200000|  0%| F|  |TAMS 0x00000000e5100000| PB 0x00000000e5100000| Untracked 
|  82|0x00000000e5200000, 0x00000000e5200000, 0x00000000e5300000|  0%| F|  |TAMS 0x00000000e5200000| PB 0x00000000e5200000| Untracked 
|  83|0x00000000e5300000, 0x00000000e5300000, 0x00000000e5400000|  0%| F|  |TAMS 0x00000000e5300000| PB 0x00000000e5300000| Untracked 
|  84|0x00000000e5400000, 0x00000000e5400000, 0x00000000e5500000|  0%| F|  |TAMS 0x00000000e5400000| PB 0x00000000e5400000| Untracked 
|  85|0x00000000e5500000, 0x00000000e5500000, 0x00000000e5600000|  0%| F|  |TAMS 0x00000000e5500000| PB 0x00000000e5500000| Untracked 
|  86|0x00000000e5600000, 0x00000000e5600000, 0x00000000e5700000|  0%| F|  |TAMS 0x00000000e5600000| PB 0x00000000e5600000| Untracked 
|  87|0x00000000e5700000, 0x00000000e5700000, 0x00000000e5800000|  0%| F|  |TAMS 0x00000000e5700000| PB 0x00000000e5700000| Untracked 
|  88|0x00000000e5800000, 0x00000000e5800000, 0x00000000e5900000|  0%| F|  |TAMS 0x00000000e5800000| PB 0x00000000e5800000| Untracked 
|  89|0x00000000e5900000, 0x00000000e5900000, 0x00000000e5a00000|  0%| F|  |TAMS 0x00000000e5900000| PB 0x00000000e5900000| Untracked 
|  90|0x00000000e5a00000, 0x00000000e5a00000, 0x00000000e5b00000|  0%| F|  |TAMS 0x00000000e5a00000| PB 0x00000000e5a00000| Untracked 
|  91|0x00000000e5b00000, 0x00000000e5b00000, 0x00000000e5c00000|  0%| F|  |TAMS 0x00000000e5b00000| PB 0x00000000e5b00000| Untracked 
|  92|0x00000000e5c00000, 0x00000000e5c00000, 0x00000000e5d00000|  0%| F|  |TAMS 0x00000000e5c00000| PB 0x00000000e5c00000| Untracked 
|  93|0x00000000e5d00000, 0x00000000e5d00000, 0x00000000e5e00000|  0%| F|  |TAMS 0x00000000e5d00000| PB 0x00000000e5d00000| Untracked 
|  94|0x00000000e5e00000, 0x00000000e5e00000, 0x00000000e5f00000|  0%| F|  |TAMS 0x00000000e5e00000| PB 0x00000000e5e00000| Untracked 
|  95|0x00000000e5f00000, 0x00000000e5f00000, 0x00000000e6000000|  0%| F|  |TAMS 0x00000000e5f00000| PB 0x00000000e5f00000| Untracked 
|  96|0x00000000e6000000, 0x00000000e6000000, 0x00000000e6100000|  0%| F|  |TAMS 0x00000000e6000000| PB 0x00000000e6000000| Untracked 
|  97|0x00000000e6100000, 0x00000000e6100000, 0x00000000e6200000|  0%| F|  |TAMS 0x00000000e6100000| PB 0x00000000e6100000| Untracked 
|  98|0x00000000e6200000, 0x00000000e6200000, 0x00000000e6300000|  0%| F|  |TAMS 0x00000000e6200000| PB 0x00000000e6200000| Untracked 
|  99|0x00000000e6300000, 0x00000000e6300000, 0x00000000e6400000|  0%| F|  |TAMS 0x00000000e6300000| PB 0x00000000e6300000| Untracked 
| 100|0x00000000e6400000, 0x00000000e6400000, 0x00000000e6500000|  0%| F|  |TAMS 0x00000000e6400000| PB 0x00000000e6400000| Untracked 
| 101|0x00000000e6500000, 0x00000000e6500000, 0x00000000e6600000|  0%| F|  |TAMS 0x00000000e6500000| PB 0x00000000e6500000| Untracked 
| 102|0x00000000e6600000, 0x00000000e6600000, 0x00000000e6700000|  0%| F|  |TAMS 0x00000000e6600000| PB 0x00000000e6600000| Untracked 
| 103|0x00000000e6700000, 0x00000000e6700000, 0x00000000e6800000|  0%| F|  |TAMS 0x00000000e6700000| PB 0x00000000e6700000| Untracked 
| 104|0x00000000e6800000, 0x00000000e6800000, 0x00000000e6900000|  0%| F|  |TAMS 0x00000000e6800000| PB 0x00000000e6800000| Untracked 
| 105|0x00000000e6900000, 0x00000000e6900000, 0x00000000e6a00000|  0%| F|  |TAMS 0x00000000e6900000| PB 0x00000000e6900000| Untracked 
| 106|0x00000000e6a00000, 0x00000000e6a00000, 0x00000000e6b00000|  0%| F|  |TAMS 0x00000000e6a00000| PB 0x00000000e6a00000| Untracked 
| 107|0x00000000e6b00000, 0x00000000e6b00000, 0x00000000e6c00000|  0%| F|  |TAMS 0x00000000e6b00000| PB 0x00000000e6b00000| Untracked 
| 108|0x00000000e6c00000, 0x00000000e6c00000, 0x00000000e6d00000|  0%| F|  |TAMS 0x00000000e6c00000| PB 0x00000000e6c00000| Untracked 
| 109|0x00000000e6d00000, 0x00000000e6d00000, 0x00000000e6e00000|  0%| F|  |TAMS 0x00000000e6d00000| PB 0x00000000e6d00000| Untracked 
| 110|0x00000000e6e00000, 0x00000000e6e00000, 0x00000000e6f00000|  0%| F|  |TAMS 0x00000000e6e00000| PB 0x00000000e6e00000| Untracked 
| 111|0x00000000e6f00000, 0x00000000e6f00000, 0x00000000e7000000|  0%| F|  |TAMS 0x00000000e6f00000| PB 0x00000000e6f00000| Untracked 
| 112|0x00000000e7000000, 0x00000000e7000000, 0x00000000e7100000|  0%| F|  |TAMS 0x00000000e7000000| PB 0x00000000e7000000| Untracked 
| 113|0x00000000e7100000, 0x00000000e7100000, 0x00000000e7200000|  0%| F|  |TAMS 0x00000000e7100000| PB 0x00000000e7100000| Untracked 
| 114|0x00000000e7200000, 0x00000000e7200000, 0x00000000e7300000|  0%| F|  |TAMS 0x00000000e7200000| PB 0x00000000e7200000| Untracked 
| 115|0x00000000e7300000, 0x00000000e7300000, 0x00000000e7400000|  0%| F|  |TAMS 0x00000000e7300000| PB 0x00000000e7300000| Untracked 
| 116|0x00000000e7400000, 0x00000000e7400000, 0x00000000e7500000|  0%| F|  |TAMS 0x00000000e7400000| PB 0x00000000e7400000| Untracked 
| 117|0x00000000e7500000, 0x00000000e7500000, 0x00000000e7600000|  0%| F|  |TAMS 0x00000000e7500000| PB 0x00000000e7500000| Untracked 
| 118|0x00000000e7600000, 0x00000000e7600000, 0x00000000e7700000|  0%| F|  |TAMS 0x00000000e7600000| PB 0x00000000e7600000| Untracked 
| 119|0x00000000e7700000, 0x00000000e7700000, 0x00000000e7800000|  0%| F|  |TAMS 0x00000000e7700000| PB 0x00000000e7700000| Untracked 
| 120|0x00000000e7800000, 0x00000000e7800000, 0x00000000e7900000|  0%| F|  |TAMS 0x00000000e7800000| PB 0x00000000e7800000| Untracked 
| 121|0x00000000e7900000, 0x00000000e7900000, 0x00000000e7a00000|  0%| F|  |TAMS 0x00000000e7900000| PB 0x00000000e7900000| Untracked 
| 122|0x00000000e7a00000, 0x00000000e7a00000, 0x00000000e7b00000|  0%| F|  |TAMS 0x00000000e7a00000| PB 0x00000000e7a00000| Untracked 
| 123|0x00000000e7b00000, 0x00000000e7b00000, 0x00000000e7c00000|  0%| F|  |TAMS 0x00000000e7b00000| PB 0x00000000e7b00000| Untracked 
| 124|0x00000000e7c00000, 0x00000000e7c00000, 0x00000000e7d00000|  0%| F|  |TAMS 0x00000000e7c00000| PB 0x00000000e7c00000| Untracked 
| 125|0x00000000e7d00000, 0x00000000e7d00000, 0x00000000e7e00000|  0%| F|  |TAMS 0x00000000e7d00000| PB 0x00000000e7d00000| Untracked 
| 126|0x00000000e7e00000, 0x00000000e7e00000, 0x00000000e7f00000|  0%| F|  |TAMS 0x00000000e7e00000| PB 0x00000000e7e00000| Untracked 
| 127|0x00000000e7f00000, 0x00000000e7f00000, 0x00000000e8000000|  0%| F|  |TAMS 0x00000000e7f00000| PB 0x00000000e7f00000| Untracked 
| 128|0x00000000e8000000, 0x00000000e8000000, 0x00000000e8100000|  0%| F|  |TAMS 0x00000000e8000000| PB 0x00000000e8000000| Untracked 
| 129|0x00000000e8100000, 0x00000000e8100000, 0x00000000e8200000|  0%| F|  |TAMS 0x00000000e8100000| PB 0x00000000e8100000| Untracked 
| 130|0x00000000e8200000, 0x00000000e8200000, 0x00000000e8300000|  0%| F|  |TAMS 0x00000000e8200000| PB 0x00000000e8200000| Untracked 
| 131|0x00000000e8300000, 0x00000000e8300000, 0x00000000e8400000|  0%| F|  |TAMS 0x00000000e8300000| PB 0x00000000e8300000| Untracked 
| 132|0x00000000e8400000, 0x00000000e8400000, 0x00000000e8500000|  0%| F|  |TAMS 0x00000000e8400000| PB 0x00000000e8400000| Untracked 
| 133|0x00000000e8500000, 0x00000000e8500000, 0x00000000e8600000|  0%| F|  |TAMS 0x00000000e8500000| PB 0x00000000e8500000| Untracked 
| 134|0x00000000e8600000, 0x00000000e8600000, 0x00000000e8700000|  0%| F|  |TAMS 0x00000000e8600000| PB 0x00000000e8600000| Untracked 
| 135|0x00000000e8700000, 0x00000000e8700000, 0x00000000e8800000|  0%| F|  |TAMS 0x00000000e8700000| PB 0x00000000e8700000| Untracked 
| 136|0x00000000e8800000, 0x00000000e8800000, 0x00000000e8900000|  0%| F|  |TAMS 0x00000000e8800000| PB 0x00000000e8800000| Untracked 
| 137|0x00000000e8900000, 0x00000000e8900000, 0x00000000e8a00000|  0%| F|  |TAMS 0x00000000e8900000| PB 0x00000000e8900000| Untracked 
| 138|0x00000000e8a00000, 0x00000000e8a00000, 0x00000000e8b00000|  0%| F|  |TAMS 0x00000000e8a00000| PB 0x00000000e8a00000| Untracked 
| 139|0x00000000e8b00000, 0x00000000e8b00000, 0x00000000e8c00000|  0%| F|  |TAMS 0x00000000e8b00000| PB 0x00000000e8b00000| Untracked 
| 140|0x00000000e8c00000, 0x00000000e8c00000, 0x00000000e8d00000|  0%| F|  |TAMS 0x00000000e8c00000| PB 0x00000000e8c00000| Untracked 
| 141|0x00000000e8d00000, 0x00000000e8d00000, 0x00000000e8e00000|  0%| F|  |TAMS 0x00000000e8d00000| PB 0x00000000e8d00000| Untracked 
| 142|0x00000000e8e00000, 0x00000000e8e00000, 0x00000000e8f00000|  0%| F|  |TAMS 0x00000000e8e00000| PB 0x00000000e8e00000| Untracked 
| 143|0x00000000e8f00000, 0x00000000e8f00000, 0x00000000e9000000|  0%| F|  |TAMS 0x00000000e8f00000| PB 0x00000000e8f00000| Untracked 
| 144|0x00000000e9000000, 0x00000000e9000000, 0x00000000e9100000|  0%| F|  |TAMS 0x00000000e9000000| PB 0x00000000e9000000| Untracked 
| 145|0x00000000e9100000, 0x00000000e9100000, 0x00000000e9200000|  0%| F|  |TAMS 0x00000000e9100000| PB 0x00000000e9100000| Untracked 
| 146|0x00000000e9200000, 0x00000000e9200000, 0x00000000e9300000|  0%| F|  |TAMS 0x00000000e9200000| PB 0x00000000e9200000| Untracked 
| 147|0x00000000e9300000, 0x00000000e9300000, 0x00000000e9400000|  0%| F|  |TAMS 0x00000000e9300000| PB 0x00000000e9300000| Untracked 
| 148|0x00000000e9400000, 0x00000000e9400000, 0x00000000e9500000|  0%| F|  |TAMS 0x00000000e9400000| PB 0x00000000e9400000| Untracked 
| 149|0x00000000e9500000, 0x00000000e9500000, 0x00000000e9600000|  0%| F|  |TAMS 0x00000000e9500000| PB 0x00000000e9500000| Untracked 
| 150|0x00000000e9600000, 0x00000000e9600000, 0x00000000e9700000|  0%| F|  |TAMS 0x00000000e9600000| PB 0x00000000e9600000| Untracked 
| 151|0x00000000e9700000, 0x00000000e9700000, 0x00000000e9800000|  0%| F|  |TAMS 0x00000000e9700000| PB 0x00000000e9700000| Untracked 
| 152|0x00000000e9800000, 0x00000000e9800000, 0x00000000e9900000|  0%| F|  |TAMS 0x00000000e9800000| PB 0x00000000e9800000| Untracked 
| 153|0x00000000e9900000, 0x00000000e9900000, 0x00000000e9a00000|  0%| F|  |TAMS 0x00000000e9900000| PB 0x00000000e9900000| Untracked 
| 154|0x00000000e9a00000, 0x00000000e9a00000, 0x00000000e9b00000|  0%| F|  |TAMS 0x00000000e9a00000| PB 0x00000000e9a00000| Untracked 
| 155|0x00000000e9b00000, 0x00000000e9b00000, 0x00000000e9c00000|  0%| F|  |TAMS 0x00000000e9b00000| PB 0x00000000e9b00000| Untracked 
| 156|0x00000000e9c00000, 0x00000000e9c00000, 0x00000000e9d00000|  0%| F|  |TAMS 0x00000000e9c00000| PB 0x00000000e9c00000| Untracked 
| 157|0x00000000e9d00000, 0x00000000e9d00000, 0x00000000e9e00000|  0%| F|  |TAMS 0x00000000e9d00000| PB 0x00000000e9d00000| Untracked 
| 158|0x00000000e9e00000, 0x00000000e9e00000, 0x00000000e9f00000|  0%| F|  |TAMS 0x00000000e9e00000| PB 0x00000000e9e00000| Untracked 
| 159|0x00000000e9f00000, 0x00000000e9f00000, 0x00000000ea000000|  0%| F|  |TAMS 0x00000000e9f00000| PB 0x00000000e9f00000| Untracked 
| 160|0x00000000ea000000, 0x00000000ea000000, 0x00000000ea100000|  0%| F|  |TAMS 0x00000000ea000000| PB 0x00000000ea000000| Untracked 
| 161|0x00000000ea100000, 0x00000000ea100000, 0x00000000ea200000|  0%| F|  |TAMS 0x00000000ea100000| PB 0x00000000ea100000| Untracked 
| 162|0x00000000ea200000, 0x00000000ea200000, 0x00000000ea300000|  0%| F|  |TAMS 0x00000000ea200000| PB 0x00000000ea200000| Untracked 
| 163|0x00000000ea300000, 0x00000000ea300000, 0x00000000ea400000|  0%| F|  |TAMS 0x00000000ea300000| PB 0x00000000ea300000| Untracked 
| 164|0x00000000ea400000, 0x00000000ea400000, 0x00000000ea500000|  0%| F|  |TAMS 0x00000000ea400000| PB 0x00000000ea400000| Untracked 
| 165|0x00000000ea500000, 0x00000000ea500000, 0x00000000ea600000|  0%| F|  |TAMS 0x00000000ea500000| PB 0x00000000ea500000| Untracked 
| 166|0x00000000ea600000, 0x00000000ea600000, 0x00000000ea700000|  0%| F|  |TAMS 0x00000000ea600000| PB 0x00000000ea600000| Untracked 
| 167|0x00000000ea700000, 0x00000000ea700000, 0x00000000ea800000|  0%| F|  |TAMS 0x00000000ea700000| PB 0x00000000ea700000| Untracked 
| 168|0x00000000ea800000, 0x00000000ea800000, 0x00000000ea900000|  0%| F|  |TAMS 0x00000000ea800000| PB 0x00000000ea800000| Untracked 
| 169|0x00000000ea900000, 0x00000000ea900000, 0x00000000eaa00000|  0%| F|  |TAMS 0x00000000ea900000| PB 0x00000000ea900000| Untracked 
| 170|0x00000000eaa00000, 0x00000000eaa00000, 0x00000000eab00000|  0%| F|  |TAMS 0x00000000eaa00000| PB 0x00000000eaa00000| Untracked 
| 171|0x00000000eab00000, 0x00000000eab00000, 0x00000000eac00000|  0%| F|  |TAMS 0x00000000eab00000| PB 0x00000000eab00000| Untracked 
| 172|0x00000000eac00000, 0x00000000eac00000, 0x00000000ead00000|  0%| F|  |TAMS 0x00000000eac00000| PB 0x00000000eac00000| Untracked 
| 173|0x00000000ead00000, 0x00000000ead00000, 0x00000000eae00000|  0%| F|  |TAMS 0x00000000ead00000| PB 0x00000000ead00000| Untracked 
| 174|0x00000000eae00000, 0x00000000eae00000, 0x00000000eaf00000|  0%| F|  |TAMS 0x00000000eae00000| PB 0x00000000eae00000| Untracked 
| 175|0x00000000eaf00000, 0x00000000eaf00000, 0x00000000eb000000|  0%| F|  |TAMS 0x00000000eaf00000| PB 0x00000000eaf00000| Untracked 
| 176|0x00000000eb000000, 0x00000000eb100000, 0x00000000eb100000|100%| E|  |TAMS 0x00000000eb000000| PB 0x00000000eb000000| Complete 
| 177|0x00000000eb100000, 0x00000000eb200000, 0x00000000eb200000|100%| E|CS|TAMS 0x00000000eb100000| PB 0x00000000eb100000| Complete 
| 178|0x00000000eb200000, 0x00000000eb300000, 0x00000000eb300000|100%| E|CS|TAMS 0x00000000eb200000| PB 0x00000000eb200000| Complete 
| 179|0x00000000eb300000, 0x00000000eb400000, 0x00000000eb400000|100%| E|CS|TAMS 0x00000000eb300000| PB 0x00000000eb300000| Complete 
| 180|0x00000000eb400000, 0x00000000eb500000, 0x00000000eb500000|100%| E|CS|TAMS 0x00000000eb400000| PB 0x00000000eb400000| Complete 
| 181|0x00000000eb500000, 0x00000000eb600000, 0x00000000eb600000|100%| E|CS|TAMS 0x00000000eb500000| PB 0x00000000eb500000| Complete 
| 182|0x00000000eb600000, 0x00000000eb700000, 0x00000000eb700000|100%| E|CS|TAMS 0x00000000eb600000| PB 0x00000000eb600000| Complete 
| 183|0x00000000eb700000, 0x00000000eb800000, 0x00000000eb800000|100%| E|CS|TAMS 0x00000000eb700000| PB 0x00000000eb700000| Complete 
| 184|0x00000000eb800000, 0x00000000eb900000, 0x00000000eb900000|100%| E|CS|TAMS 0x00000000eb800000| PB 0x00000000eb800000| Complete 
| 185|0x00000000eb900000, 0x00000000eba00000, 0x00000000eba00000|100%| E|CS|TAMS 0x00000000eb900000| PB 0x00000000eb900000| Complete 
| 186|0x00000000eba00000, 0x00000000ebb00000, 0x00000000ebb00000|100%| E|CS|TAMS 0x00000000eba00000| PB 0x00000000eba00000| Complete 
| 187|0x00000000ebb00000, 0x00000000ebc00000, 0x00000000ebc00000|100%| E|CS|TAMS 0x00000000ebb00000| PB 0x00000000ebb00000| Complete 
| 188|0x00000000ebc00000, 0x00000000ebd00000, 0x00000000ebd00000|100%| E|CS|TAMS 0x00000000ebc00000| PB 0x00000000ebc00000| Complete 
| 189|0x00000000ebd00000, 0x00000000ebe00000, 0x00000000ebe00000|100%| E|CS|TAMS 0x00000000ebd00000| PB 0x00000000ebd00000| Complete 
| 190|0x00000000ebe00000, 0x00000000ebf00000, 0x00000000ebf00000|100%| E|CS|TAMS 0x00000000ebe00000| PB 0x00000000ebe00000| Complete 
| 191|0x00000000ebf00000, 0x00000000ec000000, 0x00000000ec000000|100%| E|CS|TAMS 0x00000000ebf00000| PB 0x00000000ebf00000| Complete 
| 192|0x00000000ec000000, 0x00000000ec100000, 0x00000000ec100000|100%| E|CS|TAMS 0x00000000ec000000| PB 0x00000000ec000000| Complete 
| 193|0x00000000ec100000, 0x00000000ec200000, 0x00000000ec200000|100%| E|CS|TAMS 0x00000000ec100000| PB 0x00000000ec100000| Complete 
| 194|0x00000000ec200000, 0x00000000ec300000, 0x00000000ec300000|100%| E|CS|TAMS 0x00000000ec200000| PB 0x00000000ec200000| Complete 
| 195|0x00000000ec300000, 0x00000000ec400000, 0x00000000ec400000|100%| E|CS|TAMS 0x00000000ec300000| PB 0x00000000ec300000| Complete 
| 196|0x00000000ec400000, 0x00000000ec500000, 0x00000000ec500000|100%| E|CS|TAMS 0x00000000ec400000| PB 0x00000000ec400000| Complete 
| 197|0x00000000ec500000, 0x00000000ec600000, 0x00000000ec600000|100%| E|CS|TAMS 0x00000000ec500000| PB 0x00000000ec500000| Complete 
| 198|0x00000000ec600000, 0x00000000ec700000, 0x00000000ec700000|100%| E|CS|TAMS 0x00000000ec600000| PB 0x00000000ec600000| Complete 
| 199|0x00000000ec700000, 0x00000000ec800000, 0x00000000ec800000|100%| E|CS|TAMS 0x00000000ec700000| PB 0x00000000ec700000| Complete 
| 200|0x00000000ec800000, 0x00000000ec900000, 0x00000000ec900000|100%| E|CS|TAMS 0x00000000ec800000| PB 0x00000000ec800000| Complete 
| 201|0x00000000ec900000, 0x00000000eca00000, 0x00000000eca00000|100%| E|CS|TAMS 0x00000000ec900000| PB 0x00000000ec900000| Complete 
| 202|0x00000000eca00000, 0x00000000ecb00000, 0x00000000ecb00000|100%| E|CS|TAMS 0x00000000eca00000| PB 0x00000000eca00000| Complete 
| 203|0x00000000ecb00000, 0x00000000ecc00000, 0x00000000ecc00000|100%| E|CS|TAMS 0x00000000ecb00000| PB 0x00000000ecb00000| Complete 
| 204|0x00000000ecc00000, 0x00000000ecd00000, 0x00000000ecd00000|100%| E|CS|TAMS 0x00000000ecc00000| PB 0x00000000ecc00000| Complete 
| 205|0x00000000ecd00000, 0x00000000ece00000, 0x00000000ece00000|100%| E|CS|TAMS 0x00000000ecd00000| PB 0x00000000ecd00000| Complete 
| 206|0x00000000ece00000, 0x00000000ecf00000, 0x00000000ecf00000|100%| E|CS|TAMS 0x00000000ece00000| PB 0x00000000ece00000| Complete 
| 207|0x00000000ecf00000, 0x00000000ed000000, 0x00000000ed000000|100%| E|CS|TAMS 0x00000000ecf00000| PB 0x00000000ecf00000| Complete 
| 208|0x00000000ed000000, 0x00000000ed100000, 0x00000000ed100000|100%| E|CS|TAMS 0x00000000ed000000| PB 0x00000000ed000000| Complete 
| 209|0x00000000ed100000, 0x00000000ed200000, 0x00000000ed200000|100%| E|CS|TAMS 0x00000000ed100000| PB 0x00000000ed100000| Complete 
| 210|0x00000000ed200000, 0x00000000ed300000, 0x00000000ed300000|100%| E|CS|TAMS 0x00000000ed200000| PB 0x00000000ed200000| Complete 
| 211|0x00000000ed300000, 0x00000000ed400000, 0x00000000ed400000|100%| E|CS|TAMS 0x00000000ed300000| PB 0x00000000ed300000| Complete 
| 212|0x00000000ed400000, 0x00000000ed500000, 0x00000000ed500000|100%| E|CS|TAMS 0x00000000ed400000| PB 0x00000000ed400000| Complete 
| 213|0x00000000ed500000, 0x00000000ed600000, 0x00000000ed600000|100%| E|CS|TAMS 0x00000000ed500000| PB 0x00000000ed500000| Complete 
| 214|0x00000000ed600000, 0x00000000ed700000, 0x00000000ed700000|100%| E|CS|TAMS 0x00000000ed600000| PB 0x00000000ed600000| Complete 
| 215|0x00000000ed700000, 0x00000000ed800000, 0x00000000ed800000|100%| E|CS|TAMS 0x00000000ed700000| PB 0x00000000ed700000| Complete 
| 216|0x00000000ed800000, 0x00000000ed900000, 0x00000000ed900000|100%| E|CS|TAMS 0x00000000ed800000| PB 0x00000000ed800000| Complete 
| 217|0x00000000ed900000, 0x00000000eda00000, 0x00000000eda00000|100%| E|CS|TAMS 0x00000000ed900000| PB 0x00000000ed900000| Complete 
| 218|0x00000000eda00000, 0x00000000edb00000, 0x00000000edb00000|100%| E|CS|TAMS 0x00000000eda00000| PB 0x00000000eda00000| Complete 
| 219|0x00000000edb00000, 0x00000000edc00000, 0x00000000edc00000|100%| E|CS|TAMS 0x00000000edb00000| PB 0x00000000edb00000| Complete 
| 220|0x00000000edc00000, 0x00000000edd00000, 0x00000000edd00000|100%| E|CS|TAMS 0x00000000edc00000| PB 0x00000000edc00000| Complete 
| 221|0x00000000edd00000, 0x00000000ede00000, 0x00000000ede00000|100%| E|CS|TAMS 0x00000000edd00000| PB 0x00000000edd00000| Complete 
| 222|0x00000000ede00000, 0x00000000ededd580, 0x00000000edf00000| 86%| S|CS|TAMS 0x00000000ede00000| PB 0x00000000ede00000| Complete 
| 223|0x00000000edf00000, 0x00000000ee000000, 0x00000000ee000000|100%| S|CS|TAMS 0x00000000edf00000| PB 0x00000000edf00000| Complete 
| 224|0x00000000ee000000, 0x00000000ee100000, 0x00000000ee100000|100%| S|CS|TAMS 0x00000000ee000000| PB 0x00000000ee000000| Complete 
| 225|0x00000000ee100000, 0x00000000ee200000, 0x00000000ee200000|100%| E|CS|TAMS 0x00000000ee100000| PB 0x00000000ee100000| Complete 
| 226|0x00000000ee200000, 0x00000000ee300000, 0x00000000ee300000|100%| E|CS|TAMS 0x00000000ee200000| PB 0x00000000ee200000| Complete 
| 227|0x00000000ee300000, 0x00000000ee400000, 0x00000000ee400000|100%| E|CS|TAMS 0x00000000ee300000| PB 0x00000000ee300000| Complete 
| 228|0x00000000ee400000, 0x00000000ee500000, 0x00000000ee500000|100%| E|CS|TAMS 0x00000000ee400000| PB 0x00000000ee400000| Complete 
| 229|0x00000000ee500000, 0x00000000ee600000, 0x00000000ee600000|100%| E|CS|TAMS 0x00000000ee500000| PB 0x00000000ee500000| Complete 
| 230|0x00000000ee600000, 0x00000000ee700000, 0x00000000ee700000|100%| E|CS|TAMS 0x00000000ee600000| PB 0x00000000ee600000| Complete 
| 231|0x00000000ee700000, 0x00000000ee800000, 0x00000000ee800000|100%| E|CS|TAMS 0x00000000ee700000| PB 0x00000000ee700000| Complete 
| 232|0x00000000ee800000, 0x00000000ee900000, 0x00000000ee900000|100%| E|CS|TAMS 0x00000000ee800000| PB 0x00000000ee800000| Complete 
| 233|0x00000000ee900000, 0x00000000eea00000, 0x00000000eea00000|100%| E|CS|TAMS 0x00000000ee900000| PB 0x00000000ee900000| Complete 
| 234|0x00000000eea00000, 0x00000000eeb00000, 0x00000000eeb00000|100%| E|CS|TAMS 0x00000000eea00000| PB 0x00000000eea00000| Complete 
| 235|0x00000000eeb00000, 0x00000000eec00000, 0x00000000eec00000|100%| E|CS|TAMS 0x00000000eeb00000| PB 0x00000000eeb00000| Complete 
| 236|0x00000000eec00000, 0x00000000eed00000, 0x00000000eed00000|100%| E|CS|TAMS 0x00000000eec00000| PB 0x00000000eec00000| Complete 
| 237|0x00000000eed00000, 0x00000000eee00000, 0x00000000eee00000|100%| E|CS|TAMS 0x00000000eed00000| PB 0x00000000eed00000| Complete 
| 238|0x00000000eee00000, 0x00000000eef00000, 0x00000000eef00000|100%| E|CS|TAMS 0x00000000eee00000| PB 0x00000000eee00000| Complete 
| 239|0x00000000eef00000, 0x00000000ef000000, 0x00000000ef000000|100%| E|CS|TAMS 0x00000000eef00000| PB 0x00000000eef00000| Complete 
| 240|0x00000000ef000000, 0x00000000ef100000, 0x00000000ef100000|100%| E|CS|TAMS 0x00000000ef000000| PB 0x00000000ef000000| Complete 
| 241|0x00000000ef100000, 0x00000000ef200000, 0x00000000ef200000|100%| E|CS|TAMS 0x00000000ef100000| PB 0x00000000ef100000| Complete 
| 242|0x00000000ef200000, 0x00000000ef300000, 0x00000000ef300000|100%| E|CS|TAMS 0x00000000ef200000| PB 0x00000000ef200000| Complete 
| 243|0x00000000ef300000, 0x00000000ef400000, 0x00000000ef400000|100%| E|CS|TAMS 0x00000000ef300000| PB 0x00000000ef300000| Complete 
| 244|0x00000000ef400000, 0x00000000ef500000, 0x00000000ef500000|100%| E|CS|TAMS 0x00000000ef400000| PB 0x00000000ef400000| Complete 
| 245|0x00000000ef500000, 0x00000000ef600000, 0x00000000ef600000|100%| E|CS|TAMS 0x00000000ef500000| PB 0x00000000ef500000| Complete 
| 246|0x00000000ef600000, 0x00000000ef700000, 0x00000000ef700000|100%| E|CS|TAMS 0x00000000ef600000| PB 0x00000000ef600000| Complete 
| 247|0x00000000ef700000, 0x00000000ef800000, 0x00000000ef800000|100%| E|CS|TAMS 0x00000000ef700000| PB 0x00000000ef700000| Complete 
| 248|0x00000000ef800000, 0x00000000ef900000, 0x00000000ef900000|100%| E|CS|TAMS 0x00000000ef800000| PB 0x00000000ef800000| Complete 
| 249|0x00000000ef900000, 0x00000000efa00000, 0x00000000efa00000|100%| E|CS|TAMS 0x00000000ef900000| PB 0x00000000ef900000| Complete 
| 250|0x00000000efa00000, 0x00000000efb00000, 0x00000000efb00000|100%| E|CS|TAMS 0x00000000efa00000| PB 0x00000000efa00000| Complete 
| 251|0x00000000efb00000, 0x00000000efc00000, 0x00000000efc00000|100%| E|CS|TAMS 0x00000000efb00000| PB 0x00000000efb00000| Complete 
| 252|0x00000000efc00000, 0x00000000efd00000, 0x00000000efd00000|100%| E|CS|TAMS 0x00000000efc00000| PB 0x00000000efc00000| Complete 
| 253|0x00000000efd00000, 0x00000000efe00000, 0x00000000efe00000|100%| E|CS|TAMS 0x00000000efd00000| PB 0x00000000efd00000| Complete 
| 254|0x00000000efe00000, 0x00000000eff00000, 0x00000000eff00000|100%| E|CS|TAMS 0x00000000efe00000| PB 0x00000000efe00000| Complete 
| 255|0x00000000eff00000, 0x00000000f0000000, 0x00000000f0000000|100%| E|CS|TAMS 0x00000000eff00000| PB 0x00000000eff00000| Complete 

Card table byte_map: [0x000001e1d2c60000,0x000001e1d2d60000] _byte_map_base: 0x000001e1d2560000

Marking Bits: (CMBitMap*) 0x000001e1c0658cc0
 Bits: [0x000001e1d2d60000, 0x000001e1d3560000)

Polling page: 0x000001e1be5f0000

Metaspace:

Usage:
  Non-class:     13.60 MB used.
      Class:      2.14 MB used.
       Both:     15.74 MB used.

Virtual space:
  Non-class space:       64.00 MB reserved,      13.88 MB ( 22%) committed,  1 nodes.
      Class space:      320.00 MB reserved,       2.31 MB ( <1%) committed,  1 nodes.
             Both:      384.00 MB reserved,      16.19 MB (  4%) committed. 

Chunk freelists:
   Non-Class:  1.86 MB
       Class:  13.72 MB
        Both:  15.57 MB

MaxMetaspaceSize: 384.00 MB
CompressedClassSpaceSize: 320.00 MB
Initial GC threshold: 21.00 MB
Current GC threshold: 21.00 MB
CDS: on
 - commit_granule_bytes: 65536.
 - commit_granule_words: 8192.
 - virtual_space_node_default_size: 8388608.
 - enlarge_chunks_in_place: 1.
 - use_allocation_guard: 0.


Internal statistics:

num_allocs_failed_limit: 0.
num_arena_births: 488.
num_arena_deaths: 0.
num_vsnodes_births: 2.
num_vsnodes_deaths: 0.
num_space_committed: 259.
num_space_uncommitted: 0.
num_chunks_returned_to_freelist: 0.
num_chunks_taken_from_freelist: 1022.
num_chunk_merges: 0.
num_chunk_splits: 674.
num_chunks_enlarged: 475.
num_inconsistent_stats: 0.

CodeHeap 'non-profiled nmethods': size=120000Kb used=1337Kb max_used=1337Kb free=118662Kb
 bounds [0x000001e1cb300000, 0x000001e1cb570000, 0x000001e1d2830000]
CodeHeap 'profiled nmethods': size=120000Kb used=5546Kb max_used=5546Kb free=114453Kb
 bounds [0x000001e1c3830000, 0x000001e1c3da0000, 0x000001e1cad60000]
CodeHeap 'non-nmethods': size=5760Kb used=1403Kb max_used=1480Kb free=4356Kb
 bounds [0x000001e1cad60000, 0x000001e1cafd0000, 0x000001e1cb300000]
CodeCache: size=245760Kb, used=8286Kb, max_used=8363Kb, free=237471Kb
 total_blobs=3466, nmethods=2900, adapters=470, full_count=0
Compilation: enabled, stopped_count=0, restarted_count=0

Compilation events (20 events):
Event: 137.394 Thread 0x000001e1ef005e20 nmethod 2895 0x000001e1cb44d090 code [0x000001e1cb44d220, 0x000001e1cb44d2e8]
Event: 137.430 Thread 0x000001e1ef004880 2897       4       java.util.Arrays::copyOf (40 bytes)
Event: 137.437 Thread 0x000001e1ef004880 nmethod 2897 0x000001e1cb44d690 code [0x000001e1cb44d840, 0x000001e1cb44dd28]
Event: 137.439 Thread 0x000001e1ef005e20 2898       3       java.lang.invoke.LambdaFormBuffer::indexOf (25 bytes)
Event: 137.440 Thread 0x000001e1ef005e20 nmethod 2898 0x000001e1c3d97e10 code [0x000001e1c3d97fc0, 0x000001e1c3d981c0]
Event: 137.445 Thread 0x000001e1ef005e20 2899       3       java.lang.invoke.LambdaForm$Name::withConstraint (20 bytes)
Event: 137.445 Thread 0x000001e1ef005e20 nmethod 2899 0x000001e1c3d98290 code [0x000001e1c3d98440, 0x000001e1c3d98658]
Event: 137.446 Thread 0x000001e1ef005e20 2900       3       jdk.internal.org.objectweb.asm.Type::getType (10 bytes)
Event: 137.446 Thread 0x000001e1ef005e20 nmethod 2900 0x000001e1c3d98710 code [0x000001e1c3d988e0, 0x000001e1c3d98b10]
Event: 137.446 Thread 0x000001e1ef005e20 2901       3       java.lang.invoke.LambdaFormBuffer::endEdit (313 bytes)
Event: 137.447 Thread 0x000001e1ef004880 2902       4       java.lang.invoke.MethodHandle::intrinsicName (4 bytes)
Event: 137.447 Thread 0x000001e1ef004880 nmethod 2902 0x000001e1cb44df90 code [0x000001e1cb44e120, 0x000001e1cb44e1b0]
Event: 137.447 Thread 0x000001e1ef004880 2903       4       jdk.internal.org.objectweb.asm.Frame::pop (42 bytes)
Event: 137.448 Thread 0x000001e1ef005e20 nmethod 2901 0x000001e1c3d98c90 code [0x000001e1c3d98f00, 0x000001e1c3d99c78]
Event: 137.448 Thread 0x000001e1ef005e20 2904       3       java.lang.invoke.LambdaFormBuffer::replaceName (124 bytes)
Event: 137.448 Thread 0x000001e1ef005e20 nmethod 2904 0x000001e1c3d9a090 code [0x000001e1c3d9a240, 0x000001e1c3d9a3f8]
Event: 137.449 Thread 0x000001e1ef004880 nmethod 2903 0x000001e1cb44e290 code [0x000001e1cb44e420, 0x000001e1cb44e518]
Event: 137.449 Thread 0x000001e1ef004880 2905       4       java.lang.invoke.MethodType::makeImpl (109 bytes)
Event: 137.456 Thread 0x000001e1ef005e20 2906       3       java.lang.reflect.Method::setMethodAccessor (20 bytes)
Event: 137.457 Thread 0x000001e1ef005e20 nmethod 2906 0x000001e1c3d9a510 code [0x000001e1c3d9a6e0, 0x000001e1c3d9a9a0]

GC Heap History (4 events):
Event: 5.822 GC heap before
{Heap before GC invocations=0 (full 0):
 garbage-first heap   total 262144K, used 27648K [0x00000000e0000000, 0x0000000100000000)
  region size 1024K, 23 young (23552K), 0 survivors (0K)
 Metaspace       used 2898K, committed 3072K, reserved 393216K
  class space    used 346K, committed 384K, reserved 327680K
}
Event: 6.566 GC heap after
{Heap after GC invocations=1 (full 0):
 garbage-first heap   total 262144K, used 10957K [0x00000000e0000000, 0x0000000100000000)
  region size 1024K, 3 young (3072K), 3 survivors (3072K)
 Metaspace       used 2898K, committed 3072K, reserved 393216K
  class space    used 346K, committed 384K, reserved 327680K
}
Event: 7.944 GC heap before
{Heap before GC invocations=1 (full 0):
 garbage-first heap   total 262144K, used 40653K [0x00000000e0000000, 0x0000000100000000)
  region size 1024K, 31 young (31744K), 3 survivors (3072K)
 Metaspace       used 4648K, committed 4864K, reserved 393216K
  class space    used 594K, committed 704K, reserved 327680K
}
Event: 7.951 GC heap after
{Heap after GC invocations=2 (full 0):
 garbage-first heap   total 262144K, used 15005K [0x00000000e0000000, 0x0000000100000000)
  region size 1024K, 3 young (3072K), 3 survivors (3072K)
 Metaspace       used 4648K, committed 4864K, reserved 393216K
  class space    used 594K, committed 704K, reserved 327680K
}

Dll operation events (20 events):
Event: 2.555 Attempting to load shared library C:\Users\ericj\.vscode\extensions\redhat.java-1.56.0-win32-x64\jre\21.0.12.1-win32-x86_64\bin\nio.dll
Event: 2.556 Loaded shared library C:\Users\ericj\.vscode\extensions\redhat.java-1.56.0-win32-x64\jre\21.0.12.1-win32-x86_64\bin\nio.dll
Event: 2.563 Attempting to load shared library C:\Users\ericj\.vscode\extensions\redhat.java-1.56.0-win32-x64\jre\21.0.12.1-win32-x86_64\bin\zip.dll
Event: 2.563 Loaded shared library C:\Users\ericj\.vscode\extensions\redhat.java-1.56.0-win32-x64\jre\21.0.12.1-win32-x86_64\bin\zip.dll
Event: 4.341 Attempting to load shared library C:\Users\ericj\.vscode\extensions\redhat.java-1.56.0-win32-x64\jre\21.0.12.1-win32-x86_64\bin\jimage.dll
Event: 4.341 Loaded shared library C:\Users\ericj\.vscode\extensions\redhat.java-1.56.0-win32-x64\jre\21.0.12.1-win32-x86_64\bin\jimage.dll
Event: 5.362 Attempting to load shared library C:\Users\ericj\.vscode\extensions\redhat.java-1.56.0-win32-x64\jre\21.0.12.1-win32-x86_64\bin\verify.dll
Event: 5.363 Loaded shared library C:\Users\ericj\.vscode\extensions\redhat.java-1.56.0-win32-x64\jre\21.0.12.1-win32-x86_64\bin\verify.dll
Event: 5.639 Attempting to load shared library C:\Users\ericj\.gradle\native\660c5614fbf4a5f2a75b1949f50a0caf5cd603558e7d8a26e50b933a0cfb79d1\windows-amd64\native-platform.dll
Event: 5.641 Loaded shared library C:\Users\ericj\.gradle\native\660c5614fbf4a5f2a75b1949f50a0caf5cd603558e7d8a26e50b933a0cfb79d1\windows-amd64\native-platform.dll
Event: 5.663 Attempting to load shared library C:\Users\ericj\.gradle\native\0.2.8\x86_64-windows-gnu\gradle-fileevents.dll
Event: 5.664 Loaded shared library C:\Users\ericj\.gradle\native\0.2.8\x86_64-windows-gnu\gradle-fileevents.dll
Event: 9.560 Attempting to load shared library C:\Users\ericj\.vscode\extensions\redhat.java-1.56.0-win32-x64\jre\21.0.12.1-win32-x86_64\bin\management.dll
Event: 9.561 Loaded shared library C:\Users\ericj\.vscode\extensions\redhat.java-1.56.0-win32-x64\jre\21.0.12.1-win32-x86_64\bin\management.dll
Event: 9.566 Attempting to load shared library C:\Users\ericj\.vscode\extensions\redhat.java-1.56.0-win32-x64\jre\21.0.12.1-win32-x86_64\bin\management_ext.dll
Event: 9.567 Loaded shared library C:\Users\ericj\.vscode\extensions\redhat.java-1.56.0-win32-x64\jre\21.0.12.1-win32-x86_64\bin\management_ext.dll
Event: 10.355 Attempting to load shared library C:\Users\ericj\.vscode\extensions\redhat.java-1.56.0-win32-x64\jre\21.0.12.1-win32-x86_64\bin\extnet.dll
Event: 10.356 Loaded shared library C:\Users\ericj\.vscode\extensions\redhat.java-1.56.0-win32-x64\jre\21.0.12.1-win32-x86_64\bin\extnet.dll
Event: 18.116 Attempting to load shared library C:\Users\ericj\.vscode\extensions\redhat.java-1.56.0-win32-x64\jre\21.0.12.1-win32-x86_64\bin\sunmscapi.dll
Event: 18.119 Loaded shared library C:\Users\ericj\.vscode\extensions\redhat.java-1.56.0-win32-x64\jre\21.0.12.1-win32-x86_64\bin\sunmscapi.dll

Deoptimization events (20 events):
Event: 103.832 Thread 0x000001e1f117dbd0 DEOPT PACKING pc=0x000001e1cb3b4d94 sp=0x000000c434dfc2e0
Event: 103.833 Thread 0x000001e1f117dbd0 DEOPT UNPACKING pc=0x000001e1cadb4422 sp=0x000000c434dfc278 mode 2
Event: 103.837 Thread 0x000001e1f117dbd0 Uncommon trap: trap_request=0xffffffde fr.pc=0x000001e1cb3b4d94 relative=0x0000000000000334
Event: 103.837 Thread 0x000001e1f117dbd0 Uncommon trap: reason=class_check action=maybe_recompile pc=0x000001e1cb3b4d94 method=java.util.regex.Pattern$BmpCharPropertyGreedy.match(Ljava/util/regex/Matcher;ILjava/lang/CharSequence;)Z @ 26 c2
Event: 103.837 Thread 0x000001e1f117dbd0 DEOPT PACKING pc=0x000001e1cb3b4d94 sp=0x000000c434dfc230
Event: 103.837 Thread 0x000001e1f117dbd0 DEOPT UNPACKING pc=0x000001e1cadb4422 sp=0x000000c434dfc1e8 mode 2
Event: 108.843 Thread 0x000001e1f117dbd0 Uncommon trap: trap_request=0xffffffde fr.pc=0x000001e1cb3b4d94 relative=0x0000000000000334
Event: 108.843 Thread 0x000001e1f117dbd0 Uncommon trap: reason=class_check action=maybe_recompile pc=0x000001e1cb3b4d94 method=java.util.regex.Pattern$BmpCharPropertyGreedy.match(Ljava/util/regex/Matcher;ILjava/lang/CharSequence;)Z @ 26 c2
Event: 108.843 Thread 0x000001e1f117dbd0 DEOPT PACKING pc=0x000001e1cb3b4d94 sp=0x000000c434dfbeb0
Event: 108.843 Thread 0x000001e1f117dbd0 DEOPT UNPACKING pc=0x000001e1cadb4422 sp=0x000000c434dfbe48 mode 2
Event: 108.843 Thread 0x000001e1f117dbd0 Uncommon trap: trap_request=0xffffffde fr.pc=0x000001e1cb3b4d94 relative=0x0000000000000334
Event: 108.843 Thread 0x000001e1f117dbd0 Uncommon trap: reason=class_check action=maybe_recompile pc=0x000001e1cb3b4d94 method=java.util.regex.Pattern$BmpCharPropertyGreedy.match(Ljava/util/regex/Matcher;ILjava/lang/CharSequence;)Z @ 26 c2
Event: 108.844 Thread 0x000001e1f117dbd0 DEOPT PACKING pc=0x000001e1cb3b4d94 sp=0x000000c434dfbe00
Event: 108.844 Thread 0x000001e1f117dbd0 DEOPT UNPACKING pc=0x000001e1cadb4422 sp=0x000000c434dfbdb8 mode 2
Event: 122.347 Thread 0x000001e1f0498750 DEOPT PACKING pc=0x000001e1c3c0749f sp=0x000000c4348fe530
Event: 122.348 Thread 0x000001e1f0498750 DEOPT UNPACKING pc=0x000001e1cadb4bc2 sp=0x000000c4348fda08 mode 0
Event: 137.450 Thread 0x000001e1f117dbd0 Uncommon trap: trap_request=0xffffffcc fr.pc=0x000001e1cb44dba4 relative=0x0000000000000364
Event: 137.450 Thread 0x000001e1f117dbd0 Uncommon trap: reason=intrinsic_or_type_checked_inlining action=make_not_entrant pc=0x000001e1cb44dba4 method=java.util.Arrays.copyOf([Ljava/lang/Object;ILjava/lang/Class;)[Ljava/lang/Object; @ 35 c2
Event: 137.450 Thread 0x000001e1f117dbd0 DEOPT PACKING pc=0x000001e1cb44dba4 sp=0x000000c434dfba60
Event: 137.450 Thread 0x000001e1f117dbd0 DEOPT UNPACKING pc=0x000001e1cadb4422 sp=0x000000c434dfb9f0 mode 2

Classes loaded (20 events):
Event: 98.184 Loading class java/nio/file/attribute/PosixFilePermissions$1
Event: 98.185 Loading class java/nio/file/attribute/PosixFilePermissions$1 done
Event: 108.871 Loading class java/util/concurrent/ArrayBlockingQueue
Event: 108.873 Loading class java/util/concurrent/ArrayBlockingQueue done
Event: 108.873 Loading class java/util/concurrent/locks/ReentrantLock$FairSync
Event: 108.874 Loading class java/util/concurrent/locks/ReentrantLock$FairSync done
Event: 117.597 Loading class sun/nio/ch/DatagramChannelImpl$DatagramPackets
Event: 117.598 Loading class sun/nio/ch/DatagramChannelImpl$DatagramPackets done
Event: 126.664 Loading class java/lang/Character$UnicodeBlock
Event: 126.684 Loading class java/lang/Character$Subset
Event: 126.684 Loading class java/lang/Character$Subset done
Event: 126.684 Loading class java/lang/Character$UnicodeBlock done
Event: 132.159 Loading class sun/security/provider/MD5
Event: 132.172 Loading class sun/security/provider/MD5 done
Event: 132.229 Loading class sun/security/provider/SHA5$SHA512
Event: 132.234 Loading class sun/security/provider/SHA5
Event: 132.234 Loading class sun/security/provider/SHA5 done
Event: 132.234 Loading class sun/security/provider/SHA5$SHA512 done
Event: 136.232 Loading class sun/security/provider/ByteArrayAccess$LE
Event: 136.233 Loading class sun/security/provider/ByteArrayAccess$LE done

Classes unloaded (0 events):
No events

Classes redefined (0 events):
No events

Internal exceptions (20 events):
Event: 10.808 Thread 0x000001e1c062c350 Exception <a 'java/lang/NoSuchMethodError'{0x00000000ed8fa0b0}: 'java.lang.Object java.lang.invoke.DirectMethodHandle$Holder.invokeStaticInit(java.lang.Object, java.lang.Object, int, int, int, int)'> (0x00000000ed8fa0b0) 
thrown [s\src\hotspot\share\interpreter\linkResolver.cpp, line 773]
Event: 12.192 Thread 0x000001e1c062c350 Exception <a 'java/io/IOException'{0x00000000ed410348}> (0x00000000ed410348) 
thrown [s\src\hotspot\share\prims\jni.cpp, line 520]
Event: 12.205 Thread 0x000001e1c062c350 Implicit null exception at 0x000001e1cb34cb24 to 0x000001e1cb34d1bc
Event: 12.215 Thread 0x000001e1c062c350 Exception <a 'java/lang/NoSuchMethodError'{0x00000000ed480d00}: 'java.lang.Object java.lang.invoke.DirectMethodHandle$Holder.newInvokeSpecial(java.lang.Object, java.lang.Object, java.lang.Object, java.lang.Object, java.lang.Object)'> (0x00000000ed480d00) 
thrown [s\src\hotspot\share\interpreter\linkResolver.cpp, line 773]
Event: 12.223 Thread 0x000001e1c062c350 Exception <a 'java/lang/NoSuchMethodError'{0x00000000ed4a36d8}: 'void java.lang.invoke.DirectMethodHandle$Holder.invokeSpecial(java.lang.Object, java.lang.Object, java.lang.Object)'> (0x00000000ed4a36d8) 
thrown [s\src\hotspot\share\interpreter\linkResolver.cpp, line 773]
Event: 21.749 Thread 0x000001e1f117dbd0 Exception <a 'java/lang/NoSuchMethodError'{0x00000000eca18b68}: 'java.lang.Object java.lang.invoke.DirectMethodHandle$Holder.invokeVirtual(java.lang.Object, java.lang.Object, java.lang.Object, java.lang.Object, java.lang.Object, java.lang.Object, java.lang.Object)'> (0x00000000eca18b68) 
thrown [s\src\hotspot\share\interpreter\linkResolver.cpp, line 773]
Event: 21.778 Thread 0x000001e1f117dbd0 Exception <a 'java/lang/NoSuchMethodError'{0x00000000ecaa3d08}: 'long java.lang.invoke.DirectMethodHandle$Holder.invokeInterface(java.lang.Object, java.lang.Object)'> (0x00000000ecaa3d08) 
thrown [s\src\hotspot\share\interpreter\linkResolver.cpp, line 773]
Event: 24.041 Thread 0x000001e1f117dbd0 Exception <a 'java/lang/NoSuchMethodError'{0x00000000ec6691b0}: 'void java.lang.invoke.DirectMethodHandle$Holder.invokeStatic(java.lang.Object, java.lang.Object)'> (0x00000000ec6691b0) 
thrown [s\src\hotspot\share\interpreter\linkResolver.cpp, line 773]
Event: 24.295 Thread 0x000001e1f117dbd0 Exception <a 'java/lang/NoSuchMethodError'{0x00000000ec6bdf58}: 'java.lang.Object java.lang.invoke.DirectMethodHandle$Holder.invokeVirtual(java.lang.Object, java.lang.Object, java.lang.Object, java.lang.Object, java.lang.Object, java.lang.Object, java.lang.Object, java.lang.Object, java.lang.Object, java.lang.Object, java.lang.Object, java.lang.Object)'> (0x00000000ec6bdf58) 
thrown [s\src\hotspot\share\interpreter\linkResolver.cpp, line 773]
Event: 24.296 Thread 0x000001e1f117dbd0 Exception <a 'java/lang/NoSuchMethodError'{0x00000000ec6c2f80}: 'java.lang.Object java.lang.invoke.DirectMethodHandle$Holder.invokeSpecial(java.lang.Object, java.lang.Object, java.lang.Object, java.lang.Object, java.lang.Object, java.lang.Object, java.lang.Object, java.lang.Object, java.lang.Object, java.lang.Object, java.lang.Object, java.lang.Object, java.lang.Object)'> (0x00000000ec6c2f80) 
thrown [s\src\hotspot\share\interpreter\linkResolver.cpp, line 773]
Event: 25.720 Thread 0x000001e1f117dbd0 Exception <a 'java/lang/NoSuchMethodError'{0x00000000ec4554f8}: 'void java.lang.invoke.DirectMethodHandle$Holder.invokeStatic(java.lang.Object, java.lang.Object, java.lang.Object, java.lang.Object)'> (0x00000000ec4554f8) 
thrown [s\src\hotspot\share\interpreter\linkResolver.cpp, line 773]
Event: 26.692 Thread 0x000001e1f117dbd0 Exception <a 'java/lang/NoSuchMethodError'{0x00000000ec30e760}: 'int java.lang.invoke.DirectMethodHandle$Holder.invokeVirtual(java.lang.Object, java.lang.Object, java.lang.Object)'> (0x00000000ec30e760) 
thrown [s\src\hotspot\share\interpreter\linkResolver.cpp, line 773]
Event: 33.144 Thread 0x000001e1f117dbd0 Exception <a 'java/lang/NoSuchMethodError'{0x00000000ec173670}: 'java.lang.Object java.lang.invoke.DirectMethodHandle$Holder.newInvokeSpecial(java.lang.Object, java.lang.Object, java.lang.Object, java.lang.Object, java.lang.Object, java.lang.Object)'> (0x00000000ec173670) 
thrown [s\src\hotspot\share\interpreter\linkResolver.cpp, line 773]
Event: 43.796 Thread 0x000001e1f117dbd0 Exception <a 'java/lang/NoSuchMethodError'{0x00000000ebfe3500}: 'void java.lang.invoke.DelegatingMethodHandle$Holder.reinvoke_L(java.lang.Object, java.lang.Object, java.lang.Object, java.lang.Object, java.lang.Object, java.lang.Object, java.lang.Object, java.lang.Object, java.lang.Object, java.lang.Object)'> (0x00000000ebfe3500) 
thrown [s\src\hotspot\share\interpreter\linkResolver.cpp, line 773]
Event: 43.797 Thread 0x000001e1f117dbd0 Exception <a 'java/lang/NoSuchMethodError'{0x00000000ebfeafe0}: 'java.lang.Object java.lang.invoke.Invokers$Holder.invoker(java.lang.Object, java.lang.Object, java.lang.Object, java.lang.Object, java.lang.Object, java.lang.Object, java.lang.Object, java.lang.Object, java.lang.Object, java.lang.Object)'> (0x00000000ebfeafe0) 
thrown [s\src\hotspot\share\interpreter\linkResolver.cpp, line 773]
Event: 98.826 Thread 0x000001e1f117dbd0 Exception <a 'java/lang/NoSuchMethodError'{0x00000000eb611ba0}: 'void java.lang.invoke.DirectMethodHandle$Holder.invokeInterface(java.lang.Object, java.lang.Object)'> (0x00000000eb611ba0) 
thrown [s\src\hotspot\share\interpreter\linkResolver.cpp, line 773]
Event: 98.830 Thread 0x000001e1f117dbd0 Exception <a 'java/lang/IncompatibleClassChangeError'{0x00000000eb615120}: Found class java.lang.Object, but interface was expected> (0x00000000eb615120) 
thrown [s\src\hotspot\share\interpreter\linkResolver.cpp, line 840]
Event: 105.451 Thread 0x000001e1f117dbd0 Exception <a 'java/lang/NoSuchMethodError'{0x00000000eb63a2b0}: 'java.lang.Object java.lang.invoke.DirectMethodHandle$Holder.newInvokeSpecial(java.lang.Object, java.lang.Object, java.lang.Object, java.lang.Object, java.lang.Object, java.lang.Object, java.lang.Object, java.lang.Object)'> (0x00000000eb63a2b0) 
thrown [s\src\hotspot\share\interpreter\linkResolver.cpp, line 773]
Event: 111.206 Thread 0x000001e1f117dbd0 Exception <a 'java/lang/NoSuchMethodError'{0x00000000eb5c4990}: 'java.lang.Object java.lang.invoke.DirectMethodHandle$Holder.newInvokeSpecial(java.lang.Object, java.lang.Object, int)'> (0x00000000eb5c4990) 
thrown [s\src\hotspot\share\interpreter\linkResolver.cpp, line 773]
Event: 137.422 Thread 0x000001e1f117dbd0 Exception <a 'java/lang/NoSuchMethodError'{0x00000000eb055580}: 'java.lang.Object java.lang.invoke.DirectMethodHandle$Holder.invokeVirtual(java.lang.Object, java.lang.Object, java.lang.Object, java.lang.Object, java.lang.Object, java.lang.Object, java.lang.Object, java.lang.Object)'> (0x00000000eb055580) 
thrown [s\src\hotspot\share\interpreter\linkResolver.cpp, line 773]

ZGC Phase Switch (0 events):
No events

VM Operations (20 events):
Event: 109.313 Executing safepoint VM operation: Cleanup
Event: 110.531 Executing safepoint VM operation: Cleanup done
Event: 110.531 Executing non-safepoint VM operation: HandshakeAllThreads (Deoptimize)
Event: 110.547 Executing non-safepoint VM operation: HandshakeAllThreads (Deoptimize) done
Event: 111.561 Executing safepoint VM operation: Cleanup
Event: 112.114 Executing safepoint VM operation: Cleanup done
Event: 113.116 Executing safepoint VM operation: Cleanup
Event: 113.116 Executing safepoint VM operation: Cleanup done
Event: 117.205 Executing safepoint VM operation: Cleanup
Event: 117.568 Executing safepoint VM operation: Cleanup done
Event: 118.575 Executing safepoint VM operation: Cleanup
Event: 120.408 Executing safepoint VM operation: Cleanup done
Event: 121.411 Executing safepoint VM operation: Cleanup
Event: 122.119 Executing safepoint VM operation: Cleanup done
Event: 126.169 Executing safepoint VM operation: Cleanup
Event: 126.676 Executing safepoint VM operation: Cleanup done
Event: 129.704 Executing safepoint VM operation: Cleanup
Event: 129.737 Executing safepoint VM operation: Cleanup done
Event: 136.814 Executing safepoint VM operation: Cleanup
Event: 136.833 Executing safepoint VM operation: Cleanup done

Memory protections (0 events):
No events

Nmethod flushes (0 events):
No events

Events (20 events):
Event: 1.965 Thread 0x000001e1c062c350 Thread added: 0x000001e1ef000470
Event: 1.965 Thread 0x000001e1c062c350 Thread added: 0x000001e1ef002ee0
Event: 1.967 Thread 0x000001e1c062c350 Thread added: 0x000001e1ef003940
Event: 1.968 Thread 0x000001e1c062c350 Thread added: 0x000001e1ef004880
Event: 1.968 Thread 0x000001e1c062c350 Thread added: 0x000001e1ef005e20
Event: 2.541 Thread 0x000001e1c062c350 Thread added: 0x000001e1ef19e290
Event: 2.658 Thread 0x000001e1c062c350 Thread added: 0x000001e1ef3025f0
Event: 9.638 Thread 0x000001e1c062c350 Thread added: 0x000001e1f0a8f0a0
Event: 10.868 Thread 0x000001e1c062c350 Thread added: 0x000001e1efd6d880
Event: 12.225 Thread 0x000001e1c062c350 Thread added: 0x000001e1f0498750
Event: 18.172 Thread 0x000001e1efd6d880 Thread added: 0x000001e1ef19bbc0
Event: 18.625 Thread 0x000001e1ef19bbc0 Thread added: 0x000001e1f0381500
Event: 18.686 Thread 0x000001e1ef19bbc0 Thread added: 0x000001e1f0042720
Event: 18.754 Thread 0x000001e1ef19bbc0 Thread added: 0x000001e1f117dbd0
Event: 19.925 Thread 0x000001e1f117dbd0 Thread added: 0x000001e1f117e8f0
Event: 19.933 Thread 0x000001e1f117dbd0 Thread added: 0x000001e1f117ef80
Event: 20.432 Thread 0x000001e1f117dbd0 Thread added: 0x000001e1f117e260
Event: 110.575 Thread 0x000001e1f117dbd0 Thread added: 0x000001e1f117f610
Event: 116.766 Thread 0x000001e1f117dbd0 Thread added: 0x000001e1f117ceb0
Event: 118.392 Thread 0x000001e1f117ceb0 Thread added: 0x000001e1f117c190


Dynamic libraries:
0x00007ff79d3e0000 - 0x00007ff79d3ee000 	C:\Users\ericj\.vscode\extensions\redhat.java-1.56.0-win32-x64\jre\21.0.12.1-win32-x86_64\bin\java.exe
0x00007ffd376d0000 - 0x00007ffd378e8000 	C:\WINDOWS\SYSTEM32\ntdll.dll
0x00007ffd35740000 - 0x00007ffd35804000 	C:\WINDOWS\System32\KERNEL32.DLL
0x00007ffd34f90000 - 0x00007ffd35363000 	C:\WINDOWS\System32\KERNELBASE.dll
0x00007ffd34af0000 - 0x00007ffd34c01000 	C:\WINDOWS\System32\ucrtbase.dll
0x00007ffd2c090000 - 0x00007ffd2c0a8000 	C:\Users\ericj\.vscode\extensions\redhat.java-1.56.0-win32-x64\jre\21.0.12.1-win32-x86_64\bin\jli.dll
0x00007ffd35530000 - 0x00007ffd356e2000 	C:\WINDOWS\System32\USER32.dll
0x00007ffd34df0000 - 0x00007ffd34e16000 	C:\WINDOWS\System32\win32u.dll
0x00007ffd35710000 - 0x00007ffd35739000 	C:\WINDOWS\System32\GDI32.dll
0x00007ffd349d0000 - 0x00007ffd34aeb000 	C:\WINDOWS\System32\gdi32full.dll
0x00007ffd34d50000 - 0x00007ffd34dea000 	C:\WINDOWS\System32\msvcp_win.dll
0x00007ffd2c0c0000 - 0x00007ffd2c0de000 	C:\Users\ericj\.vscode\extensions\redhat.java-1.56.0-win32-x64\jre\21.0.12.1-win32-x86_64\bin\VCRUNTIME140.dll
0x00007ffd16b30000 - 0x00007ffd16dcc000 	C:\WINDOWS\WinSxS\amd64_microsoft.windows.common-controls_6595b64144ccf1df_6.0.22621.6060_none_2712eda17382d24b\COMCTL32.dll
0x00007ffd36300000 - 0x00007ffd363a7000 	C:\WINDOWS\System32\msvcrt.dll
0x00007ffd37190000 - 0x00007ffd371c1000 	C:\WINDOWS\System32\IMM32.DLL
0x00007ffd2c790000 - 0x00007ffd2c79c000 	C:\Users\ericj\.vscode\extensions\redhat.java-1.56.0-win32-x64\jre\21.0.12.1-win32-x86_64\bin\vcruntime140_1.dll
0x00007ffd28670000 - 0x00007ffd286fd000 	C:\Users\ericj\.vscode\extensions\redhat.java-1.56.0-win32-x64\jre\21.0.12.1-win32-x86_64\bin\msvcp140.dll
0x00007ffcc5d00000 - 0x00007ffcc6aa2000 	C:\Users\ericj\.vscode\extensions\redhat.java-1.56.0-win32-x64\jre\21.0.12.1-win32-x86_64\bin\server\jvm.dll
0x00007ffd36220000 - 0x00007ffd362d1000 	C:\WINDOWS\System32\ADVAPI32.dll
0x00007ffd35370000 - 0x00007ffd35418000 	C:\WINDOWS\System32\sechost.dll
0x00007ffd348e0000 - 0x00007ffd34908000 	C:\WINDOWS\System32\bcrypt.dll
0x00007ffd36100000 - 0x00007ffd36218000 	C:\WINDOWS\System32\RPCRT4.dll
0x00007ffd35880000 - 0x00007ffd358f1000 	C:\WINDOWS\System32\WS2_32.dll
0x00007ffd346c0000 - 0x00007ffd3470d000 	C:\WINDOWS\SYSTEM32\POWRPROF.dll
0x00007ffd0e090000 - 0x00007ffd0e0c4000 	C:\WINDOWS\SYSTEM32\WINMM.dll
0x00007ffd2fcd0000 - 0x00007ffd2fcda000 	C:\WINDOWS\SYSTEM32\VERSION.dll
0x00007ffd34690000 - 0x00007ffd346a3000 	C:\WINDOWS\SYSTEM32\UMPDC.dll
0x00007ffd337c0000 - 0x00007ffd337d8000 	C:\WINDOWS\SYSTEM32\kernel.appcore.dll
0x00007ffd2c060000 - 0x00007ffd2c06a000 	C:\Users\ericj\.vscode\extensions\redhat.java-1.56.0-win32-x64\jre\21.0.12.1-win32-x86_64\bin\jimage.dll
0x00007ffd32210000 - 0x00007ffd32443000 	C:\WINDOWS\SYSTEM32\DBGHELP.DLL
0x00007ffd371d0000 - 0x00007ffd37561000 	C:\WINDOWS\System32\combase.dll
0x00007ffd36020000 - 0x00007ffd360f8000 	C:\WINDOWS\System32\OLEAUT32.dll
0x00007ffd2c370000 - 0x00007ffd2c3a2000 	C:\WINDOWS\SYSTEM32\dbgcore.DLL
0x00007ffd347e0000 - 0x00007ffd3485b000 	C:\WINDOWS\System32\bcryptPrimitives.dll
0x00007ffd2bd80000 - 0x00007ffd2bd8f000 	C:\Users\ericj\.vscode\extensions\redhat.java-1.56.0-win32-x64\jre\21.0.12.1-win32-x86_64\bin\instrument.dll
0x00007ffd2bd90000 - 0x00007ffd2bdb0000 	C:\Users\ericj\.vscode\extensions\redhat.java-1.56.0-win32-x64\jre\21.0.12.1-win32-x86_64\bin\java.dll
0x00007ffd368f0000 - 0x00007ffd3718c000 	C:\WINDOWS\System32\SHELL32.dll
0x00007ffd34c10000 - 0x00007ffd34d4f000 	C:\WINDOWS\System32\wintypes.dll
0x00007ffd326e0000 - 0x00007ffd32ffa000 	C:\WINDOWS\SYSTEM32\windows.storage.dll
0x00007ffd35900000 - 0x00007ffd35a04000 	C:\WINDOWS\System32\SHCORE.dll
0x00007ffd35810000 - 0x00007ffd35879000 	C:\WINDOWS\System32\shlwapi.dll
0x00007ffd34710000 - 0x00007ffd34735000 	C:\WINDOWS\SYSTEM32\profapi.dll
0x00007ffd2bc90000 - 0x00007ffd2bca8000 	C:\Users\ericj\.vscode\extensions\redhat.java-1.56.0-win32-x64\jre\21.0.12.1-win32-x86_64\bin\zip.dll
0x00007ffd2be80000 - 0x00007ffd2be90000 	C:\Users\ericj\.vscode\extensions\redhat.java-1.56.0-win32-x64\jre\21.0.12.1-win32-x86_64\bin\net.dll
0x00007ffd2edc0000 - 0x00007ffd2eeec000 	C:\WINDOWS\SYSTEM32\WINHTTP.dll
0x00007ffd33ca0000 - 0x00007ffd33d09000 	C:\WINDOWS\system32\mswsock.dll
0x00007ffd2bc70000 - 0x00007ffd2bc86000 	C:\Users\ericj\.vscode\extensions\redhat.java-1.56.0-win32-x64\jre\21.0.12.1-win32-x86_64\bin\nio.dll
0x00007ffd2ba90000 - 0x00007ffd2baa0000 	C:\Users\ericj\.vscode\extensions\redhat.java-1.56.0-win32-x64\jre\21.0.12.1-win32-x86_64\bin\verify.dll
0x00007ffd1bef0000 - 0x00007ffd1bf17000 	C:\Users\ericj\.gradle\native\660c5614fbf4a5f2a75b1949f50a0caf5cd603558e7d8a26e50b933a0cfb79d1\windows-amd64\native-platform.dll
0x00007ffd1ede0000 - 0x00007ffd1ee57000 	C:\Users\ericj\.gradle\native\0.2.8\x86_64-windows-gnu\gradle-fileevents.dll
0x00007ffd29af0000 - 0x00007ffd29afa000 	C:\Users\ericj\.vscode\extensions\redhat.java-1.56.0-win32-x64\jre\21.0.12.1-win32-x86_64\bin\management.dll
0x00007ffd28600000 - 0x00007ffd2860c000 	C:\Users\ericj\.vscode\extensions\redhat.java-1.56.0-win32-x64\jre\21.0.12.1-win32-x86_64\bin\management_ext.dll
0x00007ffd368e0000 - 0x00007ffd368e8000 	C:\WINDOWS\System32\PSAPI.DLL
0x00007ffd33260000 - 0x00007ffd3328d000 	C:\WINDOWS\SYSTEM32\IPHLPAPI.DLL
0x00007ffd35c20000 - 0x00007ffd35c29000 	C:\WINDOWS\System32\NSI.dll
0x00007ffd23750000 - 0x00007ffd23759000 	C:\Users\ericj\.vscode\extensions\redhat.java-1.56.0-win32-x64\jre\21.0.12.1-win32-x86_64\bin\extnet.dll
0x00007ffd33ef0000 - 0x00007ffd33f0b000 	C:\WINDOWS\SYSTEM32\CRYPTSP.dll
0x00007ffd33720000 - 0x00007ffd33757000 	C:\WINDOWS\system32\rsaenh.dll
0x00007ffd33d90000 - 0x00007ffd33db8000 	C:\WINDOWS\SYSTEM32\USERENV.dll
0x00007ffd33f10000 - 0x00007ffd33f1c000 	C:\WINDOWS\SYSTEM32\CRYPTBASE.dll
0x00007ffd228b0000 - 0x00007ffd228be000 	C:\Users\ericj\.vscode\extensions\redhat.java-1.56.0-win32-x64\jre\21.0.12.1-win32-x86_64\bin\sunmscapi.dll
0x00007ffd34e20000 - 0x00007ffd34f88000 	C:\WINDOWS\System32\CRYPT32.dll
0x00007ffd340b0000 - 0x00007ffd340de000 	C:\WINDOWS\SYSTEM32\ncrypt.dll
0x00007ffd34070000 - 0x00007ffd340a7000 	C:\WINDOWS\SYSTEM32\NTASN1.dll
0x00007ffd1d2d0000 - 0x00007ffd1d2d8000 	C:\WINDOWS\system32\wshunix.dll

JVMTI agents:
C:\Users\ericj\.gradle\wrapper\dists\gradle-9.5.1-bin\iq79hdu3mqx29lgffhp8bfmx\gradle-9.5.1\lib\agents\gradle-instrumentation-agent-9.5.1.jar path:C:\Users\ericj\.vscode\extensions\redhat.java-1.56.0-win32-x64\jre\21.0.12.1-win32-x86_64\bin\instrument.dll, loaded, initialized, instrumentlib options:none

dbghelp: loaded successfully - version: 4.0.5 - missing functions: none
symbol engine: initialized successfully - sym options: 0x614 - pdb path: .;C:\Users\ericj\.vscode\extensions\redhat.java-1.56.0-win32-x64\jre\21.0.12.1-win32-x86_64\bin;C:\WINDOWS\SYSTEM32;C:\WINDOWS\WinSxS\amd64_microsoft.windows.common-controls_6595b64144ccf1df_6.0.22621.6060_none_2712eda17382d24b;C:\Users\ericj\.vscode\extensions\redhat.java-1.56.0-win32-x64\jre\21.0.12.1-win32-x86_64\bin\server;C:\Users\ericj\.gradle\native\660c5614fbf4a5f2a75b1949f50a0caf5cd603558e7d8a26e50b933a0cfb79d1\windows-amd64;C:\Users\ericj\.gradle\native\0.2.8\x86_64-windows-gnu

VM Arguments:
jvm_args: --add-opens=java.base/java.lang=ALL-UNNAMED --add-opens=java.base/java.lang.invoke=ALL-UNNAMED --add-opens=java.base/java.util=ALL-UNNAMED --add-opens=java.prefs/java.util.prefs=ALL-UNNAMED --add-exports=jdk.compiler/com.sun.tools.javac.api=ALL-UNNAMED --add-exports=jdk.compiler/com.sun.tools.javac.util=ALL-UNNAMED --add-opens=java.base/java.nio.charset=ALL-UNNAMED --add-opens=java.base/java.net=ALL-UNNAMED --add-opens=java.base/java.util.concurrent=ALL-UNNAMED --add-opens=java.base/java.util.concurrent.atomic=ALL-UNNAMED --add-opens=java.xml/javax.xml.namespace=ALL-UNNAMED --add-opens=java.base/java.time=ALL-UNNAMED -XX:MaxMetaspaceSize=384m -XX:+HeapDumpOnOutOfMemoryError -Xms256m -Xmx512m -Dfile.encoding=UTF-8 -Duser.country=KR -Duser.language=ko -Duser.variant -javaagent:C:\Users\ericj\.gradle\wrapper\dists\gradle-9.5.1-bin\iq79hdu3mqx29lgffhp8bfmx\gradle-9.5.1\lib\agents\gradle-instrumentation-agent-9.5.1.jar 
java_command: org.gradle.launcher.daemon.bootstrap.GradleDaemon 9.5.1
java_class_path (initial): C:\Users\ericj\.gradle\wrapper\dists\gradle-9.5.1-bin\iq79hdu3mqx29lgffhp8bfmx\gradle-9.5.1\lib\gradle-daemon-main-9.5.1.jar
Launcher Type: SUN_STANDARD

[Global flags]
     intx CICompilerCount                          = 4                                         {product} {ergonomic}
   size_t CompressedClassSpaceSize                 = 335544320                                 {product} {ergonomic}
     uint ConcGCThreads                            = 2                                         {product} {ergonomic}
     uint G1ConcRefinementThreads                  = 8                                         {product} {ergonomic}
   size_t G1HeapRegionSize                         = 1048576                                   {product} {ergonomic}
    uintx GCDrainStackTargetSize                   = 64                                        {product} {ergonomic}
     bool HeapDumpOnOutOfMemoryError               = true                                   {manageable} {command line}
   size_t InitialHeapSize                          = 268435456                                 {product} {command line}
   size_t MarkStackSize                            = 4194304                                   {product} {ergonomic}
   size_t MaxHeapSize                              = 536870912                                 {product} {command line}
   size_t MaxMetaspaceSize                         = 402653184                                 {product} {command line}
   size_t MaxNewSize                               = 321912832                                 {product} {ergonomic}
   size_t MinHeapDeltaBytes                        = 1048576                                   {product} {ergonomic}
   size_t MinHeapSize                              = 268435456                                 {product} {command line}
    uintx NonNMethodCodeHeapSize                   = 5839372                                {pd product} {ergonomic}
    uintx NonProfiledCodeHeapSize                  = 122909434                              {pd product} {ergonomic}
     bool PerfDisableSharedMem                     = true                                      {product} {ergonomic}
    uintx ProfiledCodeHeapSize                     = 122909434                              {pd product} {ergonomic}
    uintx ReservedCodeCacheSize                    = 251658240                              {pd product} {ergonomic}
     bool SegmentedCodeCache                       = true                                      {product} {ergonomic}
   size_t SoftMaxHeapSize                          = 536870912                              {manageable} {ergonomic}
     bool UseCompressedOops                        = true                           {product lp64_product} {ergonomic}
     bool UseG1GC                                  = true                                      {product} {ergonomic}
     bool UseLargePagesIndividualAllocation        = false                                  {pd product} {ergonomic}

Logging:
Log output configuration:
 #0: stdout all=warning uptime,level,tags foldmultilines=false
 #1: stderr all=off uptime,level,tags foldmultilines=false

Release file:
JAVA_VERSION="21.0.12.1" 
MODULES="java.base java.compiler java.datatransfer java.xml java.prefs java.desktop java.instrument java.logging java.management java.security.sasl java.naming java.rmi java.management.rmi java.net.http java.scripting java.security.jgss java.transaction.xa java.sql java.sql.rowset java.xml.crypto java.se java.smartcardio jdk.accessibility jdk.internal.jvmstat jdk.attach jdk.charsets jdk.internal.opt jdk.zipfs jdk.compiler jdk.crypto.ec jdk.crypto.cryptoki jdk.crypto.mscapi jdk.dynalink jdk.internal.ed jdk.editpad jdk.hotspot.agent jdk.httpserver jdk.internal.le jdk.internal.vm.ci jdk.internal.vm.compiler jdk.internal.vm.compiler.management jdk.jartool jdk.javadoc jdk.jcmd jdk.management jdk.management.agent jdk.jconsole jdk.jdeps jdk.jdwp.agent jdk.jdi jdk.jfr jdk.jshell jdk.jsobject jdk.jstatd jdk.localedata jdk.management.jfr jdk.naming.dns jdk.naming.rmi jdk.net jdk.nio.mapmode jdk.random jdk.sctp jdk.security.auth jdk.security.jgss jdk.unsupported jdk.unsupported.desktop jdk.xml.dom" 

Environment Variables:
PATH=C:\Program Files\Common Files\Oracle\Java\javapath;C:\Program Files (x86)\Common Files\Oracle\Java\java8path;C:\Program Files (x86)\Common Files\Oracle\Java\javapath;C:\WINDOWS\system32;C:\WINDOWS;C:\WINDOWS\System32\Wbem;C:\WINDOWS\System32\WindowsPowerShell\v1.0\;C:\WINDOWS\System32\OpenSSH\;C:\Program Files\Git\cmd;C:\Users\ericj\AppData\Local\Microsoft\WindowsApps;C:\Users\ericj\AppData\Local\Programs\Microsoft VS Code\bin
USERNAME=ericj
OS=Windows_NT
PROCESSOR_IDENTIFIER=Intel64 Family 6 Model 142 Stepping 10, GenuineIntel
TMP=C:\Users\ericj\AppData\Local\Temp
TEMP=C:\Users\ericj\AppData\Local\Temp




Periodic native trim disabled

---------------  S Y S T E M  ---------------

OS:
 Windows 11 , 64 bit Build 22621 (10.0.22621.5415)
OS uptime: 29 days 20:11 hours

CPU: total 8 (initial active 8) (4 cores per cpu, 2 threads per core) family 6 model 142 stepping 10 microcode 0xe0, cx8, cmov, fxsr, ht, mmx, 3dnowpref, sse, sse2, sse3, ssse3, sse4.1, sse4.2, popcnt, lzcnt, tsc, tscinvbit, avx, avx2, aes, erms, clmul, bmi1, bmi2, adx, fma, vzeroupper, clflush, clflushopt, rdtscp, f16c
Processor Information for the first 8 processors :
  Max Mhz: 1800, Current Mhz: 1600, Mhz Limit: 1584

Memory: 4k page, system-wide physical 8059M (174M free)
TotalPageFile size 32635M (AvailPageFile size 0M)
current process WorkingSet (physical memory assigned to process): 49M, peak: 145M
current process commit charge ("private bytes"): 394M, peak: 420M

vm_info: OpenJDK 64-Bit Server VM (21.0.12.1+1-LTS) for windows-amd64 JRE (21.0.12.1+1-LTS), built on 2026-08-18T00:00:00Z by "admin" with MS VC++ 17.12 (VS2022)

END.
